Archive member included to satisfy reference by file (symbol)

/home/leo/.config/Code/User/globalStorage/bmd.stm32-for-vscode/@xpack-dev-tools/arm-none-eabi-gcc/14.2.1-1.1.1/.content/bin/../lib/gcc/arm-none-eabi/14.2.1/../../../../arm-none-eabi/lib/thumb/v7e-m+dp/hard/libc_nano.a(libc_a-atexit.o)
                              /home/leo/.config/Code/User/globalStorage/bmd.stm32-for-vscode/@xpack-dev-tools/arm-none-eabi-gcc/14.2.1-1.1.1/.content/bin/../lib/gcc/arm-none-eabi/14.2.1/../../../../arm-none-eabi/lib/thumb/v7e-m+dp/hard/crt0.o (atexit)
/home/leo/.config/Code/User/globalStorage/bmd.stm32-for-vscode/@xpack-dev-tools/arm-none-eabi-gcc/14.2.1-1.1.1/.content/bin/../lib/gcc/arm-none-eabi/14.2.1/../../../../arm-none-eabi/lib/thumb/v7e-m+dp/hard/libc_nano.a(libc_a-exit.o)
                              /home/leo/.config/Code/User/globalStorage/bmd.stm32-for-vscode/@xpack-dev-tools/arm-none-eabi-gcc/14.2.1-1.1.1/.content/bin/../lib/gcc/arm-none-eabi/14.2.1/../../../../arm-none-eabi/lib/thumb/v7e-m+dp/hard/crt0.o (exit)
/home/leo/.config/Code/User/globalStorage/bmd.stm32-for-vscode/@xpack-dev-tools/arm-none-eabi-gcc/14.2.1-1.1.1/.content/bin/../lib/gcc/arm-none-eabi/14.2.1/../../../../arm-none-eabi/lib/thumb/v7e-m+dp/hard/libc_nano.a(libc_a-findfp.o)
                              /home/leo/.config/Code/User/globalStorage/bmd.stm32-for-vscode/@xpack-dev-tools/arm-none-eabi-gcc/14.2.1-1.1.1/.content/bin/../lib/gcc/arm-none-eabi/14.2.1/../../../../arm-none-eabi/lib/thumb/v7e-m+dp/hard/libc_nano.a(libc_a-exit.o) (__stdio_exit_handler)
/home/leo/.config/Code/User/globalStorage/bmd.stm32-for-vscode/@xpack-dev-tools/arm-none-eabi-gcc/14.2.1-1.1.1/.content/bin/../lib/gcc/arm-none-eabi/14.2.1/../../../../arm-none-eabi/lib/thumb/v7e-m+dp/hard/libc_nano.a(libc_a-fwalk.o)
                              /home/leo/.config/Code/User/globalStorage/bmd.stm32-for-vscode/@xpack-dev-tools/arm-none-eabi-gcc/14.2.1-1.1.1/.content/bin/../lib/gcc/arm-none-eabi/14.2.1/../../../../arm-none-eabi/lib/thumb/v7e-m+dp/hard/libc_nano.a(libc_a-findfp.o) (_fwalk_sglue)
/home/leo/.config/Code/User/globalStorage/bmd.stm32-for-vscode/@xpack-dev-tools/arm-none-eabi-gcc/14.2.1-1.1.1/.content/bin/../lib/gcc/arm-none-eabi/14.2.1/../../../../arm-none-eabi/lib/thumb/v7e-m+dp/hard/libc_nano.a(libc_a-stdio.o)
                              /home/leo/.config/Code/User/globalStorage/bmd.stm32-for-vscode/@xpack-dev-tools/arm-none-eabi-gcc/14.2.1-1.1.1/.content/bin/../lib/gcc/arm-none-eabi/14.2.1/../../../../arm-none-eabi/lib/thumb/v7e-m+dp/hard/libc_nano.a(libc_a-findfp.o) (__sread)
/home/leo/.config/Code/User/globalStorage/bmd.stm32-for-vscode/@xpack-dev-tools/arm-none-eabi-gcc/14.2.1-1.1.1/.content/bin/../lib/gcc/arm-none-eabi/14.2.1/../../../../arm-none-eabi/lib/thumb/v7e-m+dp/hard/libc_nano.a(libc_a-memset.o)
                              /home/leo/.config/Code/User/globalStorage/bmd.stm32-for-vscode/@xpack-dev-tools/arm-none-eabi-gcc/14.2.1-1.1.1/.content/bin/../lib/gcc/arm-none-eabi/14.2.1/../../../../arm-none-eabi/lib/thumb/v7e-m+dp/hard/crt0.o (memset)
/home/leo/.config/Code/User/globalStorage/bmd.stm32-for-vscode/@xpack-dev-tools/arm-none-eabi-gcc/14.2.1-1.1.1/.content/bin/../lib/gcc/arm-none-eabi/14.2.1/../../../../arm-none-eabi/lib/thumb/v7e-m+dp/hard/libc_nano.a(libc_a-closer.o)
                              /home/leo/.config/Code/User/globalStorage/bmd.stm32-for-vscode/@xpack-dev-tools/arm-none-eabi-gcc/14.2.1-1.1.1/.content/bin/../lib/gcc/arm-none-eabi/14.2.1/../../../../arm-none-eabi/lib/thumb/v7e-m+dp/hard/libc_nano.a(libc_a-stdio.o) (_close_r)
/home/leo/.config/Code/User/globalStorage/bmd.stm32-for-vscode/@xpack-dev-tools/arm-none-eabi-gcc/14.2.1-1.1.1/.content/bin/../lib/gcc/arm-none-eabi/14.2.1/../../../../arm-none-eabi/lib/thumb/v7e-m+dp/hard/libc_nano.a(libc_a-reent.o)
                              /home/leo/.config/Code/User/globalStorage/bmd.stm32-for-vscode/@xpack-dev-tools/arm-none-eabi-gcc/14.2.1-1.1.1/.content/bin/../lib/gcc/arm-none-eabi/14.2.1/../../../../arm-none-eabi/lib/thumb/v7e-m+dp/hard/libc_nano.a(libc_a-closer.o) (errno)
/home/leo/.config/Code/User/globalStorage/bmd.stm32-for-vscode/@xpack-dev-tools/arm-none-eabi-gcc/14.2.1-1.1.1/.content/bin/../lib/gcc/arm-none-eabi/14.2.1/../../../../arm-none-eabi/lib/thumb/v7e-m+dp/hard/libc_nano.a(libc_a-impure.o)
                              /home/leo/.config/Code/User/globalStorage/bmd.stm32-for-vscode/@xpack-dev-tools/arm-none-eabi-gcc/14.2.1-1.1.1/.content/bin/../lib/gcc/arm-none-eabi/14.2.1/../../../../arm-none-eabi/lib/thumb/v7e-m+dp/hard/libc_nano.a(libc_a-reent.o) (_impure_ptr)
/home/leo/.config/Code/User/globalStorage/bmd.stm32-for-vscode/@xpack-dev-tools/arm-none-eabi-gcc/14.2.1-1.1.1/.content/bin/../lib/gcc/arm-none-eabi/14.2.1/../../../../arm-none-eabi/lib/thumb/v7e-m+dp/hard/libc_nano.a(libc_a-lseekr.o)
[...]
Memory Configuration

Name             Origin             Length             Attributes
DTCMRAM          0x20000000         0x00020000         xrw
RAM_D1           0x24000000         0x00050000         xrw
RAM_D2           0x30000000         0x00008000         xrw
RAM_D3           0x38000000         0x00004000         xrw
ITCMRAM          0x00000000         0x00010000         xrw
FLASH            0x08000000         0x00100000         xr
*default*        0x00000000         0xffffffff

Linker script and memory map

LOAD /home/leo/.config/Code/User/globalStorage/bmd.stm32-for-vscode/@xpack-dev-tools/arm-none-eabi-gcc/14.2.1-1.1.1/.content/bin/../lib/gcc/arm-none-eabi/14.2.1/thumb/v7e-m+dp/hard/crti.o
LOAD /home/leo/.config/Code/User/globalStorage/bmd.stm32-for-vscode/@xpack-dev-tools/arm-none-eabi-gcc/14.2.1-1.1.1/.content/bin/../lib/gcc/arm-none-eabi/14.2.1/thumb/v7e-m+dp/hard/crtbegin.o
LOAD /home/leo/.config/Code/User/globalStorage/bmd.stm32-for-vscode/@xpack-dev-tools/arm-none-eabi-gcc/14.2.1-1.1.1/.content/bin/../lib/gcc/arm-none-eabi/14.2.1/../../../../arm-none-eabi/lib/thumb/v7e-m+dp/hard/crt0.o
LOAD build/debug/main.o
LOAD build/debug/stm32h7xx_hal.o
LOAD build/debug/stm32h7xx_hal_cortex.o
LOAD build/debug/stm32h7xx_hal_dma.o
LOAD build/debug/stm32h7xx_hal_dma_ex.o
LOAD build/debug/stm32h7xx_hal_exti.o
LOAD build/debug/stm32h7xx_hal_flash.o
LOAD build/debug/stm32h7xx_hal_flash_ex.o
LOAD build/debug/stm32h7xx_hal_gpio.o
LOAD build/debug/stm32h7xx_hal_hsem.o
LOAD build/debug/stm32h7xx_hal_i2c.o
LOAD build/debug/stm32h7xx_hal_i2c_ex.o
LOAD build/debug/stm32h7xx_hal_mdma.o
LOAD build/debug/stm32h7xx_hal_msp.o
LOAD build/debug/stm32h7xx_hal_pwr.o
LOAD build/debug/stm32h7xx_hal_pwr_ex.o
LOAD build/debug/stm32h7xx_hal_rcc.o
LOAD build/debug/stm32h7xx_hal_rcc_ex.o
LOAD build/debug/stm32h7xx_hal_tim.o
LOAD build/debug/stm32h7xx_hal_tim_ex.o
LOAD build/debug/stm32h7xx_hal_uart.o
LOAD build/debug/stm32h7xx_hal_uart_ex.o
LOAD build/debug/stm32h7xx_hal_usart.o
LOAD build/debug/stm32h7xx_hal_usart_ex.o
LOAD build/debug/stm32h7xx_it.o
LOAD build/debug/stm32h7xx_nucleo.o
LOAD build/debug/syscalls.o
LOAD build/debug/sysmem.o
LOAD build/debug/system_stm32h7xx.o
LOAD build/debug/startup_stm32h723xx.o
LOAD /home/leo/.config/Code/User/globalStorage/bmd.stm32-for-vscode/@xpack-dev-tools/arm-none-eabi-gcc/14.2.1-1.1.1/.content/bin/../lib/gcc/arm-none-eabi/14.2.1/../../../../arm-none-eabi/lib/thumb/v7e-m+dp/hard/libc_nano.a
LOAD /home/leo/.config/Code/User/globalStorage/bmd.stm32-for-vscode/@xpack-dev-tools/arm-none-eabi-gcc/14.2.1-1.1.1/.content/bin/../lib/gcc/arm-none-eabi/14.2.1/../../../../arm-none-eabi/lib/thumb/v7e-m+dp/hard/libm.a
LOAD /home/leo/.config/Code/User/globalStorage/bmd.stm32-for-vscode/@xpack-dev-tools/arm-none-eabi-gcc/14.2.1-1.1.1/.content/bin/../lib/gcc/arm-none-eabi/14.2.1/../../../../arm-none-eabi/lib/thumb/v7e-m+dp/hard/libnosys.a
START GROUP
LOAD /home/leo/.config/Code/User/globalStorage/bmd.stm32-for-vscode/@xpack-dev-tools/arm-none-eabi-gcc/14.2.1-1.1.1/.content/bin/../lib/gcc/arm-none-eabi/14.2.1/thumb/v7e-m+dp/hard/libgcc.a
LOAD /home/leo/.config/Code/User/globalStorage/bmd.stm32-for-vscode/@xpack-dev-tools/arm-none-eabi-gcc/14.2.1-1.1.1/.content/bin/../lib/gcc/arm-none-eabi/14.2.1/../../../../arm-none-eabi/lib/thumb/v7e-m+dp/hard/libc_nano.a
END GROUP
START GROUP
LOAD /home/leo/.config/Code/User/globalStorage/bmd.stm32-for-vscode/@xpack-dev-tools/arm-none-eabi-gcc/14.2.1-1.1.1/.content/bin/../lib/gcc/arm-none-eabi/14.2.1/thumb/v7e-m+dp/hard/libgcc.a
LOAD /home/leo/.config/Code/User/globalStorage/bmd.stm32-for-vscode/@xpack-dev-tools/arm-none-eabi-gcc/14.2.1-1.1.1/.content/bin/../lib/gcc/arm-none-eabi/14.2.1/../../../../arm-none-eabi/lib/thumb/v7e-m+dp/hard/libc_nano.a
END GROUP
LOAD /home/leo/.config/Code/User/globalStorage/bmd.stm32-for-vscode/@xpack-dev-tools/arm-none-eabi-gcc/14.2.1-1.1.1/.content/bin/../lib/gcc/arm-none-eabi/14.2.1/thumb/v7e-m+dp/hard/crtend.o
LOAD /home/leo/.config/Code/User/globalStorage/bmd.stm32-for-vscode/@xpack-dev-tools/arm-none-eabi-gcc/14.2.1-1.1.1/.content/bin/../lib/gcc/arm-none-eabi/14.2.1/thumb/v7e-m+dp/hard/crtn.o
                0x20020000                        _estack = (ORIGIN (DTCMRAM) + LENGTH (DTCMRAM))
                0x00000200                        _Min_Heap_Size = 0x200
                0x00000400                        _Min_Stack_Size = 0x400

.isr_vector     0x08000000      0x2cc
                0x08000000                        . = ALIGN (0x4)
 *(.isr_vector)
 .isr_vector    0x08000000      0x2cc build/debug/startup_stm32h723xx.o
                0x08000000                g_pfnVectors
                0x080002cc                        . = ALIGN (0x4)

.text           0x080002cc     0x2720
                0x080002cc                        . = ALIGN (0x4)
 *(.text)
 .text          0x080002cc       0x30 /home/leo/.config/Code/User/globalStorage/bmd.stm32-for-vscode/@xpack-dev-tools/arm-none-eabi-gcc/14.2.1-1.1.1/.content/bin/../lib/gcc/arm-none-eabi/14.2.1/thumb/v7e-m+dp/hard/libgcc.a(_aeabi_uldivmod.o)
                0x080002cc                __aeabi_uldivmod
 .text          0x080002fc        0x4 /home/leo/.config/Code/User/globalStorage/bmd.stm32-for-vscode/@xpack-dev-tools/arm-none-eabi-gcc/14.2.1-1.1.1/.content/bin/../lib/gcc/arm-none-eabi/14.2.1/thumb/v7e-m+dp/hard/libgcc.a(_dvmd_tls.o)
                0x080002fc                __aeabi_ldiv0
                0x080002fc                __aeabi_idiv0
 *(.text*)
 .text.__do_global_dtors_aux
                0x08000300       0x24 /home/leo/.config/Code/User/globalStorage/bmd.stm32-for-vscode/@xpack-dev-tools/arm-none-eabi-gcc/14.2.1-1.1.1/.content/bin/../lib/gcc/arm-none-eabi/14.2.1/thumb/v7e-m+dp/hard/crtbegin.o
 .text.frame_dummy
                0x08000324       0x1c /home/leo/.config/Code/User/globalStorage/bmd.stm32-for-vscode/@xpack-dev-tools/arm-none-eabi-gcc/14.2.1-1.1.1/.content/bin/../lib/gcc/arm-none-eabi/14.2.1/thumb/v7e-m+dp/hard/crtbegin.o
 .text.MX_GPIO_Init
                0x08000340       0x3c build/debug/main.o
 .text.MPU_Config
                0x0800037c       0x52 build/debug/main.o
 .text.Error_Handler
                0x080003ce        0x4 build/debug/main.o
                0x080003ce                Error_Handler
 *fill*         0x080003d2        0x2 
 .text.SystemClock_Config
                0x080003d4       0xac build/debug/main.o
                0x080003d4                SystemClock_Config
 .text.main     0x08000480       0x50 build/debug/main.o
                0x08000480                main
 .text.HAL_InitTick
                0x080004d0       0x50 build/debug/stm32h7xx_hal.o
                0x080004d0                HAL_InitTick
 .text.HAL_Init
                0x08000520       0x5c build/debug/stm32h7xx_hal.o
                0x08000520                HAL_Init
 .text.HAL_IncTick
                0x0800057c       0x18 build/debug/stm32h7xx_hal.o
                0x0800057c                HAL_IncTick
 .text.HAL_GetTick
                0x08000594        0xc build/debug/stm32h7xx_hal.o
                0x08000594                HAL_GetTick
 .text.__NVIC_EnableIRQ
                0x080005a0       0x1c build/debug/stm32h7xx_hal_cortex.o
 .text.__NVIC_SetPriority
                0x080005bc       0x24 build/debug/stm32h7xx_hal_cortex.o
 .text.NVIC_EncodePriority
                0x080005e0       0x3e build/debug/stm32h7xx_hal_cortex.o
 *fill*         0x0800061e        0x2 
 .text.HAL_NVIC_SetPriorityGrouping
                0x08000620       0x24 build/debug/stm32h7xx_hal_cortex.o
                0x08000620                HAL_NVIC_SetPriorityGrouping
 .text.HAL_NVIC_SetPriority
                0x08000644       0x20 build/debug/stm32h7xx_hal_cortex.o
                0x08000644                HAL_NVIC_SetPriority
 .text.HAL_NVIC_EnableIRQ
                0x08000664        0x8 build/debug/stm32h7xx_hal_cortex.o
                0x08000664                HAL_NVIC_EnableIRQ
 .text.HAL_SYSTICK_Config
                0x0800066c       0x28 build/debug/stm32h7xx_hal_cortex.o
                0x0800066c                HAL_SYSTICK_Config
 .text.HAL_MPU_Disable
                0x08000694       0x1c build/debug/stm32h7xx_hal_cortex.o
                0x08000694                HAL_MPU_Disable
 .text.HAL_MPU_Enable
                0x080006b0       0x20 build/debug/stm32h7xx_hal_cortex.o
                0x080006b0                HAL_MPU_Enable
 .text.HAL_MPU_ConfigRegion
                0x080006d0       0x58 build/debug/stm32h7xx_hal_cortex.o
                0x080006d0                HAL_MPU_ConfigRegion
 .text.HAL_EXTI_RegisterCallback
                0x08000728       0x12 build/debug/stm32h7xx_hal_exti.o
                0x08000728                HAL_EXTI_RegisterCallback
 .text.HAL_EXTI_GetHandle
                0x0800073a        0xc build/debug/stm32h7xx_hal_exti.o
                0x0800073a                HAL_EXTI_GetHandle
 *fill*         0x08000746        0x2 
 .text.HAL_EXTI_IRQHandler
                0x08000748       0x28 build/debug/stm32h7xx_hal_exti.o
                0x08000748                HAL_EXTI_IRQHandler
 .text.HAL_GPIO_Init
                0x08000770      0x214 build/debug/stm32h7xx_hal_gpio.o
                0x08000770                HAL_GPIO_Init
 .text.HAL_GPIO_WritePin
                0x08000984        0xc build/debug/stm32h7xx_hal_gpio.o
                0x08000984                HAL_GPIO_WritePin
 .text.HAL_MspInit
                0x08000990       0x24 build/debug/stm32h7xx_hal_msp.o
                0x08000990                HAL_MspInit
 .text.HAL_PWREx_ConfigSupply
                0x080009b4       0x54 build/debug/stm32h7xx_hal_pwr_ex.o
                0x080009b4                HAL_PWREx_ConfigSupply
 .text.HAL_RCC_OscConfig
                0x08000a08      0x5e4 build/debug/stm32h7xx_hal_rcc.o
                0x08000a08                HAL_RCC_OscConfig
 .text.HAL_RCC_GetSysClockFreq
                0x08000fec      0x1f8 build/debug/stm32h7xx_hal_rcc.o
                0x08000fec                HAL_RCC_GetSysClockFreq
 .text.HAL_RCC_ClockConfig
                0x080011e4      0x294 build/debug/stm32h7xx_hal_rcc.o
                0x080011e4                HAL_RCC_ClockConfig
 .text.HAL_RCC_GetHCLKFreq
                0x08001478       0x44 build/debug/stm32h7xx_hal_rcc.o
                0x08001478                HAL_RCC_GetHCLKFreq
 .text.HAL_RCC_GetPCLK1Freq
                0x080014bc       0x24 build/debug/stm32h7xx_hal_rcc.o
                0x080014bc                HAL_RCC_GetPCLK1Freq
 .text.HAL_RCC_GetPCLK2Freq
                0x080014e0       0x24 build/debug/stm32h7xx_hal_rcc.o
                0x080014e0                HAL_RCC_GetPCLK2Freq
 .text.HAL_RCCEx_GetD3PCLK1Freq
                0x08001504       0x24 build/debug/stm32h7xx_hal_rcc_ex.o
                0x08001504                HAL_RCCEx_GetD3PCLK1Freq
 .text.HAL_RCCEx_GetPLL2ClockFreq
                0x08001528      0x200 build/debug/stm32h7xx_hal_rcc_ex.o
                0x08001528                HAL_RCCEx_GetPLL2ClockFreq
 .text.HAL_RCCEx_GetPLL3ClockFreq
                0x08001728      0x200 build/debug/stm32h7xx_hal_rcc_ex.o
                0x08001728                HAL_RCCEx_GetPLL3ClockFreq
 .text.UART_EndRxTransfer
                0x08001928       0x58 build/debug/stm32h7xx_hal_uart.o
 .text.HAL_UART_MspInit
                0x08001980        0x2 build/debug/stm32h7xx_hal_uart.o
                0x08001980                HAL_UART_MspInit
 *fill*         0x08001982        0x2 
 .text.UART_SetConfig
                0x08001984      0x6bc build/debug/stm32h7xx_hal_uart.o
                0x08001984                UART_SetConfig
 .text.UART_AdvFeatureConfig
                0x08002040       0xca build/debug/stm32h7xx_hal_uart.o
                0x08002040                UART_AdvFeatureConfig
 .text.UART_WaitOnFlagUntilTimeout
                0x0800210a       0xa6 build/debug/stm32h7xx_hal_uart.o
                0x0800210a                UART_WaitOnFlagUntilTimeout
 .text.UART_CheckIdleState
                0x080021b0       0xca build/debug/stm32h7xx_hal_uart.o
                0x080021b0                UART_CheckIdleState
 .text.HAL_UART_Init
                0x0800227a       0x66 build/debug/stm32h7xx_hal_uart.o
                0x0800227a                HAL_UART_Init
 .text.NMI_Handler
                0x080022e0        0x2 build/debug/stm32h7xx_it.o
                0x080022e0                NMI_Handler
 .text.HardFault_Handler
                0x080022e2        0x2 build/debug/stm32h7xx_it.o
                0x080022e2                HardFault_Handler
 .text.MemManage_Handler
                0x080022e4        0x2 build/debug/stm32h7xx_it.o
                0x080022e4                MemManage_Handler
 .text.BusFault_Handler
                0x080022e6        0x2 build/debug/stm32h7xx_it.o
                0x080022e6                BusFault_Handler
 .text.UsageFault_Handler
                0x080022e8        0x2 build/debug/stm32h7xx_it.o
                0x080022e8                UsageFault_Handler
 .text.SVC_Handler
                0x080022ea        0x2 build/debug/stm32h7xx_it.o
                0x080022ea                SVC_Handler
 .text.DebugMon_Handler
                0x080022ec        0x2 build/debug/stm32h7xx_it.o
                0x080022ec                DebugMon_Handler
 .text.PendSV_Handler
                0x080022ee        0x2 build/debug/stm32h7xx_it.o
                0x080022ee                PendSV_Handler
 .text.SysTick_Handler
                0x080022f0        0x8 build/debug/stm32h7xx_it.o
                0x080022f0                SysTick_Handler
 .text.EXTI15_10_IRQHandler
                0x080022f8        0xa build/debug/stm32h7xx_it.o
                0x080022f8                EXTI15_10_IRQHandler
 *fill*         0x08002302        0x2 
 .text.COM1_MspInit
                0x08002304       0x8c build/debug/stm32h7xx_nucleo.o
 .text.BSP_LED_Init
                0x08002390       0xa4 build/debug/stm32h7xx_nucleo.o
                0x08002390                BSP_LED_Init
 .text.BSP_PB_Init
                0x08002434       0x8c build/debug/stm32h7xx_nucleo.o
                0x08002434                BSP_PB_Init
 .text.BSP_PB_IRQHandler
                0x080024c0       0x14 build/debug/stm32h7xx_nucleo.o
                0x080024c0                BSP_PB_IRQHandler
 .text.BSP_PB_Callback
                0x080024d4        0x2 build/debug/stm32h7xx_nucleo.o
                0x080024d4                BSP_PB_Callback
 .text.BUTTON_USER_EXTI_Callback
                0x080024d6        0xa build/debug/stm32h7xx_nucleo.o
 .text.MX_USART3_Init
                0x080024e0       0x30 build/debug/stm32h7xx_nucleo.o
                0x080024e0                MX_USART3_Init
 .text.BSP_COM_Init
                0x08002510       0x30 build/debug/stm32h7xx_nucleo.o
                0x08002510                BSP_COM_Init
 .text.SystemInit
                0x08002540       0xd0 build/debug/system_stm32h7xx.o
                0x08002540                SystemInit
 .text.ExitRun0Mode
                0x08002610       0x1c build/debug/system_stm32h7xx.o
                0x08002610                ExitRun0Mode
 .text.Reset_Handler
                0x0800262c       0x54 build/debug/startup_stm32h723xx.o
                0x0800262c                Reset_Handler
 .text.Default_Handler
                0x08002680        0x2 build/debug/startup_stm32h723xx.o
                0x08002680                RTC_Alarm_IRQHandler
                0x08002680                EXTI2_IRQHandler
                0x08002680                TIM8_CC_IRQHandler
                0x08002680                UART8_IRQHandler
                0x08002680                SPI4_IRQHandler
                0x08002680                FDCAN3_IT0_IRQHandler
                0x08002680                TIM1_CC_IRQHandler
                0x08002680                BDMA_Channel6_IRQHandler
                0x08002680                DMA2_Stream5_IRQHandler
                0x08002680                DMA1_Stream5_IRQHandler
                0x08002680                CORDIC_IRQHandler
                0x08002680                BDMA_Channel1_IRQHandler
                0x08002680                TAMP_STAMP_IRQHandler
                0x08002680                EXTI3_IRQHandler
                0x08002680                LPTIM4_IRQHandler
                0x08002680                TIM8_TRG_COM_TIM14_IRQHandler
                0x08002680                LPTIM2_IRQHandler
                0x08002680                DFSDM1_FLT1_IRQHandler
                0x08002680                DMAMUX2_OVR_IRQHandler
                0x08002680                TIM8_UP_TIM13_IRQHandler
                0x08002680                I2C3_ER_IRQHandler
                0x08002680                DFSDM1_FLT2_IRQHandler
                0x08002680                I2C5_EV_IRQHandler
                0x08002680                USART10_IRQHandler
                0x08002680                MDMA_IRQHandler
                0x08002680                LPTIM3_IRQHandler
                0x08002680                HSEM1_IRQHandler
                0x08002680                EXTI0_IRQHandler
                0x08002680                I2C2_EV_IRQHandler
                0x08002680                DMA1_Stream2_IRQHandler
                0x08002680                FPU_IRQHandler
                0x08002680                OTG_HS_WKUP_IRQHandler
                0x08002680                FDCAN1_IT1_IRQHandler
                0x08002680                LTDC_ER_IRQHandler
                0x08002680                DMA2_Stream2_IRQHandler
                0x08002680                SPI1_IRQHandler
                0x08002680                OCTOSPI1_IRQHandler
                0x08002680                TIM6_DAC_IRQHandler
                0x08002680                DMA2_Stream3_IRQHandler
                0x08002680                OCTOSPI2_IRQHandler
                0x08002680                DFSDM1_FLT3_IRQHandler
                0x08002680                TIM23_IRQHandler
                0x08002680                USART6_IRQHandler
                0x08002680                TIM17_IRQHandler
                0x08002680                USART3_IRQHandler
                0x08002680                BDMA_Channel7_IRQHandler
                0x08002680                LPTIM5_IRQHandler
                0x08002680                UART5_IRQHandler
                0x08002680                ADC3_IRQHandler
                0x08002680                DMA2_Stream0_IRQHandler
                0x08002680                TIM4_IRQHandler
                0x08002680                BDMA_Channel2_IRQHandler
                0x08002680                I2C1_EV_IRQHandler
                0x08002680                DMA1_Stream6_IRQHandler
                0x08002680                DMAMUX1_OVR_IRQHandler
                0x08002680                DMA1_Stream1_IRQHandler
                0x08002680                TIM16_IRQHandler
                0x08002680                UART4_IRQHandler
                0x08002680                BDMA_Channel5_IRQHandler
                0x08002680                TIM3_IRQHandler
                0x08002680                RCC_IRQHandler
                0x08002680                UART9_IRQHandler
                0x08002680                TIM8_BRK_TIM12_IRQHandler
                0x08002680                TIM1_TRG_COM_IRQHandler
                0x08002680                Default_Handler
                0x08002680                ECC_IRQHandler
                0x08002680                FMAC_IRQHandler
                0x08002680                CEC_IRQHandler
                0x08002680                BDMA_Channel0_IRQHandler
                0x08002680                ADC_IRQHandler
                0x08002680                I2C5_ER_IRQHandler
                0x08002680                DMA1_Stream7_IRQHandler
                0x08002680                SPI5_IRQHandler
                0x08002680                TIM7_IRQHandler
                0x08002680                FDCAN3_IT1_IRQHandler
                0x08002680                SDMMC1_IRQHandler
                0x08002680                TIM5_IRQHandler
                0x08002680                DMA2_Stream7_IRQHandler
                0x08002680                TIM15_IRQHandler
                0x08002680                PVD_AVD_IRQHandler
                0x08002680                I2C3_EV_IRQHandler
                0x08002680                EXTI9_5_IRQHandler
                0x08002680                RTC_WKUP_IRQHandler
                0x08002680                LTDC_IRQHandler
                0x08002680                ETH_WKUP_IRQHandler
                0x08002680                SPDIF_RX_IRQHandler
                0x08002680                SPI2_IRQHandler
                0x08002680                OTG_HS_EP1_IN_IRQHandler
                0x08002680                DMA1_Stream0_IRQHandler
                0x08002680                TIM24_IRQHandler
                0x08002680                CRS_IRQHandler
                0x08002680                EXTI4_IRQHandler
                0x08002680                RNG_IRQHandler
                0x08002680                FDCAN2_IT1_IRQHandler
                0x08002680                ETH_IRQHandler
                0x08002680                TIM1_UP_IRQHandler
                0x08002680                BDMA_Channel4_IRQHandler
                0x08002680                OTG_HS_EP1_OUT_IRQHandler
                0x08002680                WWDG_IRQHandler
                0x08002680                SPI6_IRQHandler
                0x08002680                MDIOS_IRQHandler
                0x08002680                I2C4_EV_IRQHandler
                0x08002680                FDCAN2_IT0_IRQHandler
                0x08002680                LPUART1_IRQHandler
                0x08002680                FDCAN1_IT0_IRQHandler
                0x08002680                TIM2_IRQHandler
                0x08002680                OTG_HS_IRQHandler
                0x08002680                DMA2D_IRQHandler
                0x08002680                TIM1_BRK_IRQHandler
                0x08002680                EXTI1_IRQHandler
                0x08002680                SDMMC2_IRQHandler
                0x08002680                BDMA_Channel3_IRQHandler
                0x08002680                DTS_IRQHandler
                0x08002680                UART7_IRQHandler
                0x08002680                MDIOS_WKUP_IRQHandler
                0x08002680                USART2_IRQHandler
                0x08002680                DFSDM1_FLT0_IRQHandler
                0x08002680                SAI4_IRQHandler
                0x08002680                I2C2_ER_IRQHandler
                0x08002680                DMA2_Stream1_IRQHandler
                0x08002680                FLASH_IRQHandler
                0x08002680                DMA2_Stream4_IRQHandler
                0x08002680                USART1_IRQHandler
                0x08002680                SPI3_IRQHandler
                0x08002680                WAKEUP_PIN_IRQHandler
                0x08002680                DMA1_Stream4_IRQHandler
                0x08002680                I2C1_ER_IRQHandler
                0x08002680                FMC_IRQHandler
                0x08002680                FDCAN_CAL_IRQHandler
                0x08002680                SWPMI1_IRQHandler
                0x08002680                COMP1_IRQHandler
                0x08002680                LPTIM1_IRQHandler
                0x08002680                DCMI_PSSI_IRQHandler
                0x08002680                I2C4_ER_IRQHandler
                0x08002680                DMA2_Stream6_IRQHandler
                0x08002680                SAI1_IRQHandler
                0x08002680                DMA1_Stream3_IRQHandler
 .text.memset   0x08002682       0x10 /home/leo/.config/Code/User/globalStorage/bmd.stm32-for-vscode/@xpack-dev-tools/arm-none-eabi-gcc/14.2.1-1.1.1/.content/bin/../lib/gcc/arm-none-eabi/14.2.1/../../../../arm-none-eabi/lib/thumb/v7e-m+dp/hard/libc_nano.a(libc_a-memset.o)
                0x08002682                memset
 *fill*         0x08002692        0x2 
 .text.__libc_init_array
                0x08002694       0x48 /home/leo/.config/Code/User/globalStorage/bmd.stm32-for-vscode/@xpack-dev-tools/arm-none-eabi-gcc/14.2.1-1.1.1/.content/bin/../lib/gcc/arm-none-eabi/14.2.1/../../../../arm-none-eabi/lib/thumb/v7e-m+dp/hard/libc_nano.a(libc_a-init.o)
                0x08002694                __libc_init_array
 .text.__udivmoddi4
                0x080026dc      0x2f8 /home/leo/.config/Code/User/globalStorage/bmd.stm32-for-vscode/@xpack-dev-tools/arm-none-eabi-gcc/14.2.1-1.1.1/.content/bin/../lib/gcc/arm-none-eabi/14.2.1/thumb/v7e-m+dp/hard/libgcc.a(_udivmoddi4.o)
                0x080026dc                __udivmoddi4
 *(.glue_7)
 .glue_7        0x080029d4        0x0 linker stubs
 *(.glue_7t)
 .glue_7t       0x080029d4        0x0 linker stubs
 *(.eh_frame)
 .eh_frame      0x080029d4        0x0 /home/leo/.config/Code/User/globalStorage/bmd.stm32-for-vscode/@xpack-dev-tools/arm-none-eabi-gcc/14.2.1-1.1.1/.content/bin/../lib/gcc/arm-none-eabi/14.2.1/thumb/v7e-m+dp/hard/crtbegin.o
 *(.init)
 .init          0x080029d4        0x4 /home/leo/.config/Code/User/globalStorage/bmd.stm32-for-vscode/@xpack-dev-tools/arm-none-eabi-gcc/14.2.1-1.1.1/.content/bin/../lib/gcc/arm-none-eabi/14.2.1/thumb/v7e-m+dp/hard/crti.o
                0x080029d4                _init
 .init          0x080029d8        0x8 /home/leo/.config/Code/User/globalStorage/bmd.stm32-for-vscode/@xpack-dev-tools/arm-none-eabi-gcc/14.2.1-1.1.1/.content/bin/../lib/gcc/arm-none-eabi/14.2.1/thumb/v7e-m+dp/hard/crtn.o
 *(.fini)
 .fini          0x080029e0        0x4 /home/leo/.config/Code/User/globalStorage/bmd.stm32-for-vscode/@xpack-dev-tools/arm-none-eabi-gcc/14.2.1-1.1.1/.content/bin/../lib/gcc/arm-none-eabi/14.2.1/thumb/v7e-m+dp/hard/crti.o
                0x080029e0                _fini
 .fini          0x080029e4        0x8 /home/leo/.config/Code/User/globalStorage/bmd.stm32-for-vscode/@xpack-dev-tools/arm-none-eabi-gcc/14.2.1-1.1.1/.content/bin/../lib/gcc/arm-none-eabi/14.2.1/thumb/v7e-m+dp/hard/crtn.o
                0x080029ec                        . = ALIGN (0x4)
                0x080029ec                        _etext = .

.vfp11_veneer   0x080029ec        0x0
 .vfp11_veneer  0x080029ec        0x0 linker stubs

.v4_bx          0x080029ec        0x0
 .v4_bx         0x080029ec        0x0 linker stubs

.iplt           0x080029ec        0x0
 .iplt          0x080029ec        0x0 /home/leo/.config/Code/User/globalStorage/bmd.stm32-for-vscode/@xpack-dev-tools/arm-none-eabi-gcc/14.2.1-1.1.1/.content/bin/../lib/gcc/arm-none-eabi/14.2.1/thumb/v7e-m+dp/hard/crtbegin.o

.rodata         0x080029ec       0x3c
                0x080029ec                        . = ALIGN (0x4)
 *(.rodata)
 *(.rodata*)
 .rodata.UARTPrescTable
                0x080029ec       0x18 build/debug/stm32h7xx_hal_uart.o
                0x080029ec                UARTPrescTable
 .rodata.LED_PIN
                0x08002a04        0x6 build/debug/stm32h7xx_nucleo.o
 *fill*         0x08002a0a        0x2 
 .rodata.LED_PORT
                0x08002a0c        0xc build/debug/stm32h7xx_nucleo.o
 .rodata.D1CorePrescTable
                0x08002a18       0x10 build/debug/system_stm32h7xx.o
                0x08002a18                D1CorePrescTable
                0x08002a28                        . = ALIGN (0x4)

.ARM.extab      0x08002a28        0x0
                0x08002a28                        . = ALIGN (0x4)
 *(.ARM.extab* .gnu.linkonce.armextab.*)
                0x08002a28                        . = ALIGN (0x4)

.ARM            0x08002a28        0x8
                0x08002a28                        . = ALIGN (0x4)
                0x08002a28                        __exidx_start = .
 *(.ARM.exidx*)
 .ARM.exidx.text.__udivmoddi4
                0x08002a28        0x8 /home/leo/.config/Code/User/globalStorage/bmd.stm32-for-vscode/@xpack-dev-tools/arm-none-eabi-gcc/14.2.1-1.1.1/.content/bin/../lib/gcc/arm-none-eabi/14.2.1/thumb/v7e-m+dp/hard/libgcc.a(_udivmoddi4.o)
                0x08002a30                        __exidx_end = .
                0x08002a30                        . = ALIGN (0x4)

.preinit_array  0x08002a30        0x0
                0x08002a30                        . = ALIGN (0x4)
                0x08002a30                        PROVIDE (__preinit_array_start = .)
 *(.preinit_array*)
                0x08002a30                        PROVIDE (__preinit_array_end = .)
                0x08002a30                        . = ALIGN (0x4)

.init_array     0x08002a30        0x4
                0x08002a30                        . = ALIGN (0x4)
                0x08002a30                        PROVIDE (__init_array_start = .)
 *(SORT_BY_NAME(.init_array.*))
 *(.init_array*)
 .init_array    0x08002a30        0x4 /home/leo/.config/Code/User/globalStorage/bmd.stm32-for-vscode/@xpack-dev-tools/arm-none-eabi-gcc/14.2.1-1.1.1/.content/bin/../lib/gcc/arm-none-eabi/14.2.1/thumb/v7e-m+dp/hard/crtbegin.o
                0x08002a34                        PROVIDE (__init_array_end = .)
                0x08002a34                        . = ALIGN (0x4)

.fini_array     0x08002a34        0x4
                0x08002a34                        . = ALIGN (0x4)
                0x08002a34                        PROVIDE (__fini_array_start = .)
 *(SORT_BY_NAME(.fini_array.*))
 *(.fini_array*)
 .fini_array    0x08002a34        0x4 /home/leo/.config/Code/User/globalStorage/bmd.stm32-for-vscode/@xpack-dev-tools/arm-none-eabi-gcc/14.2.1-1.1.1/.content/bin/../lib/gcc/arm-none-eabi/14.2.1/thumb/v7e-m+dp/hard/crtbegin.o
                0x08002a38                        PROVIDE (__fini_array_end = .)
                0x08002a38                        . = ALIGN (0x4)
                0x08002a38                        _sidata = LOADADDR (.data)

.rel.dyn        0x08002a38        0x0
 .rel.iplt      0x08002a38        0x0 /home/leo/.config/Code/User/globalStorage/bmd.stm32-for-vscode/@xpack-dev-tools/arm-none-eabi-gcc/14.2.1-1.1.1/.content/bin/../lib/gcc/arm-none-eabi/14.2.1/thumb/v7e-m+dp/hard/crtbegin.o

.data           0x20000000       0x14 load address 0x08002a38
                0x20000000                        . = ALIGN (0x4)
                0x20000000                        _sdata = .
 *(.data)
 *(.data*)
 .data.uwTickFreq
                0x20000000        0x1 build/debug/stm32h7xx_hal.o
                0x20000000                uwTickFreq
 *fill*         0x20000001        0x3 
 .data.uwTickPrio
                0x20000004        0x4 build/debug/stm32h7xx_hal.o
                0x20000004                uwTickPrio
 .data.COM_USART
                0x20000008        0x4 build/debug/stm32h7xx_nucleo.o
                0x20000008                COM_USART
 .data.SystemD2Clock
                0x2000000c        0x4 build/debug/system_stm32h7xx.o
                0x2000000c                SystemD2Clock
 .data.SystemCoreClock
                0x20000010        0x4 build/debug/system_stm32h7xx.o
                0x20000010                SystemCoreClock
 *(.RamFunc)
 *(.RamFunc*)
                0x20000014                        . = ALIGN (0x4)
                0x20000014                        _edata = .

.igot.plt       0x20000014        0x0 load address 0x08002a4c
 .igot.plt      0x20000014        0x0 /home/leo/.config/Code/User/globalStorage/bmd.stm32-for-vscode/@xpack-dev-tools/arm-none-eabi-gcc/14.2.1-1.1.1/.content/bin/../lib/gcc/arm-none-eabi/14.2.1/thumb/v7e-m+dp/hard/crtbegin.o
                0x20000014                        . = ALIGN (0x4)

.bss            0x20000014       0xcc load address 0x08002a4c
                0x20000014                        _sbss = .
                0x20000014                        __bss_start__ = _sbss
 *(.bss)
 *(.bss*)
 .bss.completed.1
                0x20000014        0x1 /home/leo/.config/Code/User/globalStorage/bmd.stm32-for-vscode/@xpack-dev-tools/arm-none-eabi-gcc/14.2.1-1.1.1/.content/bin/../lib/gcc/arm-none-eabi/14.2.1/thumb/v7e-m+dp/hard/crtbegin.o
 *fill*         0x20000015        0x3 
 .bss.object.0  0x20000018       0x18 /home/leo/.config/Code/User/globalStorage/bmd.stm32-for-vscode/@xpack-dev-tools/arm-none-eabi-gcc/14.2.1-1.1.1/.content/bin/../lib/gcc/arm-none-eabi/14.2.1/thumb/v7e-m+dp/hard/crtbegin.o
 .bss.BspCOMInit
                0x20000030       0x10 build/debug/main.o
                0x20000030                BspCOMInit
 .bss.uwTick    0x20000040        0x4 build/debug/stm32h7xx_hal.o
                0x20000040                uwTick
 .bss.hcom_uart
                0x20000044       0x94 build/debug/stm32h7xx_nucleo.o
                0x20000044                hcom_uart
 .bss.hpb_exti  0x200000d8        0x8 build/debug/stm32h7xx_nucleo.o
                0x200000d8                hpb_exti
 *(COMMON)
                0x200000e0                        . = ALIGN (0x4)
                0x200000e0                        _ebss = .
                0x200000e0                        __bss_end__ = _ebss

._user_heap_stack
                0x200000e0      0x600 load address 0x08002a4c
                0x200000e0                        . = ALIGN (0x8)
                [!provide]                        PROVIDE (end = .)
                0x200000e0                        PROVIDE (_end = .)
                0x200002e0                        . = (. + _Min_Heap_Size)
 *fill*         0x200000e0      0x200 
                0x200006e0                        . = (. + _Min_Stack_Size)
 *fill*         0x200002e0      0x400 
                0x200006e0                        . = ALIGN (0x8)

/DISCARD/
 libc.a(*)
 libm.a(*)
 libgcc.a(*)
OUTPUT(build/debug/lab-1.elf elf32-littlearm)
LOAD linker stubs
LOAD /home/leo/.config/Code/User/globalStorage/bmd.stm32-for-vscode/@xpack-dev-tools/arm-none-eabi-gcc/14.2.1-1.1.1/.content/bin/../lib/gcc/arm-none-eabi/14.2.1/../../../../arm-none-eabi/lib/thumb/v7e-m+dp/hard/libc.a
LOAD /home/leo/.config/Code/User/globalStorage/bmd.stm32-for-vscode/@xpack-dev-tools/arm-none-eabi-gcc/14.2.1-1.1.1/.content/bin/../lib/gcc/arm-none-eabi/14.2.1/../../../../arm-none-eabi/lib/thumb/v7e-m+dp/hard/libm.a
LOAD /home/leo/.config/Code/User/globalStorage/bmd.stm32-for-vscode/@xpack-dev-tools/arm-none-eabi-gcc/14.2.1-1.1.1/.content/bin/../lib/gcc/arm-none-eabi/14.2.1/thumb/v7e-m+dp/hard/libgcc.a

.ARM.attributes
                0x00000000       0x2e
 .ARM.attributes
                0x00000000       0x20 /home/leo/.config/Code/User/globalStorage/bmd.stm32-for-vscode/@xpack-dev-tools/arm-none-eabi-gcc/14.2.1-1.1.1/.content/bin/../lib/gcc/arm-none-eabi/14.2.1/thumb/v7e-m+dp/hard/crti.o
 .ARM.attributes
                0x00000020       0x32 /home/leo/.config/Code/User/globalStorage/bmd.stm32-for-vscode/@xpack-dev-tools/arm-none-eabi-gcc/14.2.1-1.1.1/.content/bin/../lib/gcc/arm-none-eabi/14.2.1/thumb/v7e-m+dp/hard/crtbegin.o
 .ARM.attributes
                0x00000052       0x32 build/debug/main.o
 .ARM.attributes
                0x00000084       0x32 build/debug/stm32h7xx_hal.o
 .ARM.attributes
                0x000000b6       0x32 build/debug/stm32h7xx_hal_cortex.o
 .ARM.attributes
                0x000000e8       0x32 build/debug/stm32h7xx_hal_exti.o
 .ARM.attributes
                0x0000011a       0x32 build/debug/stm32h7xx_hal_gpio.o
 .ARM.attributes
                0x0000014c       0x32 build/debug/stm32h7xx_hal_msp.o
 .ARM.attributes
                0x0000017e       0x32 build/debug/stm32h7xx_hal_pwr_ex.o
 .ARM.attributes
                0x000001b0       0x32 build/debug/stm32h7xx_hal_rcc.o
 .ARM.attributes
                0x000001e2       0x32 build/debug/stm32h7xx_hal_rcc_ex.o
 .ARM.attributes
                0x00000214       0x32 build/debug/stm32h7xx_hal_uart.o
 .ARM.attributes
                0x00000246       0x32 build/debug/stm32h7xx_it.o
 .ARM.attributes
                0x00000278       0x32 build/debug/stm32h7xx_nucleo.o
 .ARM.attributes
                0x000002aa       0x32 build/debug/system_stm32h7xx.o
 .ARM.attributes
                0x000002dc       0x21 build/debug/startup_stm32h723xx.o
 .ARM.attributes
                0x000002fd       0x32 /home/leo/.config/Code/User/globalStorage/bmd.stm32-for-vscode/@xpack-dev-tools/arm-none-eabi-gcc/14.2.1-1.1.1/.content/bin/../lib/gcc/arm-none-eabi/14.2.1/../../../../arm-none-eabi/lib/thumb/v7e-m+dp/hard/libc_nano.a(libc_a-memset.o)
 .ARM.attributes
                0x0000032f       0x32 /home/leo/.config/Code/User/globalStorage/bmd.stm32-for-vscode/@xpack-dev-tools/arm-none-eabi-gcc/14.2.1-1.1.1/.content/bin/../lib/gcc/arm-none-eabi/14.2.1/../../../../arm-none-eabi/lib/thumb/v7e-m+dp/hard/libc_nano.a(libc_a-init.o)
 .ARM.attributes
                0x00000361       0x20 /home/leo/.config/Code/User/globalStorage/bmd.stm32-for-vscode/@xpack-dev-tools/arm-none-eabi-gcc/14.2.1-1.1.1/.content/bin/../lib/gcc/arm-none-eabi/14.2.1/thumb/v7e-m+dp/hard/libgcc.a(_aeabi_uldivmod.o)
 .ARM.attributes
                0x00000381       0x32 /home/leo/.config/Code/User/globalStorage/bmd.stm32-for-vscode/@xpack-dev-tools/arm-none-eabi-gcc/14.2.1-1.1.1/.content/bin/../lib/gcc/arm-none-eabi/14.2.1/thumb/v7e-m+dp/hard/libgcc.a(_udivmoddi4.o)
 .ARM.attributes
                0x000003b3       0x20 /home/leo/.config/Code/User/globalStorage/bmd.stm32-for-vscode/@xpack-dev-tools/arm-none-eabi-gcc/14.2.1-1.1.1/.content/bin/../lib/gcc/arm-none-eabi/14.2.1/thumb/v7e-m+dp/hard/libgcc.a(_dvmd_tls.o)
 .ARM.attributes
                0x000003d3       0x20 /home/leo/.config/Code/User/globalStorage/bmd.stm32-for-vscode/@xpack-dev-tools/arm-none-eabi-gcc/14.2.1-1.1.1/.content/bin/../lib/gcc/arm-none-eabi/14.2.1/thumb/v7e-m+dp/hard/crtn.o

.comment        0x00000000       0x39
 .comment       0x00000000       0x39 /home/leo/.config/Code/User/globalStorage/bmd.stm32-for-vscode/@xpack-dev-tools/arm-none-eabi-gcc/14.2.1-1.1.1/.content/bin/../lib/gcc/arm-none-eabi/14.2.1/thumb/v7e-m+dp/hard/crtbegin.o
                                 0x3a (size before relaxing)
 .comment       0x00000039       0x3a build/debug/main.o
 .comment       0x00000039       0x3a build/debug/stm32h7xx_hal.o
 .comment       0x00000039       0x3a build/debug/stm32h7xx_hal_cortex.o
 .comment       0x00000039       0x3a build/debug/stm32h7xx_hal_exti.o
 .comment       0x00000039       0x3a build/debug/stm32h7xx_hal_gpio.o
 .comment       0x00000039       0x3a build/debug/stm32h7xx_hal_msp.o
 .comment       0x00000039       0x3a build/debug/stm32h7xx_hal_pwr_ex.o
 .comment       0x00000039       0x3a build/debug/stm32h7xx_hal_rcc.o
 .comment       0x00000039       0x3a build/debug/stm32h7xx_hal_rcc_ex.o
 .comment       0x00000039       0x3a build/debug/stm32h7xx_hal_uart.o
 .comment       0x00000039       0x3a build/debug/stm32h7xx_it.o
 .comment       0x00000039       0x3a build/debug/stm32h7xx_nucleo.o
 .comment       0x00000039       0x3a build/debug/system_stm32h7xx.o
 .comment       0x00000039       0x3a /home/leo/.config/Code/User/globalStorage/bmd.stm32-for-vscode/@xpack-dev-tools/arm-none-eabi-gcc/14.2.1-1.1.1/.content/bin/../lib/gcc/arm-none-eabi/14.2.1/../../../../arm-none-eabi/lib/thumb/v7e-m+dp/hard/libc_nano.a(libc_a-memset.o)
 .comment       0x00000039       0x3a /home/leo/.config/Code/User/globalStorage/bmd.stm32-for-vscode/@xpack-dev-tools/arm-none-eabi-gcc/14.2.1-1.1.1/.content/bin/../lib/gcc/arm-none-eabi/14.2.1/../../../../arm-none-eabi/lib/thumb/v7e-m+dp/hard/libc_nano.a(libc_a-init.o)
 .comment       0x00000039       0x3a /home/leo/.config/Code/User/globalStorage/bmd.stm32-for-vscode/@xpack-dev-tools/arm-none-eabi-gcc/14.2.1-1.1.1/.content/bin/../lib/gcc/arm-none-eabi/14.2.1/thumb/v7e-m+dp/hard/libgcc.a(_udivmoddi4.o)

.debug_info     0x00000000    0x11ce4
 .debug_info    0x00000000      0xcd4 build/debug/main.o
 .debug_info    0x00000cd4     0x1796 build/debug/stm32h7xx_hal.o
 .debug_info    0x0000246a     0x130e build/debug/stm32h7xx_hal_cortex.o
 .debug_info    0x00003778      0x9f9 build/debug/stm32h7xx_hal_exti.o
 .debug_info    0x00004171      0xca7 build/debug/stm32h7xx_hal_gpio.o
 .debug_info    0x00004e18      0x460 build/debug/stm32h7xx_hal_msp.o
 .debug_info    0x00005278      0xf2c build/debug/stm32h7xx_hal_pwr_ex.o
 .debug_info    0x000061a4     0x1046 build/debug/stm32h7xx_hal_rcc.o
 .debug_info    0x000071ea     0x1984 build/debug/stm32h7xx_hal_rcc_ex.o
 .debug_info    0x00008b6e     0x655d build/debug/stm32h7xx_hal_uart.o
 .debug_info    0x0000f0cb      0x18e build/debug/stm32h7xx_it.o
 .debug_info    0x0000f259     0x1e42 build/debug/stm32h7xx_nucleo.o
 .debug_info    0x0001109b      0xc19 build/debug/system_stm32h7xx.o
 .debug_info    0x00011cb4       0x30 build/debug/startup_stm32h723xx.o

.debug_abbrev   0x00000000     0x1f1d
 .debug_abbrev  0x00000000      0x287 build/debug/main.o
 .debug_abbrev  0x00000287      0x2c3 build/debug/stm32h7xx_hal.o
 .debug_abbrev  0x0000054a      0x3ad build/debug/stm32h7xx_hal_cortex.o
 .debug_abbrev  0x000008f7      0x1fb build/debug/stm32h7xx_hal_exti.o
 .debug_abbrev  0x00000af2      0x255 build/debug/stm32h7xx_hal_gpio.o
 .debug_abbrev  0x00000d47       0xd9 build/debug/stm32h7xx_hal_msp.o
 .debug_abbrev  0x00000e20      0x2b5 build/debug/stm32h7xx_hal_pwr_ex.o
 .debug_abbrev  0x000010d5      0x294 build/debug/stm32h7xx_hal_rcc.o
 .debug_abbrev  0x00001369      0x282 build/debug/stm32h7xx_hal_rcc_ex.o
 .debug_abbrev  0x000015eb      0x37a build/debug/stm32h7xx_hal_uart.o
 .debug_abbrev  0x00001965       0xd7 build/debug/stm32h7xx_it.o
 .debug_abbrev  0x00001a3c      0x366 build/debug/stm32h7xx_nucleo.o
 .debug_abbrev  0x00001da2      0x157 build/debug/system_stm32h7xx.o
 .debug_abbrev  0x00001ef9       0x24 build/debug/startup_stm32h723xx.o

.debug_aranges  0x00000000      0xa60
 .debug_aranges
                0x00000000       0x40 build/debug/main.o
 .debug_aranges
                0x00000040      0x1c8 build/debug/stm32h7xx_hal.o
 .debug_aranges
                0x00000208       0xf8 build/debug/stm32h7xx_hal_cortex.o
 .debug_aranges
                0x00000300       0x60 build/debug/stm32h7xx_hal_exti.o
 .debug_aranges
                0x00000360       0x58 build/debug/stm32h7xx_hal_gpio.o
 .debug_aranges
                0x000003b8       0x20 build/debug/stm32h7xx_hal_msp.o
 .debug_aranges
                0x000003d8      0x148 build/debug/stm32h7xx_hal_pwr_ex.o
 .debug_aranges
                0x00000520       0x88 build/debug/stm32h7xx_hal_rcc.o
 .debug_aranges
                0x000005a8       0xf8 build/debug/stm32h7xx_hal_rcc_ex.o
 .debug_aranges
                0x000006a0      0x248 build/debug/stm32h7xx_hal_uart.o
 .debug_aranges
                0x000008e8       0x68 build/debug/stm32h7xx_it.o
 .debug_aranges
                0x00000950       0xb8 build/debug/stm32h7xx_nucleo.o
 .debug_aranges
                0x00000a08       0x30 build/debug/system_stm32h7xx.o
 .debug_aranges
                0x00000a38       0x28 build/debug/startup_stm32h723xx.o

.debug_rnglists
                0x00000000      0x82f
 .debug_rnglists
                0x00000000       0x2c build/debug/main.o
 .debug_rnglists
                0x0000002c      0x153 build/debug/stm32h7xx_hal.o
 .debug_rnglists
                0x0000017f       0xb5 build/debug/stm32h7xx_hal_cortex.o
 .debug_rnglists
                0x00000234       0x46 build/debug/stm32h7xx_hal_exti.o
 .debug_rnglists
                0x0000027a       0x3f build/debug/stm32h7xx_hal_gpio.o
 .debug_rnglists
                0x000002b9       0x13 build/debug/stm32h7xx_hal_msp.o
 .debug_rnglists
                0x000002cc      0x125 build/debug/stm32h7xx_hal_pwr_ex.o
 .debug_rnglists
                0x000003f1       0xa9 build/debug/stm32h7xx_hal_rcc.o
 .debug_rnglists
                0x0000049a       0xbf build/debug/stm32h7xx_hal_rcc_ex.o
 .debug_rnglists
                0x00000559      0x1cb build/debug/stm32h7xx_hal_uart.o
 .debug_rnglists
                0x00000724       0x49 build/debug/stm32h7xx_it.o
 .debug_rnglists
                0x0000076d       0x88 build/debug/stm32h7xx_nucleo.o
 .debug_rnglists
                0x000007f5       0x21 build/debug/system_stm32h7xx.o
 .debug_rnglists
                0x00000816       0x19 build/debug/startup_stm32h723xx.o

.debug_line     0x00000000     0xc901
 .debug_line    0x00000000      0x4ef build/debug/main.o
 .debug_line    0x000004ef      0xa02 build/debug/stm32h7xx_hal.o
 .debug_line    0x00000ef1      0x8b9 build/debug/stm32h7xx_hal_cortex.o
 .debug_line    0x000017aa      0x93d build/debug/stm32h7xx_hal_exti.o
 .debug_line    0x000020e7      0x781 build/debug/stm32h7xx_hal_gpio.o
 .debug_line    0x00002868      0x1de build/debug/stm32h7xx_hal_msp.o
 .debug_line    0x00002a46      0xac2 build/debug/stm32h7xx_hal_pwr_ex.o
 .debug_line    0x00003508     0x13f7 build/debug/stm32h7xx_hal_rcc.o
 .debug_line    0x000048ff     0x1f60 build/debug/stm32h7xx_hal_rcc_ex.o
 .debug_line    0x0000685f     0x51be build/debug/stm32h7xx_hal_uart.o
 .debug_line    0x0000ba1d      0x189 build/debug/stm32h7xx_it.o
 .debug_line    0x0000bba6      0x79d build/debug/stm32h7xx_nucleo.o
 .debug_line    0x0000c343      0x547 build/debug/system_stm32h7xx.o
 .debug_line    0x0000c88a       0x77 build/debug/startup_stm32h723xx.o

.debug_str      0x00000000     0x4502
 .debug_str     0x00000000     0x4502 build/debug/main.o
                                0x999 (size before relaxing)
 .debug_str     0x00004502     0x1585 build/debug/stm32h7xx_hal.o
 .debug_str     0x00004502     0x102a build/debug/stm32h7xx_hal_cortex.o
 .debug_str     0x00004502      0x505 build/debug/stm32h7xx_hal_exti.o
 .debug_str     0x00004502      0x6bf build/debug/stm32h7xx_hal_gpio.o
 .debug_str     0x00004502      0x3db build/debug/stm32h7xx_hal_msp.o
 .debug_str     0x00004502      0x99d build/debug/stm32h7xx_hal_pwr_ex.o
 .debug_str     0x00004502      0x9a4 build/debug/stm32h7xx_hal_rcc.o
 .debug_str     0x00004502      0xee6 build/debug/stm32h7xx_hal_rcc_ex.o
 .debug_str     0x00004502     0x149c build/debug/stm32h7xx_hal_uart.o
 .debug_str     0x00004502      0x272 build/debug/stm32h7xx_it.o
 .debug_str     0x00004502     0x1778 build/debug/stm32h7xx_nucleo.o
 .debug_str     0x00004502      0x6c5 build/debug/system_stm32h7xx.o
 .debug_str     0x00004502       0x65 build/debug/startup_stm32h723xx.o

.debug_frame    0x00000000     0x192c
 .debug_frame   0x00000000       0x94 build/debug/main.o
 .debug_frame   0x00000094      0x3c0 build/debug/stm32h7xx_hal.o
 .debug_frame   0x00000454      0x214 build/debug/stm32h7xx_hal_cortex.o
 .debug_frame   0x00000668      0x100 build/debug/stm32h7xx_hal_exti.o
 .debug_frame   0x00000768       0xd4 build/debug/stm32h7xx_hal_gpio.o
 .debug_frame   0x0000083c       0x28 build/debug/stm32h7xx_hal_msp.o
 .debug_frame   0x00000864      0x2d4 build/debug/stm32h7xx_hal_pwr_ex.o
 .debug_frame   0x00000b38      0x184 build/debug/stm32h7xx_hal_rcc.o
 .debug_frame   0x00000cbc      0x284 build/debug/stm32h7xx_hal_rcc_ex.o
 .debug_frame   0x00000f40      0x680 build/debug/stm32h7xx_hal_uart.o
 .debug_frame   0x000015c0       0xc0 build/debug/stm32h7xx_it.o
 .debug_frame   0x00001680      0x25c build/debug/stm32h7xx_nucleo.o
 .debug_frame   0x000018dc       0x50 build/debug/system_stm32h7xx.o

.debug_loclists
                0x00000000     0x6ee2
 .debug_loclists
                0x00000000      0x2df build/debug/stm32h7xx_hal.o
 .debug_loclists
                0x000002df      0x50a build/debug/stm32h7xx_hal_cortex.o
 .debug_loclists
                0x000007e9      0x98e build/debug/stm32h7xx_hal_exti.o
 .debug_loclists
                0x00001177      0x2a0 build/debug/stm32h7xx_hal_gpio.o
 .debug_loclists
                0x00001417      0x2be build/debug/stm32h7xx_hal_pwr_ex.o
 .debug_loclists
                0x000016d5      0x61e build/debug/stm32h7xx_hal_rcc.o
 .debug_loclists
                0x00001cf3     0x13eb build/debug/stm32h7xx_hal_rcc_ex.o
 .debug_loclists
                0x000030de     0x38d2 build/debug/stm32h7xx_hal_uart.o
 .debug_loclists
                0x000069b0      0x412 build/debug/stm32h7xx_nucleo.o
 .debug_loclists
                0x00006dc2      0x120 build/debug/system_stm32h7xx.o

.debug_line_str
                0x00000000       0x49
 .debug_line_str
                0x00000000       0x49 build/debug/startup_stm32h723xx.o

Cross Reference Table

Symbol                                            File
ADC3_IRQHandler                                   build/debug/startup_stm32h723xx.o
ADC_IRQHandler                                    build/debug/startup_stm32h723xx.o
BDMA_Channel0_IRQHandler                          build/debug/startup_stm32h723xx.o
BDMA_Channel1_IRQHandler                          build/debug/startup_stm32h723xx.o
BDMA_Channel2_IRQHandler                          build/debug/startup_stm32h723xx.o
BDMA_Channel3_IRQHandler                          build/debug/startup_stm32h723xx.o
BDMA_Channel4_IRQHandler                          build/debug/startup_stm32h723xx.o
BDMA_Channel5_IRQHandler                          build/debug/startup_stm32h723xx.o
BDMA_Channel6_IRQHandler                          build/debug/startup_stm32h723xx.o
BDMA_Channel7_IRQHandler                          build/debug/startup_stm32h723xx.o
BSP_COM_DeInit                                    build/debug/stm32h7xx_nucleo.o
BSP_COM_Init                                      build/debug/stm32h7xx_nucleo.o
                                                  build/debug/main.o
BSP_COM_SelectLogPort                             build/debug/stm32h7xx_nucleo.o
BSP_GetVersion                                    build/debug/stm32h7xx_nucleo.o
BSP_LED_DeInit                                    build/debug/stm32h7xx_nucleo.o
BSP_LED_GetState                                  build/debug/stm32h7xx_nucleo.o
BSP_LED_Init                                      build/debug/stm32h7xx_nucleo.o
                                                  build/debug/main.o
BSP_LED_Off                                       build/debug/stm32h7xx_nucleo.o
BSP_LED_On                                        build/debug/stm32h7xx_nucleo.o
BSP_LED_Toggle                                    build/debug/stm32h7xx_nucleo.o
BSP_PB_Callback                                   build/debug/stm32h7xx_nucleo.o
BSP_PB_DeInit                                     build/debug/stm32h7xx_nucleo.o
BSP_PB_GetState                                   build/debug/stm32h7xx_nucleo.o
BSP_PB_IRQHandler                                 build/debug/stm32h7xx_nucleo.o
                                                  build/debug/stm32h7xx_it.o
BSP_PB_Init                                       build/debug/stm32h7xx_nucleo.o
                                                  build/debug/main.o
BspCOMInit                                        build/debug/main.o
BusFault_Handler                                  build/debug/stm32h7xx_it.o
CEC_IRQHandler                                    build/debug/startup_stm32h723xx.o
COMP1_IRQHandler                                  build/debug/startup_stm32h723xx.o
COM_USART                                         build/debug/stm32h7xx_nucleo.o
CORDIC_IRQHandler                                 build/debug/startup_stm32h723xx.o
CRS_IRQHandler                                    build/debug/startup_stm32h723xx.o
D1CorePrescTable                                  build/debug/system_stm32h7xx.o
                                                  build/debug/stm32h7xx_hal_rcc_ex.o
                                                  build/debug/stm32h7xx_hal_rcc.o
                                                  build/debug/stm32h7xx_hal.o
DCMI_PSSI_IRQHandler                              build/debug/startup_stm32h723xx.o
DFSDM1_FLT0_IRQHandler                            build/debug/startup_stm32h723xx.o
DFSDM1_FLT1_IRQHandler                            build/debug/startup_stm32h723xx.o
DFSDM1_FLT2_IRQHandler                            build/debug/startup_stm32h723xx.o
DFSDM1_FLT3_IRQHandler                            build/debug/startup_stm32h723xx.o
DMA1_Stream0_IRQHandler                           build/debug/startup_stm32h723xx.o
DMA1_Stream1_IRQHandler                           build/debug/startup_stm32h723xx.o
DMA1_Stream2_IRQHandler                           build/debug/startup_stm32h723xx.o
DMA1_Stream3_IRQHandler                           build/debug/startup_stm32h723xx.o
DMA1_Stream4_IRQHandler                           build/debug/startup_stm32h723xx.o
DMA1_Stream5_IRQHandler                           build/debug/startup_stm32h723xx.o
DMA1_Stream6_IRQHandler                           build/debug/startup_stm32h723xx.o
DMA1_Stream7_IRQHandler                           build/debug/startup_stm32h723xx.o
DMA2D_IRQHandler                                  build/debug/startup_stm32h723xx.o
DMA2_Stream0_IRQHandler                           build/debug/startup_stm32h723xx.o
DMA2_Stream1_IRQHandler                           build/debug/startup_stm32h723xx.o
DMA2_Stream2_IRQHandler                           build/debug/startup_stm32h723xx.o
DMA2_Stream3_IRQHandler                           build/debug/startup_stm32h723xx.o
DMA2_Stream4_IRQHandler                           build/debug/startup_stm32h723xx.o
DMA2_Stream5_IRQHandler                           build/debug/startup_stm32h723xx.o
DMA2_Stream6_IRQHandler                           build/debug/startup_stm32h723xx.o
DMA2_Stream7_IRQHandler                           build/debug/startup_stm32h723xx.o
DMAMUX1_OVR_IRQHandler                            build/debug/startup_stm32h723xx.o
DMAMUX2_OVR_IRQHandler                            build/debug/startup_stm32h723xx.o
DTS_IRQHandler                                    build/debug/startup_stm32h723xx.o
DebugMon_Handler                                  build/debug/stm32h7xx_it.o
Default_Handler                                   build/debug/startup_stm32h723xx.o
ECC_IRQHandler                                    build/debug/startup_stm32h723xx.o
ETH_IRQHandler                                    build/debug/startup_stm32h723xx.o
ETH_WKUP_IRQHandler                               build/debug/startup_stm32h723xx.o
EXTI0_IRQHandler                                  build/debug/startup_stm32h723xx.o
EXTI15_10_IRQHandler                              build/debug/stm32h7xx_it.o
EXTI1_IRQHandler                                  build/debug/startup_stm32h723xx.o
EXTI2_IRQHandler                                  build/debug/startup_stm32h723xx.o
EXTI3_IRQHandler                                  build/debug/startup_stm32h723xx.o
EXTI4_IRQHandler                                  build/debug/startup_stm32h723xx.o
EXTI9_5_IRQHandler                                build/debug/startup_stm32h723xx.o
Error_Handler                                     build/debug/main.o
ExitRun0Mode                                      build/debug/system_stm32h7xx.o
                                                  build/debug/startup_stm32h723xx.o
FDCAN1_IT0_IRQHandler                             build/debug/startup_stm32h723xx.o
FDCAN1_IT1_IRQHandler                             build/debug/startup_stm32h723xx.o
FDCAN2_IT0_IRQHandler                             build/debug/startup_stm32h723xx.o
FDCAN2_IT1_IRQHandler                             build/debug/startup_stm32h723xx.o
FDCAN3_IT0_IRQHandler                             build/debug/startup_stm32h723xx.o
FDCAN3_IT1_IRQHandler                             build/debug/startup_stm32h723xx.o
FDCAN_CAL_IRQHandler                              build/debug/startup_stm32h723xx.o
FLASH_CRC_WaitForLastOperation                    build/debug/stm32h7xx_hal_flash.o
                                                  build/debug/stm32h7xx_hal_flash_ex.o
FLASH_Erase_Sector                                build/debug/stm32h7xx_hal_flash_ex.o
                                                  build/debug/stm32h7xx_hal_flash.o
FLASH_IRQHandler                                  build/debug/startup_stm32h723xx.o
FLASH_OB_WaitForLastOperation                     build/debug/stm32h7xx_hal_flash.o
                                                  build/debug/stm32h7xx_hal_flash_ex.o
FLASH_WaitForLastOperation                        build/debug/stm32h7xx_hal_flash.o
                                                  build/debug/stm32h7xx_hal_flash_ex.o
FMAC_IRQHandler                                   build/debug/startup_stm32h723xx.o
FMC_IRQHandler                                    build/debug/startup_stm32h723xx.o
FPU_IRQHandler                                    build/debug/startup_stm32h723xx.o
HAL_DBGMCU_DisableDBGSleepMode                    build/debug/stm32h7xx_hal.o
HAL_DBGMCU_DisableDBGStandbyMode                  build/debug/stm32h7xx_hal.o
HAL_DBGMCU_DisableDBGStopMode                     build/debug/stm32h7xx_hal.o
HAL_DBGMCU_EnableDBGSleepMode                     build/debug/stm32h7xx_hal.o
HAL_DBGMCU_EnableDBGStandbyMode                   build/debug/stm32h7xx_hal.o
HAL_DBGMCU_EnableDBGStopMode                      build/debug/stm32h7xx_hal.o
HAL_DMAEx_ChangeMemory                            build/debug/stm32h7xx_hal_dma_ex.o
HAL_DMAEx_ConfigMuxRequestGenerator               build/debug/stm32h7xx_hal_dma_ex.o
HAL_DMAEx_ConfigMuxSync                           build/debug/stm32h7xx_hal_dma_ex.o
HAL_DMAEx_DisableMuxRequestGenerator              build/debug/stm32h7xx_hal_dma_ex.o
HAL_DMAEx_EnableMuxRequestGenerator               build/debug/stm32h7xx_hal_dma_ex.o
HAL_DMAEx_MUX_IRQHandler                          build/debug/stm32h7xx_hal_dma_ex.o
HAL_DMAEx_MultiBufferStart                        build/debug/stm32h7xx_hal_dma_ex.o
HAL_DMAEx_MultiBufferStart_IT                     build/debug/stm32h7xx_hal_dma_ex.o
HAL_DMA_Abort                                     build/debug/stm32h7xx_hal_dma.o
                                                  build/debug/stm32h7xx_hal_uart.o
HAL_DMA_Abort_IT                                  build/debug/stm32h7xx_hal_dma.o
                                                  build/debug/stm32h7xx_hal_uart.o
                                                  build/debug/stm32h7xx_hal_i2c.o
HAL_DMA_DeInit                                    build/debug/stm32h7xx_hal_dma.o
HAL_DMA_GetError                                  build/debug/stm32h7xx_hal_dma.o
                                                  build/debug/stm32h7xx_hal_uart.o
                                                  build/debug/stm32h7xx_hal_i2c.o
HAL_DMA_GetState                                  build/debug/stm32h7xx_hal_dma.o
                                                  build/debug/stm32h7xx_hal_i2c.o
HAL_DMA_IRQHandler                                build/debug/stm32h7xx_hal_dma.o
HAL_DMA_Init                                      build/debug/stm32h7xx_hal_dma.o
HAL_DMA_PollForTransfer                           build/debug/stm32h7xx_hal_dma.o
HAL_DMA_RegisterCallback                          build/debug/stm32h7xx_hal_dma.o
HAL_DMA_Start                                     build/debug/stm32h7xx_hal_dma.o
HAL_DMA_Start_IT                                  build/debug/stm32h7xx_hal_dma.o
                                                  build/debug/stm32h7xx_hal_uart.o
                                                  build/debug/stm32h7xx_hal_i2c.o
HAL_DMA_UnRegisterCallback                        build/debug/stm32h7xx_hal_dma.o
HAL_DeInit                                        build/debug/stm32h7xx_hal.o
HAL_Delay                                         build/debug/stm32h7xx_hal.o
HAL_DisableCompensationCell                       build/debug/stm32h7xx_hal.o
HAL_DisableDomain3DBGStandbyMode                  build/debug/stm32h7xx_hal.o
HAL_DisableDomain3DBGStopMode                     build/debug/stm32h7xx_hal.o
HAL_EXTI_ClearConfigLine                          build/debug/stm32h7xx_hal_exti.o
HAL_EXTI_ClearPending                             build/debug/stm32h7xx_hal_exti.o
HAL_EXTI_D1_ClearFlag                             build/debug/stm32h7xx_hal.o
HAL_EXTI_D1_EventInputConfig                      build/debug/stm32h7xx_hal.o
HAL_EXTI_D3_EventInputConfig                      build/debug/stm32h7xx_hal.o
HAL_EXTI_EdgeConfig                               build/debug/stm32h7xx_hal.o
HAL_EXTI_GenerateSWI                              build/debug/stm32h7xx_hal_exti.o
HAL_EXTI_GenerateSWInterrupt                      build/debug/stm32h7xx_hal.o
HAL_EXTI_GetConfigLine                            build/debug/stm32h7xx_hal_exti.o
HAL_EXTI_GetHandle                                build/debug/stm32h7xx_hal_exti.o
                                                  build/debug/stm32h7xx_nucleo.o
HAL_EXTI_GetPending                               build/debug/stm32h7xx_hal_exti.o
HAL_EXTI_IRQHandler                               build/debug/stm32h7xx_hal_exti.o
                                                  build/debug/stm32h7xx_nucleo.o
HAL_EXTI_RegisterCallback                         build/debug/stm32h7xx_hal_exti.o
                                                  build/debug/stm32h7xx_nucleo.o
HAL_EXTI_SetConfigLine                            build/debug/stm32h7xx_hal_exti.o
HAL_EnableCompensationCell                        build/debug/stm32h7xx_hal.o
HAL_EnableDomain3DBGStandbyMode                   build/debug/stm32h7xx_hal.o
HAL_EnableDomain3DBGStopMode                      build/debug/stm32h7xx_hal.o
HAL_FLASHEx_ComputeCRC                            build/debug/stm32h7xx_hal_flash_ex.o
HAL_FLASHEx_Erase                                 build/debug/stm32h7xx_hal_flash_ex.o
HAL_FLASHEx_Erase_IT                              build/debug/stm32h7xx_hal_flash_ex.o
HAL_FLASHEx_Lock_Bank1                            build/debug/stm32h7xx_hal_flash_ex.o
HAL_FLASHEx_OBGetConfig                           build/debug/stm32h7xx_hal_flash_ex.o
HAL_FLASHEx_OBProgram                             build/debug/stm32h7xx_hal_flash_ex.o
HAL_FLASHEx_Unlock_Bank1                          build/debug/stm32h7xx_hal_flash_ex.o
HAL_FLASH_EndOfOperationCallback                  build/debug/stm32h7xx_hal_flash.o
HAL_FLASH_GetError                                build/debug/stm32h7xx_hal_flash.o
HAL_FLASH_IRQHandler                              build/debug/stm32h7xx_hal_flash.o
HAL_FLASH_Lock                                    build/debug/stm32h7xx_hal_flash.o
HAL_FLASH_OB_Launch                               build/debug/stm32h7xx_hal_flash.o
HAL_FLASH_OB_Lock                                 build/debug/stm32h7xx_hal_flash.o
HAL_FLASH_OB_Unlock                               build/debug/stm32h7xx_hal_flash.o
HAL_FLASH_OperationErrorCallback                  build/debug/stm32h7xx_hal_flash.o
HAL_FLASH_Program                                 build/debug/stm32h7xx_hal_flash.o
HAL_FLASH_Program_IT                              build/debug/stm32h7xx_hal_flash.o
HAL_FLASH_Unlock                                  build/debug/stm32h7xx_hal_flash.o
HAL_GPIO_DeInit                                   build/debug/stm32h7xx_hal_gpio.o
                                                  build/debug/stm32h7xx_nucleo.o
HAL_GPIO_EXTI_Callback                            build/debug/stm32h7xx_hal_gpio.o
HAL_GPIO_EXTI_IRQHandler                          build/debug/stm32h7xx_hal_gpio.o
HAL_GPIO_Init                                     build/debug/stm32h7xx_hal_gpio.o
                                                  build/debug/stm32h7xx_nucleo.o
                                                  build/debug/stm32h7xx_hal_rcc.o
HAL_GPIO_LockPin                                  build/debug/stm32h7xx_hal_gpio.o
HAL_GPIO_ReadPin                                  build/debug/stm32h7xx_hal_gpio.o
                                                  build/debug/stm32h7xx_nucleo.o
HAL_GPIO_TogglePin                                build/debug/stm32h7xx_hal_gpio.o
                                                  build/debug/stm32h7xx_nucleo.o
HAL_GPIO_WritePin                                 build/debug/stm32h7xx_hal_gpio.o
                                                  build/debug/stm32h7xx_nucleo.o
HAL_GetCurrentCPUID                               build/debug/stm32h7xx_hal_cortex.o
HAL_GetDEVID                                      build/debug/stm32h7xx_hal.o
HAL_GetFMCMemorySwappingConfig                    build/debug/stm32h7xx_hal.o
HAL_GetHalVersion                                 build/debug/stm32h7xx_hal.o
HAL_GetREVID                                      build/debug/stm32h7xx_hal.o
                                                  build/debug/stm32h7xx_hal_rcc_ex.o
HAL_GetTick                                       build/debug/stm32h7xx_hal.o
                                                  build/debug/stm32h7xx_hal_uart_ex.o
                                                  build/debug/stm32h7xx_hal_uart.o
                                                  build/debug/stm32h7xx_hal_rcc_ex.o
                                                  build/debug/stm32h7xx_hal_rcc.o
                                                  build/debug/stm32h7xx_hal_pwr_ex.o
                                                  build/debug/stm32h7xx_hal_mdma.o
                                                  build/debug/stm32h7xx_hal_i2c.o
                                                  build/debug/stm32h7xx_hal_flash.o
                                                  build/debug/stm32h7xx_hal_dma.o
HAL_GetTickFreq                                   build/debug/stm32h7xx_hal.o
HAL_GetTickPrio                                   build/debug/stm32h7xx_hal.o
HAL_GetUIDw0                                      build/debug/stm32h7xx_hal.o
HAL_GetUIDw1                                      build/debug/stm32h7xx_hal.o
HAL_GetUIDw2                                      build/debug/stm32h7xx_hal.o
HAL_HSEM_ActivateNotification                     build/debug/stm32h7xx_hal_hsem.o
HAL_HSEM_DeactivateNotification                   build/debug/stm32h7xx_hal_hsem.o
HAL_HSEM_FastTake                                 build/debug/stm32h7xx_hal_hsem.o
HAL_HSEM_FreeCallback                             build/debug/stm32h7xx_hal_hsem.o
HAL_HSEM_GetClearKey                              build/debug/stm32h7xx_hal_hsem.o
HAL_HSEM_IRQHandler                               build/debug/stm32h7xx_hal_hsem.o
HAL_HSEM_IsSemTaken                               build/debug/stm32h7xx_hal_hsem.o
HAL_HSEM_Release                                  build/debug/stm32h7xx_hal_hsem.o
HAL_HSEM_ReleaseAll                               build/debug/stm32h7xx_hal_hsem.o
HAL_HSEM_SetClearKey                              build/debug/stm32h7xx_hal_hsem.o
HAL_HSEM_Take                                     build/debug/stm32h7xx_hal_hsem.o
HAL_HalfDuplex_EnableReceiver                     build/debug/stm32h7xx_hal_uart.o
HAL_HalfDuplex_EnableTransmitter                  build/debug/stm32h7xx_hal_uart.o
HAL_HalfDuplex_Init                               build/debug/stm32h7xx_hal_uart.o
HAL_I2CEx_ConfigAnalogFilter                      build/debug/stm32h7xx_hal_i2c_ex.o
HAL_I2CEx_ConfigDigitalFilter                     build/debug/stm32h7xx_hal_i2c_ex.o
HAL_I2CEx_DisableFastModePlus                     build/debug/stm32h7xx_hal_i2c_ex.o
HAL_I2CEx_DisableWakeUp                           build/debug/stm32h7xx_hal_i2c_ex.o
HAL_I2CEx_EnableFastModePlus                      build/debug/stm32h7xx_hal_i2c_ex.o
HAL_I2CEx_EnableWakeUp                            build/debug/stm32h7xx_hal_i2c_ex.o
HAL_I2C_AbortCpltCallback                         build/debug/stm32h7xx_hal_i2c.o
HAL_I2C_AddrCallback                              build/debug/stm32h7xx_hal_i2c.o
HAL_I2C_DeInit                                    build/debug/stm32h7xx_hal_i2c.o
HAL_I2C_DisableListen_IT                          build/debug/stm32h7xx_hal_i2c.o
HAL_I2C_ER_IRQHandler                             build/debug/stm32h7xx_hal_i2c.o
HAL_I2C_EV_IRQHandler                             build/debug/stm32h7xx_hal_i2c.o
HAL_I2C_EnableListen_IT                           build/debug/stm32h7xx_hal_i2c.o
HAL_I2C_ErrorCallback                             build/debug/stm32h7xx_hal_i2c.o
HAL_I2C_GetError                                  build/debug/stm32h7xx_hal_i2c.o
HAL_I2C_GetMode                                   build/debug/stm32h7xx_hal_i2c.o
HAL_I2C_GetState                                  build/debug/stm32h7xx_hal_i2c.o
HAL_I2C_Init                                      build/debug/stm32h7xx_hal_i2c.o
HAL_I2C_IsDeviceReady                             build/debug/stm32h7xx_hal_i2c.o
HAL_I2C_ListenCpltCallback                        build/debug/stm32h7xx_hal_i2c.o
HAL_I2C_MasterRxCpltCallback                      build/debug/stm32h7xx_hal_i2c.o
HAL_I2C_MasterTxCpltCallback                      build/debug/stm32h7xx_hal_i2c.o
HAL_I2C_Master_Abort_IT                           build/debug/stm32h7xx_hal_i2c.o
HAL_I2C_Master_Receive                            build/debug/stm32h7xx_hal_i2c.o
HAL_I2C_Master_Receive_DMA                        build/debug/stm32h7xx_hal_i2c.o
HAL_I2C_Master_Receive_IT                         build/debug/stm32h7xx_hal_i2c.o
HAL_I2C_Master_Seq_Receive_DMA                    build/debug/stm32h7xx_hal_i2c.o
HAL_I2C_Master_Seq_Receive_IT                     build/debug/stm32h7xx_hal_i2c.o
HAL_I2C_Master_Seq_Transmit_DMA                   build/debug/stm32h7xx_hal_i2c.o
HAL_I2C_Master_Seq_Transmit_IT                    build/debug/stm32h7xx_hal_i2c.o
HAL_I2C_Master_Transmit                           build/debug/stm32h7xx_hal_i2c.o
HAL_I2C_Master_Transmit_DMA                       build/debug/stm32h7xx_hal_i2c.o
HAL_I2C_Master_Transmit_IT                        build/debug/stm32h7xx_hal_i2c.o
HAL_I2C_MemRxCpltCallback                         build/debug/stm32h7xx_hal_i2c.o
HAL_I2C_MemTxCpltCallback                         build/debug/stm32h7xx_hal_i2c.o
HAL_I2C_Mem_Read                                  build/debug/stm32h7xx_hal_i2c.o
HAL_I2C_Mem_Read_DMA                              build/debug/stm32h7xx_hal_i2c.o
HAL_I2C_Mem_Read_IT                               build/debug/stm32h7xx_hal_i2c.o
HAL_I2C_Mem_Write                                 build/debug/stm32h7xx_hal_i2c.o
HAL_I2C_Mem_Write_DMA                             build/debug/stm32h7xx_hal_i2c.o
HAL_I2C_Mem_Write_IT                              build/debug/stm32h7xx_hal_i2c.o
HAL_I2C_MspDeInit                                 build/debug/stm32h7xx_hal_i2c.o
HAL_I2C_MspInit                                   build/debug/stm32h7xx_hal_i2c.o
HAL_I2C_SlaveRxCpltCallback                       build/debug/stm32h7xx_hal_i2c.o
HAL_I2C_SlaveTxCpltCallback                       build/debug/stm32h7xx_hal_i2c.o
HAL_I2C_Slave_Receive                             build/debug/stm32h7xx_hal_i2c.o
HAL_I2C_Slave_Receive_DMA                         build/debug/stm32h7xx_hal_i2c.o
HAL_I2C_Slave_Receive_IT                          build/debug/stm32h7xx_hal_i2c.o
HAL_I2C_Slave_Seq_Receive_DMA                     build/debug/stm32h7xx_hal_i2c.o
HAL_I2C_Slave_Seq_Receive_IT                      build/debug/stm32h7xx_hal_i2c.o
HAL_I2C_Slave_Seq_Transmit_DMA                    build/debug/stm32h7xx_hal_i2c.o
HAL_I2C_Slave_Seq_Transmit_IT                     build/debug/stm32h7xx_hal_i2c.o
HAL_I2C_Slave_Transmit                            build/debug/stm32h7xx_hal_i2c.o
HAL_I2C_Slave_Transmit_DMA                        build/debug/stm32h7xx_hal_i2c.o
HAL_I2C_Slave_Transmit_IT                         build/debug/stm32h7xx_hal_i2c.o
HAL_IncTick                                       build/debug/stm32h7xx_hal.o
                                                  build/debug/stm32h7xx_it.o
HAL_Init                                          build/debug/stm32h7xx_hal.o
                                                  build/debug/main.o
HAL_InitTick                                      build/debug/stm32h7xx_hal.o
                                                  build/debug/stm32h7xx_hal_rcc.o
HAL_LIN_Init                                      build/debug/stm32h7xx_hal_uart.o
HAL_LIN_SendBreak                                 build/debug/stm32h7xx_hal_uart.o
HAL_MDMA_Abort                                    build/debug/stm32h7xx_hal_mdma.o
HAL_MDMA_Abort_IT                                 build/debug/stm32h7xx_hal_mdma.o
HAL_MDMA_ConfigPostRequestMask                    build/debug/stm32h7xx_hal_mdma.o
HAL_MDMA_DeInit                                   build/debug/stm32h7xx_hal_mdma.o
HAL_MDMA_GenerateSWRequest                        build/debug/stm32h7xx_hal_mdma.o
HAL_MDMA_GetError                                 build/debug/stm32h7xx_hal_mdma.o
HAL_MDMA_GetState                                 build/debug/stm32h7xx_hal_mdma.o
HAL_MDMA_IRQHandler                               build/debug/stm32h7xx_hal_mdma.o
HAL_MDMA_Init                                     build/debug/stm32h7xx_hal_mdma.o
HAL_MDMA_LinkedList_AddNode                       build/debug/stm32h7xx_hal_mdma.o
HAL_MDMA_LinkedList_CreateNode                    build/debug/stm32h7xx_hal_mdma.o
HAL_MDMA_LinkedList_DisableCircularMode           build/debug/stm32h7xx_hal_mdma.o
HAL_MDMA_LinkedList_EnableCircularMode            build/debug/stm32h7xx_hal_mdma.o
HAL_MDMA_LinkedList_RemoveNode                    build/debug/stm32h7xx_hal_mdma.o
HAL_MDMA_PollForTransfer                          build/debug/stm32h7xx_hal_mdma.o
HAL_MDMA_RegisterCallback                         build/debug/stm32h7xx_hal_mdma.o
HAL_MDMA_Start                                    build/debug/stm32h7xx_hal_mdma.o
HAL_MDMA_Start_IT                                 build/debug/stm32h7xx_hal_mdma.o
HAL_MDMA_UnRegisterCallback                       build/debug/stm32h7xx_hal_mdma.o
HAL_MPU_ConfigRegion                              build/debug/stm32h7xx_hal_cortex.o
                                                  build/debug/main.o
HAL_MPU_Disable                                   build/debug/stm32h7xx_hal_cortex.o
                                                  build/debug/main.o
HAL_MPU_DisableRegion                             build/debug/stm32h7xx_hal_cortex.o
HAL_MPU_Enable                                    build/debug/stm32h7xx_hal_cortex.o
                                                  build/debug/main.o
HAL_MPU_EnableRegion                              build/debug/stm32h7xx_hal_cortex.o
HAL_MspDeInit                                     build/debug/stm32h7xx_hal.o
HAL_MspInit                                       build/debug/stm32h7xx_hal_msp.o
                                                  build/debug/stm32h7xx_hal.o
HAL_MultiProcessorEx_AddressLength_Set            build/debug/stm32h7xx_hal_uart_ex.o
HAL_MultiProcessor_DisableMuteMode                build/debug/stm32h7xx_hal_uart.o
HAL_MultiProcessor_EnableMuteMode                 build/debug/stm32h7xx_hal_uart.o
HAL_MultiProcessor_EnterMuteMode                  build/debug/stm32h7xx_hal_uart.o
HAL_MultiProcessor_Init                           build/debug/stm32h7xx_hal_uart.o
HAL_NVIC_ClearPendingIRQ                          build/debug/stm32h7xx_hal_cortex.o
HAL_NVIC_DisableIRQ                               build/debug/stm32h7xx_hal_cortex.o
                                                  build/debug/stm32h7xx_nucleo.o
HAL_NVIC_EnableIRQ                                build/debug/stm32h7xx_hal_cortex.o
                                                  build/debug/stm32h7xx_nucleo.o
HAL_NVIC_GetActive                                build/debug/stm32h7xx_hal_cortex.o
HAL_NVIC_GetPendingIRQ                            build/debug/stm32h7xx_hal_cortex.o
HAL_NVIC_GetPriority                              build/debug/stm32h7xx_hal_cortex.o
HAL_NVIC_GetPriorityGrouping                      build/debug/stm32h7xx_hal_cortex.o
HAL_NVIC_SetPendingIRQ                            build/debug/stm32h7xx_hal_cortex.o
HAL_NVIC_SetPriority                              build/debug/stm32h7xx_hal_cortex.o
                                                  build/debug/stm32h7xx_nucleo.o
                                                  build/debug/stm32h7xx_hal.o
HAL_NVIC_SetPriorityGrouping                      build/debug/stm32h7xx_hal_cortex.o
                                                  build/debug/stm32h7xx_hal.o
HAL_NVIC_SystemReset                              build/debug/stm32h7xx_hal_cortex.o
HAL_PWREx_AVDCallback                             build/debug/stm32h7xx_hal_pwr_ex.o
HAL_PWREx_ClearPendingEvent                       build/debug/stm32h7xx_hal_pwr_ex.o
HAL_PWREx_ClearWakeupFlag                         build/debug/stm32h7xx_hal_pwr_ex.o
HAL_PWREx_ConfigAVD                               build/debug/stm32h7xx_hal_pwr_ex.o
HAL_PWREx_ConfigD3Domain                          build/debug/stm32h7xx_hal_pwr_ex.o
HAL_PWREx_ConfigSupply                            build/debug/stm32h7xx_hal_pwr_ex.o
                                                  build/debug/main.o
HAL_PWREx_ControlStopModeVoltageScaling           build/debug/stm32h7xx_hal_pwr_ex.o
HAL_PWREx_ControlVoltageScaling                   build/debug/stm32h7xx_hal_pwr_ex.o
HAL_PWREx_DisableAVD                              build/debug/stm32h7xx_hal_pwr_ex.o
HAL_PWREx_DisableBatteryCharging                  build/debug/stm32h7xx_hal_pwr_ex.o
HAL_PWREx_DisableBkUpReg                          build/debug/stm32h7xx_hal_pwr_ex.o
HAL_PWREx_DisableFlashPowerDown                   build/debug/stm32h7xx_hal_pwr_ex.o
HAL_PWREx_DisableMonitoring                       build/debug/stm32h7xx_hal_pwr_ex.o
HAL_PWREx_DisableUSBReg                           build/debug/stm32h7xx_hal_pwr_ex.o
HAL_PWREx_DisableUSBVoltageDetector               build/debug/stm32h7xx_hal_pwr_ex.o
HAL_PWREx_DisableWakeUpPin                        build/debug/stm32h7xx_hal_pwr_ex.o
HAL_PWREx_EnableAVD                               build/debug/stm32h7xx_hal_pwr_ex.o
HAL_PWREx_EnableBatteryCharging                   build/debug/stm32h7xx_hal_pwr_ex.o
HAL_PWREx_EnableBkUpReg                           build/debug/stm32h7xx_hal_pwr_ex.o
HAL_PWREx_EnableFlashPowerDown                    build/debug/stm32h7xx_hal_pwr_ex.o
HAL_PWREx_EnableMonitoring                        build/debug/stm32h7xx_hal_pwr_ex.o
HAL_PWREx_EnableUSBReg                            build/debug/stm32h7xx_hal_pwr_ex.o
HAL_PWREx_EnableUSBVoltageDetector                build/debug/stm32h7xx_hal_pwr_ex.o
HAL_PWREx_EnableWakeUpPin                         build/debug/stm32h7xx_hal_pwr_ex.o
HAL_PWREx_EnterSTANDBYMode                        build/debug/stm32h7xx_hal_pwr_ex.o
HAL_PWREx_EnterSTOPMode                           build/debug/stm32h7xx_hal_pwr_ex.o
HAL_PWREx_GetStopModeVoltageRange                 build/debug/stm32h7xx_hal_pwr_ex.o
HAL_PWREx_GetSupplyConfig                         build/debug/stm32h7xx_hal_pwr_ex.o
HAL_PWREx_GetTemperatureLevel                     build/debug/stm32h7xx_hal_pwr_ex.o
HAL_PWREx_GetVBATLevel                            build/debug/stm32h7xx_hal_pwr_ex.o
HAL_PWREx_GetVoltageRange                         build/debug/stm32h7xx_hal_pwr_ex.o
HAL_PWREx_GetWakeupFlag                           build/debug/stm32h7xx_hal_pwr_ex.o
HAL_PWREx_PVD_AVD_IRQHandler                      build/debug/stm32h7xx_hal_pwr_ex.o
HAL_PWREx_WAKEUP_PIN_IRQHandler                   build/debug/stm32h7xx_hal_pwr_ex.o
HAL_PWREx_WKUP1_Callback                          build/debug/stm32h7xx_hal_pwr_ex.o
HAL_PWREx_WKUP2_Callback                          build/debug/stm32h7xx_hal_pwr_ex.o
HAL_PWREx_WKUP4_Callback                          build/debug/stm32h7xx_hal_pwr_ex.o
HAL_PWREx_WKUP6_Callback                          build/debug/stm32h7xx_hal_pwr_ex.o
HAL_PWR_ConfigPVD                                 build/debug/stm32h7xx_hal_pwr.o
HAL_PWR_DeInit                                    build/debug/stm32h7xx_hal_pwr.o
HAL_PWR_DisableBkUpAccess                         build/debug/stm32h7xx_hal_pwr.o
HAL_PWR_DisablePVD                                build/debug/stm32h7xx_hal_pwr.o
HAL_PWR_DisableSEVOnPend                          build/debug/stm32h7xx_hal_pwr.o
HAL_PWR_DisableSleepOnExit                        build/debug/stm32h7xx_hal_pwr.o
HAL_PWR_DisableWakeUpPin                          build/debug/stm32h7xx_hal_pwr.o
HAL_PWR_EnableBkUpAccess                          build/debug/stm32h7xx_hal_pwr.o
HAL_PWR_EnablePVD                                 build/debug/stm32h7xx_hal_pwr.o
HAL_PWR_EnableSEVOnPend                           build/debug/stm32h7xx_hal_pwr.o
HAL_PWR_EnableSleepOnExit                         build/debug/stm32h7xx_hal_pwr.o
HAL_PWR_EnableWakeUpPin                           build/debug/stm32h7xx_hal_pwr.o
HAL_PWR_EnterSLEEPMode                            build/debug/stm32h7xx_hal_pwr.o
HAL_PWR_EnterSTANDBYMode                          build/debug/stm32h7xx_hal_pwr.o
HAL_PWR_EnterSTOPMode                             build/debug/stm32h7xx_hal_pwr.o
HAL_PWR_PVDCallback                               build/debug/stm32h7xx_hal_pwr.o
                                                  build/debug/stm32h7xx_hal_pwr_ex.o
HAL_PWR_PVD_IRQHandler                            build/debug/stm32h7xx_hal_pwr.o
HAL_RCCEx_CRSConfig                               build/debug/stm32h7xx_hal_rcc_ex.o
HAL_RCCEx_CRSGetSynchronizationInfo               build/debug/stm32h7xx_hal_rcc_ex.o
HAL_RCCEx_CRSSoftwareSynchronizationGenerate      build/debug/stm32h7xx_hal_rcc_ex.o
HAL_RCCEx_CRSWaitSynchronization                  build/debug/stm32h7xx_hal_rcc_ex.o
HAL_RCCEx_CRS_ErrorCallback                       build/debug/stm32h7xx_hal_rcc_ex.o
HAL_RCCEx_CRS_ExpectedSyncCallback                build/debug/stm32h7xx_hal_rcc_ex.o
HAL_RCCEx_CRS_IRQHandler                          build/debug/stm32h7xx_hal_rcc_ex.o
HAL_RCCEx_CRS_SyncOkCallback                      build/debug/stm32h7xx_hal_rcc_ex.o
HAL_RCCEx_CRS_SyncWarnCallback                    build/debug/stm32h7xx_hal_rcc_ex.o
HAL_RCCEx_DisableLSECSS                           build/debug/stm32h7xx_hal_rcc_ex.o
HAL_RCCEx_EnableLSECSS                            build/debug/stm32h7xx_hal_rcc_ex.o
HAL_RCCEx_EnableLSECSS_IT                         build/debug/stm32h7xx_hal_rcc_ex.o
HAL_RCCEx_GetD1PCLK1Freq                          build/debug/stm32h7xx_hal_rcc_ex.o
HAL_RCCEx_GetD1SysClockFreq                       build/debug/stm32h7xx_hal_rcc_ex.o
HAL_RCCEx_GetD3PCLK1Freq                          build/debug/stm32h7xx_hal_rcc_ex.o
                                                  build/debug/stm32h7xx_hal_uart.o
HAL_RCCEx_GetPLL1ClockFreq                        build/debug/stm32h7xx_hal_rcc_ex.o
HAL_RCCEx_GetPLL2ClockFreq                        build/debug/stm32h7xx_hal_rcc_ex.o
                                                  build/debug/stm32h7xx_hal_uart.o
HAL_RCCEx_GetPLL3ClockFreq                        build/debug/stm32h7xx_hal_rcc_ex.o
                                                  build/debug/stm32h7xx_hal_uart.o
HAL_RCCEx_GetPeriphCLKConfig                      build/debug/stm32h7xx_hal_rcc_ex.o
HAL_RCCEx_GetPeriphCLKFreq                        build/debug/stm32h7xx_hal_rcc_ex.o
HAL_RCCEx_KerWakeUpStopCLKConfig                  build/debug/stm32h7xx_hal_rcc_ex.o
HAL_RCCEx_LSECSS_Callback                         build/debug/stm32h7xx_hal_rcc_ex.o
HAL_RCCEx_LSECSS_IRQHandler                       build/debug/stm32h7xx_hal_rcc_ex.o
HAL_RCCEx_PeriphCLKConfig                         build/debug/stm32h7xx_hal_rcc_ex.o
HAL_RCCEx_WWDGxSysResetConfig                     build/debug/stm32h7xx_hal_rcc_ex.o
HAL_RCCEx_WakeUpStopCLKConfig                     build/debug/stm32h7xx_hal_rcc_ex.o
HAL_RCC_CSSCallback                               build/debug/stm32h7xx_hal_rcc.o
HAL_RCC_ClockConfig                               build/debug/stm32h7xx_hal_rcc.o
                                                  build/debug/main.o
HAL_RCC_DeInit                                    build/debug/stm32h7xx_hal_rcc.o
HAL_RCC_DisableCSS                                build/debug/stm32h7xx_hal_rcc.o
HAL_RCC_EnableCSS                                 build/debug/stm32h7xx_hal_rcc.o
HAL_RCC_GetClockConfig                            build/debug/stm32h7xx_hal_rcc.o
HAL_RCC_GetHCLKFreq                               build/debug/stm32h7xx_hal_rcc.o
                                                  build/debug/stm32h7xx_hal_rcc_ex.o
HAL_RCC_GetOscConfig                              build/debug/stm32h7xx_hal_rcc.o
HAL_RCC_GetPCLK1Freq                              build/debug/stm32h7xx_hal_rcc.o
                                                  build/debug/stm32h7xx_hal_uart.o
                                                  build/debug/stm32h7xx_hal_rcc_ex.o
HAL_RCC_GetPCLK2Freq                              build/debug/stm32h7xx_hal_rcc.o
                                                  build/debug/stm32h7xx_hal_uart.o
HAL_RCC_GetSysClockFreq                           build/debug/stm32h7xx_hal_rcc.o
                                                  build/debug/stm32h7xx_hal_rcc_ex.o
                                                  build/debug/stm32h7xx_hal.o
HAL_RCC_MCOConfig                                 build/debug/stm32h7xx_hal_rcc.o
HAL_RCC_NMI_IRQHandler                            build/debug/stm32h7xx_hal_rcc.o
HAL_RCC_OscConfig                                 build/debug/stm32h7xx_hal_rcc.o
                                                  build/debug/main.o
HAL_RS485Ex_Init                                  build/debug/stm32h7xx_hal_uart_ex.o
HAL_ResumeTick                                    build/debug/stm32h7xx_hal.o
HAL_SYSCFG_ADC2ALT_Rout0Config                    build/debug/stm32h7xx_hal.o
HAL_SYSCFG_ADC2ALT_Rout1Config                    build/debug/stm32h7xx_hal.o
HAL_SYSCFG_AnalogSwitchConfig                     build/debug/stm32h7xx_hal.o
HAL_SYSCFG_CM7BootAddConfig                       build/debug/stm32h7xx_hal.o
HAL_SYSCFG_CompensationCodeConfig                 build/debug/stm32h7xx_hal.o
HAL_SYSCFG_CompensationCodeSelect                 build/debug/stm32h7xx_hal.o
HAL_SYSCFG_DisableBOOST                           build/debug/stm32h7xx_hal.o
HAL_SYSCFG_DisableIOSpeedOptimize                 build/debug/stm32h7xx_hal.o
HAL_SYSCFG_DisableVREFBUF                         build/debug/stm32h7xx_hal.o
HAL_SYSCFG_ETHInterfaceSelect                     build/debug/stm32h7xx_hal.o
HAL_SYSCFG_EnableBOOST                            build/debug/stm32h7xx_hal.o
HAL_SYSCFG_EnableIOSpeedOptimize                  build/debug/stm32h7xx_hal.o
HAL_SYSCFG_EnableVREFBUF                          build/debug/stm32h7xx_hal.o
HAL_SYSCFG_VREFBUF_HighImpedanceConfig            build/debug/stm32h7xx_hal.o
HAL_SYSCFG_VREFBUF_TrimmingConfig                 build/debug/stm32h7xx_hal.o
HAL_SYSCFG_VREFBUF_VoltageScalingConfig           build/debug/stm32h7xx_hal.o
HAL_SYSTICK_CLKSourceConfig                       build/debug/stm32h7xx_hal_cortex.o
HAL_SYSTICK_Callback                              build/debug/stm32h7xx_hal_cortex.o
HAL_SYSTICK_Config                                build/debug/stm32h7xx_hal_cortex.o
                                                  build/debug/stm32h7xx_hal.o
HAL_SYSTICK_IRQHandler                            build/debug/stm32h7xx_hal_cortex.o
HAL_SetFMCMemorySwappingConfig                    build/debug/stm32h7xx_hal.o
HAL_SetTickFreq                                   build/debug/stm32h7xx_hal.o
HAL_SuspendTick                                   build/debug/stm32h7xx_hal.o
HAL_UARTEx_DisableFifoMode                        build/debug/stm32h7xx_hal_uart_ex.o
HAL_UARTEx_DisableStopMode                        build/debug/stm32h7xx_hal_uart_ex.o
HAL_UARTEx_EnableFifoMode                         build/debug/stm32h7xx_hal_uart_ex.o
HAL_UARTEx_EnableStopMode                         build/debug/stm32h7xx_hal_uart_ex.o
HAL_UARTEx_GetRxEventType                         build/debug/stm32h7xx_hal_uart_ex.o
HAL_UARTEx_ReceiveToIdle                          build/debug/stm32h7xx_hal_uart_ex.o
HAL_UARTEx_ReceiveToIdle_DMA                      build/debug/stm32h7xx_hal_uart_ex.o
HAL_UARTEx_ReceiveToIdle_IT                       build/debug/stm32h7xx_hal_uart_ex.o
HAL_UARTEx_RxEventCallback                        build/debug/stm32h7xx_hal_uart.o
HAL_UARTEx_RxFifoFullCallback                     build/debug/stm32h7xx_hal_uart_ex.o
                                                  build/debug/stm32h7xx_hal_uart.o
HAL_UARTEx_SetRxFifoThreshold                     build/debug/stm32h7xx_hal_uart_ex.o
HAL_UARTEx_SetTxFifoThreshold                     build/debug/stm32h7xx_hal_uart_ex.o
HAL_UARTEx_StopModeWakeUpSourceConfig             build/debug/stm32h7xx_hal_uart_ex.o
HAL_UARTEx_TxFifoEmptyCallback                    build/debug/stm32h7xx_hal_uart_ex.o
                                                  build/debug/stm32h7xx_hal_uart.o
HAL_UARTEx_WakeupCallback                         build/debug/stm32h7xx_hal_uart_ex.o
                                                  build/debug/stm32h7xx_hal_uart.o
HAL_UART_Abort                                    build/debug/stm32h7xx_hal_uart.o
HAL_UART_AbortCpltCallback                        build/debug/stm32h7xx_hal_uart.o
HAL_UART_AbortReceive                             build/debug/stm32h7xx_hal_uart.o
HAL_UART_AbortReceiveCpltCallback                 build/debug/stm32h7xx_hal_uart.o
HAL_UART_AbortReceive_IT                          build/debug/stm32h7xx_hal_uart.o
HAL_UART_AbortTransmit                            build/debug/stm32h7xx_hal_uart.o
HAL_UART_AbortTransmitCpltCallback                build/debug/stm32h7xx_hal_uart.o
HAL_UART_AbortTransmit_IT                         build/debug/stm32h7xx_hal_uart.o
HAL_UART_Abort_IT                                 build/debug/stm32h7xx_hal_uart.o
HAL_UART_DMAPause                                 build/debug/stm32h7xx_hal_uart.o
HAL_UART_DMAResume                                build/debug/stm32h7xx_hal_uart.o
HAL_UART_DMAStop                                  build/debug/stm32h7xx_hal_uart.o
HAL_UART_DeInit                                   build/debug/stm32h7xx_hal_uart.o
                                                  build/debug/stm32h7xx_nucleo.o
HAL_UART_DisableReceiverTimeout                   build/debug/stm32h7xx_hal_uart.o
HAL_UART_EnableReceiverTimeout                    build/debug/stm32h7xx_hal_uart.o
HAL_UART_ErrorCallback                            build/debug/stm32h7xx_hal_uart.o
HAL_UART_GetError                                 build/debug/stm32h7xx_hal_uart.o
HAL_UART_GetState                                 build/debug/stm32h7xx_hal_uart.o
HAL_UART_IRQHandler                               build/debug/stm32h7xx_hal_uart.o
HAL_UART_Init                                     build/debug/stm32h7xx_hal_uart.o
                                                  build/debug/stm32h7xx_nucleo.o
HAL_UART_MspDeInit                                build/debug/stm32h7xx_hal_uart.o
HAL_UART_MspInit                                  build/debug/stm32h7xx_hal_uart.o
                                                  build/debug/stm32h7xx_hal_uart_ex.o
HAL_UART_Receive                                  build/debug/stm32h7xx_hal_uart.o
HAL_UART_Receive_DMA                              build/debug/stm32h7xx_hal_uart.o
HAL_UART_Receive_IT                               build/debug/stm32h7xx_hal_uart.o
HAL_UART_ReceiverTimeout_Config                   build/debug/stm32h7xx_hal_uart.o
HAL_UART_RxCpltCallback                           build/debug/stm32h7xx_hal_uart.o
HAL_UART_RxHalfCpltCallback                       build/debug/stm32h7xx_hal_uart.o
HAL_UART_Transmit                                 build/debug/stm32h7xx_hal_uart.o
                                                  build/debug/stm32h7xx_nucleo.o
HAL_UART_Transmit_DMA                             build/debug/stm32h7xx_hal_uart.o
HAL_UART_Transmit_IT                              build/debug/stm32h7xx_hal_uart.o
HAL_UART_TxCpltCallback                           build/debug/stm32h7xx_hal_uart.o
HAL_UART_TxHalfCpltCallback                       build/debug/stm32h7xx_hal_uart.o
HSEM1_IRQHandler                                  build/debug/startup_stm32h723xx.o
HardFault_Handler                                 build/debug/stm32h7xx_it.o
I2C1_ER_IRQHandler                                build/debug/startup_stm32h723xx.o
I2C1_EV_IRQHandler                                build/debug/startup_stm32h723xx.o
I2C2_ER_IRQHandler                                build/debug/startup_stm32h723xx.o
I2C2_EV_IRQHandler                                build/debug/startup_stm32h723xx.o
I2C3_ER_IRQHandler                                build/debug/startup_stm32h723xx.o
I2C3_EV_IRQHandler                                build/debug/startup_stm32h723xx.o
I2C4_ER_IRQHandler                                build/debug/startup_stm32h723xx.o
I2C4_EV_IRQHandler                                build/debug/startup_stm32h723xx.o
I2C5_ER_IRQHandler                                build/debug/startup_stm32h723xx.o
I2C5_EV_IRQHandler                                build/debug/startup_stm32h723xx.o
LPTIM1_IRQHandler                                 build/debug/startup_stm32h723xx.o
LPTIM2_IRQHandler                                 build/debug/startup_stm32h723xx.o
LPTIM3_IRQHandler                                 build/debug/startup_stm32h723xx.o
LPTIM4_IRQHandler                                 build/debug/startup_stm32h723xx.o
LPTIM5_IRQHandler                                 build/debug/startup_stm32h723xx.o
LPUART1_IRQHandler                                build/debug/startup_stm32h723xx.o
LTDC_ER_IRQHandler                                build/debug/startup_stm32h723xx.o
LTDC_IRQHandler                                   build/debug/startup_stm32h723xx.o
MDIOS_IRQHandler                                  build/debug/startup_stm32h723xx.o
MDIOS_WKUP_IRQHandler                             build/debug/startup_stm32h723xx.o
MDMA_IRQHandler                                   build/debug/startup_stm32h723xx.o
MX_USART3_Init                                    build/debug/stm32h7xx_nucleo.o
MemManage_Handler                                 build/debug/stm32h7xx_it.o
NMI_Handler                                       build/debug/stm32h7xx_it.o
OCTOSPI1_IRQHandler                               build/debug/startup_stm32h723xx.o
OCTOSPI2_IRQHandler                               build/debug/startup_stm32h723xx.o
OTG_HS_EP1_IN_IRQHandler                          build/debug/startup_stm32h723xx.o
OTG_HS_EP1_OUT_IRQHandler                         build/debug/startup_stm32h723xx.o
OTG_HS_IRQHandler                                 build/debug/startup_stm32h723xx.o
OTG_HS_WKUP_IRQHandler                            build/debug/startup_stm32h723xx.o
PVD_AVD_IRQHandler                                build/debug/startup_stm32h723xx.o
PendSV_Handler                                    build/debug/stm32h7xx_it.o
RCC_IRQHandler                                    build/debug/startup_stm32h723xx.o