Archive member included to satisfy reference by file (symbol)

/usr/lib/gcc/arm-none-eabi/13.2.1/../../../arm-none-eabi/lib/thumb/v7e-m+dp/hard/libc_nano.a(libc_a-init.o)
                              /usr/lib/gcc/arm-none-eabi/13.2.1/../../../arm-none-eabi/lib/thumb/v7e-m+dp/hard/crt0.o (__libc_init_array)
/usr/lib/gcc/arm-none-eabi/13.2.1/../../../arm-none-eabi/lib/thumb/v7e-m+dp/hard/libc_nano.a(libc_a-memset.o)
                              /usr/lib/gcc/arm-none-eabi/13.2.1/../../../arm-none-eabi/lib/thumb/v7e-m+dp/hard/crt0.o (memset)
/usr/lib/gcc/arm-none-eabi/13.2.1/../../../arm-none-eabi/lib/thumb/v7e-m+dp/hard/libc_nano.a(libc_a-errno.o)
                              build/sysmem.o (__errno)
/usr/lib/gcc/arm-none-eabi/13.2.1/../../../arm-none-eabi/lib/thumb/v7e-m+dp/hard/libc_nano.a(libc_a-exit.o)
                              /usr/lib/gcc/arm-none-eabi/13.2.1/../../../arm-none-eabi/lib/thumb/v7e-m+dp/hard/crt0.o (exit)
/usr/lib/gcc/arm-none-eabi/13.2.1/../../../arm-none-eabi/lib/thumb/v7e-m+dp/hard/libc_nano.a(libc_a-atexit.o)
                              /usr/lib/gcc/arm-none-eabi/13.2.1/../../../arm-none-eabi/lib/thumb/v7e-m+dp/hard/crt0.o (atexit)
/usr/lib/gcc/arm-none-eabi/13.2.1/../../../arm-none-eabi/lib/thumb/v7e-m+dp/hard/libc_nano.a(libc_a-fini.o)
                              /usr/lib/gcc/arm-none-eabi/13.2.1/../../../arm-none-eabi/lib/thumb/v7e-m+dp/hard/crt0.o (__libc_fini_array)
/usr/lib/gcc/arm-none-eabi/13.2.1/../../../arm-none-eabi/lib/thumb/v7e-m+dp/hard/libc_nano.a(libc_a-impure.o)
                              /usr/lib/gcc/arm-none-eabi/13.2.1/../../../arm-none-eabi/lib/thumb/v7e-m+dp/hard/libc_nano.a(libc_a-errno.o) (_impure_ptr)
/usr/lib/gcc/arm-none-eabi/13.2.1/../../../arm-none-eabi/lib/thumb/v7e-m+dp/hard/libc_nano.a(libc_a-findfp.o)
                              /usr/lib/gcc/arm-none-eabi/13.2.1/../../../arm-none-eabi/lib/thumb/v7e-m+dp/hard/libc_nano.a(libc_a-exit.o) (__stdio_exit_handler)
/usr/lib/gcc/arm-none-eabi/13.2.1/../../../arm-none-eabi/lib/thumb/v7e-m+dp/hard/libc_nano.a(libc_a-fflush.o)
                              /usr/lib/gcc/arm-none-eabi/13.2.1/../../../arm-none-eabi/lib/thumb/v7e-m+dp/hard/libc_nano.a(libc_a-findfp.o) (_fflush_r)
/usr/lib/gcc/arm-none-eabi/13.2.1/../../../arm-none-eabi/lib/thumb/v7e-m+dp/hard/libc_nano.a(libc_a-mallocr.o)
                              /usr/lib/gcc/arm-none-eabi/13.2.1/../../../arm-none-eabi/lib/thumb/v7e-m+dp/hard/libc_nano.a(libc_a-findfp.o) (_malloc_r)
/usr/lib/gcc/arm-none-eabi/13.2.1/../../../arm-none-eabi/lib/thumb/v7e-m+dp/hard/libc_nano.a(libc_a-freer.o)
                              /usr/lib/gcc/arm-none-eabi/13.2.1/../../../arm-none-eabi/lib/thumb/v7e-m+dp/hard/libc_nano.a(libc_a-fflush.o) (_free_r)
/usr/lib/gcc/arm-none-eabi/13.2.1/../../../arm-none-eabi/lib/thumb/v7e-m+dp/hard/libc_nano.a(libc_a-fwalk.o)
                              /usr/lib/gcc/arm-none-eabi/13.2.1/../../../arm-none-eabi/lib/thumb/v7e-m+dp/hard/libc_nano.a(libc_a-findfp.o) (_fwalk_sglue)
/usr/lib/gcc/arm-none-eabi/13.2.1/../../../arm-none-eabi/lib/thumb/v7e-m+dp/hard/libc_nano.a(libc_a-__atexit.o)
                              /usr/lib/gcc/arm-none-eabi/13.2.1/../../../arm-none-eabi/lib/thumb/v7e-m+dp/hard/libc_nano.a(libc_a-atexit.o) (__register_exitproc)
/usr/lib/gcc/arm-none-eabi/13.2.1/../../../arm-none-eabi/lib/thumb/v7e-m+dp/hard/libc_nano.a(libc_a-mlock.o)
                              /usr/lib/gcc/arm-none-eabi/13.2.1/../../../arm-none-eabi/lib/thumb/v7e-m+dp/hard/libc_nano.a(libc_a-mallocr.o) (__malloc_lock)
/usr/lib/gcc/arm-none-eabi/13.2.1/../../../arm-none-eabi/lib/thumb/v7e-m+dp/hard/libc_nano.a(libc_a-sbrkr.o)
                              /usr/lib/gcc/arm-none-eabi/13.2.1/../../../arm-none-eabi/lib/thumb/v7e-m+dp/hard/libc_nano.a(libc_a-mallocr.o) (_sbrk_r)
/usr/lib/gcc/arm-none-eabi/13.2.1/../../../arm-none-eabi/lib/thumb/v7e-m+dp/hard/libc_nano.a(libc_a-stdio.o)
                              /usr/lib/gcc/arm-none-eabi/13.2.1/../../../arm-none-eabi/lib/thumb/v7e-m+dp/hard/libc_nano.a(libc_a-findfp.o) (__sread)
/usr/lib/gcc/arm-none-eabi/13.2.1/../../../arm-none-eabi/lib/thumb/v7e-m+dp/hard/libc_nano.a(libc_a-closer.o)
                              /usr/lib/gcc/arm-none-eabi/13.2.1/../../../arm-none-eabi/lib/thumb/v7e-m+dp/hard/libc_nano.a(libc_a-stdio.o) (_close_r)
/usr/lib/gcc/arm-none-eabi/13.2.1/../../../arm-none-eabi/lib/thumb/v7e-m+dp/hard/libc_nano.a(libc_a-__call_atexit.o)
                              /usr/lib/gcc/arm-none-eabi/13.2.1/../../../arm-none-eabi/lib/thumb/v7e-m+dp/hard/libc_nano.a(libc_a-__atexit.o) (__call_exitprocs)
/usr/lib/gcc/arm-none-eabi/13.2.1/../../../arm-none-eabi/lib/thumb/v7e-m+dp/hard/libc_nano.a(libc_a-readr.o)
                              /usr/lib/gcc/arm-none-eabi/13.2.1/../../../arm-none-eabi/lib/thumb/v7e-m+dp/hard/libc_nano.a(libc_a-stdio.o) (_read_r)
/usr/lib/gcc/arm-none-eabi/13.2.1/../../../arm-none-eabi/lib/thumb/v7e-m+dp/hard/libc_nano.a(libc_a-reent.o)
[...]
Memory Configuration

Name             Origin             Length             Attributes
DTCMRAM          0x20000000         0x00020000         xrw
RAM_D1           0x24000000         0x00050000         xrw
RAM_D2           0x30000000         0x00008000         xrw
RAM_D3           0x38000000         0x00004000         xrw
ITCMRAM          0x00000000         0x00010000         xrw
FLASH            0x08000000         0x00100000         xr
*default*        0x00000000         0xffffffff

Linker script and memory map

LOAD /usr/lib/gcc/arm-none-eabi/13.2.1/thumb/v7e-m+dp/hard/crti.o
LOAD /usr/lib/gcc/arm-none-eabi/13.2.1/thumb/v7e-m+dp/hard/crtbegin.o
LOAD /usr/lib/gcc/arm-none-eabi/13.2.1/../../../arm-none-eabi/lib/thumb/v7e-m+dp/hard/crt0.o
LOAD build/main.o
LOAD build/stm32h7xx_it.o
LOAD build/stm32h7xx_hal_msp.o
LOAD build/stm32h7xx_nucleo.o
LOAD build/stm32h7xx_hal_cortex.o
LOAD build/stm32h7xx_hal_rcc.o
LOAD build/stm32h7xx_hal_rcc_ex.o
LOAD build/stm32h7xx_hal_flash.o
LOAD build/stm32h7xx_hal_flash_ex.o
LOAD build/stm32h7xx_hal_gpio.o
LOAD build/stm32h7xx_hal_hsem.o
LOAD build/stm32h7xx_hal_dma.o
LOAD build/stm32h7xx_hal_dma_ex.o
LOAD build/stm32h7xx_hal_mdma.o
LOAD build/stm32h7xx_hal_pwr.o
LOAD build/stm32h7xx_hal_pwr_ex.o
LOAD build/stm32h7xx_hal.o
LOAD build/stm32h7xx_hal_i2c.o
LOAD build/stm32h7xx_hal_i2c_ex.o
LOAD build/stm32h7xx_hal_exti.o
LOAD build/stm32h7xx_hal_tim.o
LOAD build/stm32h7xx_hal_tim_ex.o
LOAD build/stm32h7xx_hal_usart.o
LOAD build/stm32h7xx_hal_usart_ex.o
LOAD build/stm32h7xx_hal_uart_ex.o
LOAD build/stm32h7xx_hal_uart.o
LOAD build/system_stm32h7xx.o
LOAD build/sysmem.o
LOAD build/syscalls.o
LOAD build/startup_stm32h723xx.o
LOAD /usr/lib/gcc/arm-none-eabi/13.2.1/../../../arm-none-eabi/lib/thumb/v7e-m+dp/hard/libc_nano.a
LOAD /usr/lib/gcc/arm-none-eabi/13.2.1/../../../arm-none-eabi/lib/thumb/v7e-m+dp/hard/libm.a
LOAD /usr/lib/gcc/arm-none-eabi/13.2.1/../../../arm-none-eabi/lib/thumb/v7e-m+dp/hard/libnosys.a
START GROUP
LOAD /usr/lib/gcc/arm-none-eabi/13.2.1/thumb/v7e-m+dp/hard/libgcc.a
LOAD /usr/lib/gcc/arm-none-eabi/13.2.1/../../../arm-none-eabi/lib/thumb/v7e-m+dp/hard/libc_nano.a
END GROUP
START GROUP
LOAD /usr/lib/gcc/arm-none-eabi/13.2.1/thumb/v7e-m+dp/hard/libgcc.a
LOAD /usr/lib/gcc/arm-none-eabi/13.2.1/../../../arm-none-eabi/lib/thumb/v7e-m+dp/hard/libc_nano.a
END GROUP
LOAD /usr/lib/gcc/arm-none-eabi/13.2.1/thumb/v7e-m+dp/hard/crtend.o
LOAD /usr/lib/gcc/arm-none-eabi/13.2.1/thumb/v7e-m+dp/hard/crtn.o
                0x20020000                        _estack = (ORIGIN (DTCMRAM) + LENGTH (DTCMRAM))
                0x00000200                        _Min_Heap_Size = 0x200
                0x00000400                        _Min_Stack_Size = 0x400

.isr_vector     0x08000000      0x2cc
                0x08000000                        . = ALIGN (0x4)
 *(.isr_vector)
 .isr_vector    0x08000000      0x2cc build/startup_stm32h723xx.o
                0x08000000                g_pfnVectors
                0x080002cc                        . = ALIGN (0x4)

.text           0x080002cc     0x2820
                0x080002cc                        . = ALIGN (0x4)
 *(.text)
 .text          0x080002cc       0x88 /usr/lib/gcc/arm-none-eabi/13.2.1/thumb/v7e-m+dp/hard/crtbegin.o
 .text          0x08000354       0x50 /usr/lib/gcc/arm-none-eabi/13.2.1/../../../arm-none-eabi/lib/thumb/v7e-m+dp/hard/libc_nano.a(libc_a-init.o)
                0x08000354                __libc_init_array
 .text          0x080003a4       0xa4 /usr/lib/gcc/arm-none-eabi/13.2.1/../../../arm-none-eabi/lib/thumb/v7e-m+dp/hard/libc_nano.a(libc_a-memset.o)
                0x080003a4                memset
 .text          0x08000448       0x30 /usr/lib/gcc/arm-none-eabi/13.2.1/thumb/v7e-m+dp/hard/libgcc.a(_aeabi_uldivmod.o)
                0x08000448                __aeabi_uldivmod
 .text          0x08000478      0x2bc /usr/lib/gcc/arm-none-eabi/13.2.1/thumb/v7e-m+dp/hard/libgcc.a(_udivmoddi4.o)
                0x08000478                __udivmoddi4
 .text          0x08000734        0x4 /usr/lib/gcc/arm-none-eabi/13.2.1/thumb/v7e-m+dp/hard/libgcc.a(_dvmd_tls.o)
                0x08000734                __aeabi_ldiv0
                0x08000734                __aeabi_idiv0
 *(.text*)
 .text.MX_GPIO_Init
                0x08000738       0x3c build/main.o
 .text.MPU_Config
                0x08000774       0x52 build/main.o
 .text.Error_Handler
                0x080007c6        0x4 build/main.o
                0x080007c6                Error_Handler
 *fill*         0x080007ca        0x2 
 .text.SystemClock_Config
                0x080007cc       0xac build/main.o
                0x080007cc                SystemClock_Config
 .text.main     0x08000878       0x64 build/main.o
                0x08000878                main
 .text.NMI_Handler
                0x080008dc        0x2 build/stm32h7xx_it.o
                0x080008dc                NMI_Handler
 .text.HardFault_Handler
                0x080008de        0x2 build/stm32h7xx_it.o
                0x080008de                HardFault_Handler
 .text.MemManage_Handler
                0x080008e0        0x2 build/stm32h7xx_it.o
                0x080008e0                MemManage_Handler
 .text.BusFault_Handler
                0x080008e2        0x2 build/stm32h7xx_it.o
                0x080008e2                BusFault_Handler
 .text.UsageFault_Handler
                0x080008e4        0x2 build/stm32h7xx_it.o
                0x080008e4                UsageFault_Handler
 .text.SVC_Handler
                0x080008e6        0x2 build/stm32h7xx_it.o
                0x080008e6                SVC_Handler
 .text.DebugMon_Handler
                0x080008e8        0x2 build/stm32h7xx_it.o
                0x080008e8                DebugMon_Handler
 .text.PendSV_Handler
                0x080008ea        0x2 build/stm32h7xx_it.o
                0x080008ea                PendSV_Handler
 .text.SysTick_Handler
                0x080008ec        0x8 build/stm32h7xx_it.o
                0x080008ec                SysTick_Handler
 .text.EXTI15_10_IRQHandler
                0x080008f4        0xa build/stm32h7xx_it.o
                0x080008f4                EXTI15_10_IRQHandler
 *fill*         0x080008fe        0x2 
 .text.HAL_MspInit
                0x08000900       0x24 build/stm32h7xx_hal_msp.o
                0x08000900                HAL_MspInit
 .text.COM1_MspInit
                0x08000924       0x8c build/stm32h7xx_nucleo.o
 .text.BSP_LED_Init
                0x080009b0       0xa4 build/stm32h7xx_nucleo.o
                0x080009b0                BSP_LED_Init
 .text.BSP_PB_Init
                0x08000a54       0x8c build/stm32h7xx_nucleo.o
                0x08000a54                BSP_PB_Init
 .text.BSP_PB_IRQHandler
                0x08000ae0       0x14 build/stm32h7xx_nucleo.o
                0x08000ae0                BSP_PB_IRQHandler
 .text.BSP_PB_Callback
                0x08000af4        0x2 build/stm32h7xx_nucleo.o
                0x08000af4                BSP_PB_Callback
 .text.BUTTON_USER_EXTI_Callback
                0x08000af6        0xa build/stm32h7xx_nucleo.o
 .text.MX_USART3_Init
                0x08000b00       0x30 build/stm32h7xx_nucleo.o
                0x08000b00                MX_USART3_Init
 .text.BSP_COM_Init
                0x08000b30       0x30 build/stm32h7xx_nucleo.o
                0x08000b30                BSP_COM_Init
 .text.__NVIC_EnableIRQ
                0x08000b60       0x1c build/stm32h7xx_hal_cortex.o
 .text.__NVIC_SetPriority
                0x08000b7c       0x24 build/stm32h7xx_hal_cortex.o
 .text.NVIC_EncodePriority
                0x08000ba0       0x3e build/stm32h7xx_hal_cortex.o
 *fill*         0x08000bde        0x2 
 .text.HAL_NVIC_SetPriorityGrouping
                0x08000be0       0x24 build/stm32h7xx_hal_cortex.o
                0x08000be0                HAL_NVIC_SetPriorityGrouping
 .text.HAL_NVIC_SetPriority
                0x08000c04       0x20 build/stm32h7xx_hal_cortex.o
                0x08000c04                HAL_NVIC_SetPriority
 .text.HAL_NVIC_EnableIRQ
                0x08000c24        0x8 build/stm32h7xx_hal_cortex.o
                0x08000c24                HAL_NVIC_EnableIRQ
 .text.HAL_SYSTICK_Config
                0x08000c2c       0x28 build/stm32h7xx_hal_cortex.o
                0x08000c2c                HAL_SYSTICK_Config
 .text.HAL_MPU_Disable
                0x08000c54       0x1c build/stm32h7xx_hal_cortex.o
                0x08000c54                HAL_MPU_Disable
 .text.HAL_MPU_Enable
                0x08000c70       0x20 build/stm32h7xx_hal_cortex.o
                0x08000c70                HAL_MPU_Enable
 .text.HAL_MPU_ConfigRegion
                0x08000c90       0x58 build/stm32h7xx_hal_cortex.o
                0x08000c90                HAL_MPU_ConfigRegion
 .text.HAL_RCC_OscConfig
                0x08000ce8      0x5e4 build/stm32h7xx_hal_rcc.o
                0x08000ce8                HAL_RCC_OscConfig
 .text.HAL_RCC_GetSysClockFreq
                0x080012cc      0x1f8 build/stm32h7xx_hal_rcc.o
                0x080012cc                HAL_RCC_GetSysClockFreq
 .text.HAL_RCC_ClockConfig
                0x080014c4      0x294 build/stm32h7xx_hal_rcc.o
                0x080014c4                HAL_RCC_ClockConfig
 .text.HAL_RCC_GetHCLKFreq
                0x08001758       0x44 build/stm32h7xx_hal_rcc.o
                0x08001758                HAL_RCC_GetHCLKFreq
 .text.HAL_RCC_GetPCLK1Freq
                0x0800179c       0x24 build/stm32h7xx_hal_rcc.o
                0x0800179c                HAL_RCC_GetPCLK1Freq
 .text.HAL_RCC_GetPCLK2Freq
                0x080017c0       0x24 build/stm32h7xx_hal_rcc.o
                0x080017c0                HAL_RCC_GetPCLK2Freq
 .text.HAL_RCCEx_GetD3PCLK1Freq
                0x080017e4       0x24 build/stm32h7xx_hal_rcc_ex.o
                0x080017e4                HAL_RCCEx_GetD3PCLK1Freq
 .text.HAL_RCCEx_GetPLL2ClockFreq
                0x08001808      0x200 build/stm32h7xx_hal_rcc_ex.o
                0x08001808                HAL_RCCEx_GetPLL2ClockFreq
 .text.HAL_RCCEx_GetPLL3ClockFreq
                0x08001a08      0x200 build/stm32h7xx_hal_rcc_ex.o
                0x08001a08                HAL_RCCEx_GetPLL3ClockFreq
 .text.HAL_GPIO_Init
                0x08001c08      0x214 build/stm32h7xx_hal_gpio.o
                0x08001c08                HAL_GPIO_Init
 .text.HAL_GPIO_WritePin
                0x08001e1c        0xc build/stm32h7xx_hal_gpio.o
                0x08001e1c                HAL_GPIO_WritePin
 .text.HAL_GPIO_TogglePin
                0x08001e28       0x12 build/stm32h7xx_hal_gpio.o
                0x08001e28                HAL_GPIO_TogglePin
 *fill*         0x08001e3a        0x2 
 .text.HAL_PWREx_ConfigSupply
                0x08001e3c       0x54 build/stm32h7xx_hal_pwr_ex.o
                0x08001e3c                HAL_PWREx_ConfigSupply
 .text.HAL_InitTick
                0x08001e90       0x50 build/stm32h7xx_hal.o
                0x08001e90                HAL_InitTick
 .text.HAL_Init
                0x08001ee0       0x5c build/stm32h7xx_hal.o
                0x08001ee0                HAL_Init
 .text.HAL_IncTick
                0x08001f3c       0x18 build/stm32h7xx_hal.o
                0x08001f3c                HAL_IncTick
 .text.HAL_GetTick
                0x08001f54        0xc build/stm32h7xx_hal.o
                0x08001f54                HAL_GetTick
 .text.HAL_Delay
                0x08001f60       0x28 build/stm32h7xx_hal.o
                0x08001f60                HAL_Delay
 .text.HAL_EXTI_RegisterCallback
                0x08001f88       0x12 build/stm32h7xx_hal_exti.o
                0x08001f88                HAL_EXTI_RegisterCallback
 .text.HAL_EXTI_GetHandle
                0x08001f9a        0xc build/stm32h7xx_hal_exti.o
                0x08001f9a                HAL_EXTI_GetHandle
 *fill*         0x08001fa6        0x2 
 .text.HAL_EXTI_IRQHandler
                0x08001fa8       0x28 build/stm32h7xx_hal_exti.o
                0x08001fa8                HAL_EXTI_IRQHandler
 .text.UART_EndRxTransfer
                0x08001fd0       0x58 build/stm32h7xx_hal_uart.o
 .text.HAL_UART_MspInit
                0x08002028        0x2 build/stm32h7xx_hal_uart.o
                0x08002028                HAL_UART_MspInit
 *fill*         0x0800202a        0x2 
 .text.UART_SetConfig
                0x0800202c      0x6c4 build/stm32h7xx_hal_uart.o
                0x0800202c                UART_SetConfig
 .text.UART_AdvFeatureConfig
                0x080026f0       0xca build/stm32h7xx_hal_uart.o
                0x080026f0                UART_AdvFeatureConfig
 .text.UART_WaitOnFlagUntilTimeout
                0x080027ba       0xa6 build/stm32h7xx_hal_uart.o
                0x080027ba                UART_WaitOnFlagUntilTimeout
 .text.UART_CheckIdleState
                0x08002860       0xca build/stm32h7xx_hal_uart.o
                0x08002860                UART_CheckIdleState
 .text.HAL_UART_Init
                0x0800292a       0x66 build/stm32h7xx_hal_uart.o
                0x0800292a                HAL_UART_Init
 .text.SystemInit
                0x08002990       0xd0 build/system_stm32h7xx.o
                0x08002990                SystemInit
 .text.ExitRun0Mode
                0x08002a60       0x1c build/system_stm32h7xx.o
                0x08002a60                ExitRun0Mode
 .text.Reset_Handler
                0x08002a7c       0x54 build/startup_stm32h723xx.o
                0x08002a7c                Reset_Handler
 .text.Default_Handler
                0x08002ad0        0x2 build/startup_stm32h723xx.o
                0x08002ad0                RTC_Alarm_IRQHandler
                0x08002ad0                EXTI2_IRQHandler
                0x08002ad0                TIM8_CC_IRQHandler
                0x08002ad0                UART8_IRQHandler
                0x08002ad0                SPI4_IRQHandler
                0x08002ad0                FDCAN3_IT0_IRQHandler
                0x08002ad0                TIM1_CC_IRQHandler
                0x08002ad0                BDMA_Channel6_IRQHandler
                0x08002ad0                DMA2_Stream5_IRQHandler
                0x08002ad0                DMA1_Stream5_IRQHandler
                0x08002ad0                CORDIC_IRQHandler
                0x08002ad0                BDMA_Channel1_IRQHandler
                0x08002ad0                TAMP_STAMP_IRQHandler
                0x08002ad0                EXTI3_IRQHandler
                0x08002ad0                LPTIM4_IRQHandler
                0x08002ad0                TIM8_TRG_COM_TIM14_IRQHandler
                0x08002ad0                LPTIM2_IRQHandler
                0x08002ad0                DFSDM1_FLT1_IRQHandler
                0x08002ad0                DMAMUX2_OVR_IRQHandler
                0x08002ad0                TIM8_UP_TIM13_IRQHandler
                0x08002ad0                I2C3_ER_IRQHandler
                0x08002ad0                DFSDM1_FLT2_IRQHandler
                0x08002ad0                I2C5_EV_IRQHandler
                0x08002ad0                USART10_IRQHandler
                0x08002ad0                MDMA_IRQHandler
                0x08002ad0                LPTIM3_IRQHandler
                0x08002ad0                HSEM1_IRQHandler
                0x08002ad0                EXTI0_IRQHandler
                0x08002ad0                I2C2_EV_IRQHandler
                0x08002ad0                DMA1_Stream2_IRQHandler
                0x08002ad0                FPU_IRQHandler
                0x08002ad0                OTG_HS_WKUP_IRQHandler
                0x08002ad0                FDCAN1_IT1_IRQHandler
                0x08002ad0                LTDC_ER_IRQHandler
                0x08002ad0                DMA2_Stream2_IRQHandler
                0x08002ad0                SPI1_IRQHandler
                0x08002ad0                OCTOSPI1_IRQHandler
                0x08002ad0                TIM6_DAC_IRQHandler
                0x08002ad0                DMA2_Stream3_IRQHandler
                0x08002ad0                OCTOSPI2_IRQHandler
                0x08002ad0                DFSDM1_FLT3_IRQHandler
                0x08002ad0                TIM23_IRQHandler
                0x08002ad0                USART6_IRQHandler
                0x08002ad0                TIM17_IRQHandler
                0x08002ad0                USART3_IRQHandler
                0x08002ad0                BDMA_Channel7_IRQHandler
                0x08002ad0                LPTIM5_IRQHandler
                0x08002ad0                UART5_IRQHandler
                0x08002ad0                ADC3_IRQHandler
                0x08002ad0                DMA2_Stream0_IRQHandler
                0x08002ad0                TIM4_IRQHandler
                0x08002ad0                BDMA_Channel2_IRQHandler
                0x08002ad0                I2C1_EV_IRQHandler
                0x08002ad0                DMA1_Stream6_IRQHandler
                0x08002ad0                DMAMUX1_OVR_IRQHandler
                0x08002ad0                DMA1_Stream1_IRQHandler
                0x08002ad0                TIM16_IRQHandler
                0x08002ad0                UART4_IRQHandler
                0x08002ad0                BDMA_Channel5_IRQHandler
                0x08002ad0                TIM3_IRQHandler
                0x08002ad0                RCC_IRQHandler
                0x08002ad0                UART9_IRQHandler
                0x08002ad0                TIM8_BRK_TIM12_IRQHandler
                0x08002ad0                TIM1_TRG_COM_IRQHandler
                0x08002ad0                Default_Handler
                0x08002ad0                ECC_IRQHandler
                0x08002ad0                FMAC_IRQHandler
                0x08002ad0                CEC_IRQHandler
                0x08002ad0                BDMA_Channel0_IRQHandler
                0x08002ad0                ADC_IRQHandler
                0x08002ad0                I2C5_ER_IRQHandler
                0x08002ad0                DMA1_Stream7_IRQHandler
                0x08002ad0                SPI5_IRQHandler
                0x08002ad0                TIM7_IRQHandler
                0x08002ad0                FDCAN3_IT1_IRQHandler
                0x08002ad0                SDMMC1_IRQHandler
                0x08002ad0                TIM5_IRQHandler
                0x08002ad0                DMA2_Stream7_IRQHandler
                0x08002ad0                TIM15_IRQHandler
                0x08002ad0                PVD_AVD_IRQHandler
                0x08002ad0                I2C3_EV_IRQHandler
                0x08002ad0                EXTI9_5_IRQHandler
                0x08002ad0                RTC_WKUP_IRQHandler
                0x08002ad0                LTDC_IRQHandler
                0x08002ad0                ETH_WKUP_IRQHandler
                0x08002ad0                SPDIF_RX_IRQHandler
                0x08002ad0                SPI2_IRQHandler
                0x08002ad0                OTG_HS_EP1_IN_IRQHandler
                0x08002ad0                DMA1_Stream0_IRQHandler
                0x08002ad0                TIM24_IRQHandler
                0x08002ad0                CRS_IRQHandler
                0x08002ad0                EXTI4_IRQHandler
                0x08002ad0                RNG_IRQHandler
                0x08002ad0                FDCAN2_IT1_IRQHandler
                0x08002ad0                ETH_IRQHandler
                0x08002ad0                TIM1_UP_IRQHandler
                0x08002ad0                BDMA_Channel4_IRQHandler
                0x08002ad0                OTG_HS_EP1_OUT_IRQHandler
                0x08002ad0                WWDG_IRQHandler
                0x08002ad0                SPI6_IRQHandler
                0x08002ad0                MDIOS_IRQHandler
                0x08002ad0                I2C4_EV_IRQHandler
                0x08002ad0                FDCAN2_IT0_IRQHandler
                0x08002ad0                LPUART1_IRQHandler
                0x08002ad0                FDCAN1_IT0_IRQHandler
                0x08002ad0                TIM2_IRQHandler
                0x08002ad0                OTG_HS_IRQHandler
                0x08002ad0                DMA2D_IRQHandler
                0x08002ad0                TIM1_BRK_IRQHandler
                0x08002ad0                EXTI1_IRQHandler
                0x08002ad0                SDMMC2_IRQHandler
                0x08002ad0                BDMA_Channel3_IRQHandler
                0x08002ad0                DTS_IRQHandler
                0x08002ad0                UART7_IRQHandler
                0x08002ad0                MDIOS_WKUP_IRQHandler
                0x08002ad0                USART2_IRQHandler
                0x08002ad0                DFSDM1_FLT0_IRQHandler
                0x08002ad0                SAI4_IRQHandler
                0x08002ad0                I2C2_ER_IRQHandler
                0x08002ad0                DMA2_Stream1_IRQHandler
                0x08002ad0                FLASH_IRQHandler
                0x08002ad0                DMA2_Stream4_IRQHandler
                0x08002ad0                USART1_IRQHandler
                0x08002ad0                SPI3_IRQHandler
                0x08002ad0                WAKEUP_PIN_IRQHandler
                0x08002ad0                DMA1_Stream4_IRQHandler
                0x08002ad0                I2C1_ER_IRQHandler
                0x08002ad0                FMC_IRQHandler
                0x08002ad0                FDCAN_CAL_IRQHandler
                0x08002ad0                SWPMI1_IRQHandler
                0x08002ad0                COMP1_IRQHandler
                0x08002ad0                LPTIM1_IRQHandler
                0x08002ad0                DCMI_PSSI_IRQHandler
                0x08002ad0                I2C4_ER_IRQHandler
                0x08002ad0                DMA2_Stream6_IRQHandler
                0x08002ad0                SAI1_IRQHandler
                0x08002ad0                DMA1_Stream3_IRQHandler
 *(.glue_7)
 .glue_7        0x08002ad2        0x0 linker stubs
 *(.glue_7t)
 .glue_7t       0x08002ad2        0x0 linker stubs
 *(.eh_frame)
 *fill*         0x08002ad2        0x2 
 .eh_frame      0x08002ad4        0x0 /usr/lib/gcc/arm-none-eabi/13.2.1/thumb/v7e-m+dp/hard/crtbegin.o
 *(.init)
 .init          0x08002ad4        0x4 /usr/lib/gcc/arm-none-eabi/13.2.1/thumb/v7e-m+dp/hard/crti.o
                0x08002ad4                _init
 .init          0x08002ad8        0x8 /usr/lib/gcc/arm-none-eabi/13.2.1/thumb/v7e-m+dp/hard/crtn.o
 *(.fini)
 .fini          0x08002ae0        0x4 /usr/lib/gcc/arm-none-eabi/13.2.1/thumb/v7e-m+dp/hard/crti.o
                0x08002ae0                _fini
 .fini          0x08002ae4        0x8 /usr/lib/gcc/arm-none-eabi/13.2.1/thumb/v7e-m+dp/hard/crtn.o
                0x08002aec                        . = ALIGN (0x4)
                0x08002aec                        _etext = .

.vfp11_veneer   0x08002aec        0x0
 .vfp11_veneer  0x08002aec        0x0 linker stubs

.v4_bx          0x08002aec        0x0
 .v4_bx         0x08002aec        0x0 linker stubs

.iplt           0x08002aec        0x0
 .iplt          0x08002aec        0x0 /usr/lib/gcc/arm-none-eabi/13.2.1/thumb/v7e-m+dp/hard/crtbegin.o

.rodata         0x08002aec       0x3c
                0x08002aec                        . = ALIGN (0x4)
 *(.rodata)
 *(.rodata*)
 .rodata.LED_PIN
                0x08002aec        0x6 build/stm32h7xx_nucleo.o
 *fill*         0x08002af2        0x2 
 .rodata.LED_PORT
                0x08002af4        0xc build/stm32h7xx_nucleo.o
 .rodata.UARTPrescTable
                0x08002b00       0x18 build/stm32h7xx_hal_uart.o
                0x08002b00                UARTPrescTable
 .rodata.D1CorePrescTable
                0x08002b18       0x10 build/system_stm32h7xx.o
                0x08002b18                D1CorePrescTable
                0x08002b28                        . = ALIGN (0x4)

.ARM.extab      0x08002b28        0x0
                0x08002b28                        . = ALIGN (0x4)
 *(.ARM.extab* .gnu.linkonce.armextab.*)
                0x08002b28                        . = ALIGN (0x4)

.ARM            0x08002b28        0x8
                0x08002b28                        . = ALIGN (0x4)
                0x08002b28                        __exidx_start = .
 *(.ARM.exidx*)
 .ARM.exidx     0x08002b28        0x8 /usr/lib/gcc/arm-none-eabi/13.2.1/thumb/v7e-m+dp/hard/libgcc.a(_udivmoddi4.o)
                0x08002b30                        __exidx_end = .
                0x08002b30                        . = ALIGN (0x4)

.preinit_array  0x08002b30        0x0
                0x08002b30                        . = ALIGN (0x4)
                0x08002b30                        PROVIDE (__preinit_array_start = .)
 *(.preinit_array*)
                0x08002b30                        PROVIDE (__preinit_array_end = .)
                0x08002b30                        . = ALIGN (0x4)

.init_array     0x08002b30        0x4
                0x08002b30                        . = ALIGN (0x4)
                0x08002b30                        PROVIDE (__init_array_start = .)
 *(SORT_BY_NAME(.init_array.*))
 *(.init_array*)
 .init_array    0x08002b30        0x4 /usr/lib/gcc/arm-none-eabi/13.2.1/thumb/v7e-m+dp/hard/crtbegin.o
                0x08002b34                        PROVIDE (__init_array_end = .)
                0x08002b34                        . = ALIGN (0x4)

.fini_array     0x08002b34        0x4
                0x08002b34                        . = ALIGN (0x4)
                0x08002b34                        PROVIDE (__fini_array_start = .)
 *(SORT_BY_NAME(.fini_array.*))
 *(.fini_array*)
 .fini_array    0x08002b34        0x4 /usr/lib/gcc/arm-none-eabi/13.2.1/thumb/v7e-m+dp/hard/crtbegin.o
                0x08002b38                        PROVIDE (__fini_array_end = .)
                0x08002b38                        . = ALIGN (0x4)
                0x08002b38                        _sidata = LOADADDR (.data)

.rel.dyn        0x08002b38        0x0
 .rel.iplt      0x08002b38        0x0 /usr/lib/gcc/arm-none-eabi/13.2.1/thumb/v7e-m+dp/hard/crtbegin.o

.data           0x20000000       0x14 load address 0x08002b38
                0x20000000                        . = ALIGN (0x4)
                0x20000000                        _sdata = .
 *(.data)
 *(.data*)
 .data.COM_USART
                0x20000000        0x4 build/stm32h7xx_nucleo.o
                0x20000000                COM_USART
 .data.uwTickFreq
                0x20000004        0x1 build/stm32h7xx_hal.o
                0x20000004                uwTickFreq
 *fill*         0x20000005        0x3 
 .data.uwTickPrio
                0x20000008        0x4 build/stm32h7xx_hal.o
                0x20000008                uwTickPrio
 .data.SystemD2Clock
                0x2000000c        0x4 build/system_stm32h7xx.o
                0x2000000c                SystemD2Clock
 .data.SystemCoreClock
                0x20000010        0x4 build/system_stm32h7xx.o
                0x20000010                SystemCoreClock
 *(.RamFunc)
 *(.RamFunc*)
                0x20000014                        . = ALIGN (0x4)
                0x20000014                        _edata = .

.tm_clone_table
                0x20000014        0x0 load address 0x08002b4c
 .tm_clone_table
                0x20000014        0x0 /usr/lib/gcc/arm-none-eabi/13.2.1/thumb/v7e-m+dp/hard/crtbegin.o
 .tm_clone_table
                0x20000014        0x0 /usr/lib/gcc/arm-none-eabi/13.2.1/thumb/v7e-m+dp/hard/crtend.o

.igot.plt       0x20000014        0x0 load address 0x08002b4c
 .igot.plt      0x20000014        0x0 /usr/lib/gcc/arm-none-eabi/13.2.1/thumb/v7e-m+dp/hard/crtbegin.o
                0x20000014                        . = ALIGN (0x4)

.bss            0x20000014       0xcc load address 0x08002b4c
                0x20000014                        _sbss = .
                0x20000014                        __bss_start__ = _sbss
 *(.bss)
 .bss           0x20000014       0x1c /usr/lib/gcc/arm-none-eabi/13.2.1/thumb/v7e-m+dp/hard/crtbegin.o
 *(.bss*)
 .bss.BspCOMInit
                0x20000030       0x10 build/main.o
                0x20000030                BspCOMInit
 .bss.hcom_uart
                0x20000040       0x94 build/stm32h7xx_nucleo.o
                0x20000040                hcom_uart
 .bss.hpb_exti  0x200000d4        0x8 build/stm32h7xx_nucleo.o
                0x200000d4                hpb_exti
 .bss.uwTick    0x200000dc        0x4 build/stm32h7xx_hal.o
                0x200000dc                uwTick
 *(COMMON)
                0x200000e0                        . = ALIGN (0x4)
                0x200000e0                        _ebss = .
                0x200000e0                        __bss_end__ = _ebss

._user_heap_stack
                0x200000e0      0x600 load address 0x08002b4c
                0x200000e0                        . = ALIGN (0x8)
                [!provide]                        PROVIDE (end = .)
                0x200000e0                        PROVIDE (_end = .)
                0x200002e0                        . = (. + _Min_Heap_Size)
 *fill*         0x200000e0      0x200 
                0x200006e0                        . = (. + _Min_Stack_Size)
 *fill*         0x200002e0      0x400 
                0x200006e0                        . = ALIGN (0x8)

/DISCARD/
 libc.a(*)
 libm.a(*)
 libgcc.a(*)
OUTPUT(build/lab-1.elf elf32-littlearm)
LOAD linker stubs
LOAD /usr/lib/gcc/arm-none-eabi/13.2.1/../../../arm-none-eabi/lib/thumb/v7e-m+dp/hard/libc.a
LOAD /usr/lib/gcc/arm-none-eabi/13.2.1/../../../arm-none-eabi/lib/thumb/v7e-m+dp/hard/libm.a
LOAD /usr/lib/gcc/arm-none-eabi/13.2.1/thumb/v7e-m+dp/hard/libgcc.a

.ARM.attributes
                0x00000000       0x2e
 .ARM.attributes
                0x00000000       0x20 /usr/lib/gcc/arm-none-eabi/13.2.1/thumb/v7e-m+dp/hard/crti.o
 .ARM.attributes
                0x00000020       0x32 /usr/lib/gcc/arm-none-eabi/13.2.1/thumb/v7e-m+dp/hard/crtbegin.o
 .ARM.attributes
                0x00000052       0x32 build/main.o
 .ARM.attributes
                0x00000084       0x32 build/stm32h7xx_it.o
 .ARM.attributes
                0x000000b6       0x32 build/stm32h7xx_hal_msp.o
 .ARM.attributes
                0x000000e8       0x32 build/stm32h7xx_nucleo.o
 .ARM.attributes
                0x0000011a       0x32 build/stm32h7xx_hal_cortex.o
 .ARM.attributes
                0x0000014c       0x32 build/stm32h7xx_hal_rcc.o
 .ARM.attributes
                0x0000017e       0x32 build/stm32h7xx_hal_rcc_ex.o
 .ARM.attributes
                0x000001b0       0x32 build/stm32h7xx_hal_gpio.o
 .ARM.attributes
                0x000001e2       0x32 build/stm32h7xx_hal_pwr_ex.o
 .ARM.attributes
                0x00000214       0x32 build/stm32h7xx_hal.o
 .ARM.attributes
                0x00000246       0x32 build/stm32h7xx_hal_exti.o
 .ARM.attributes
                0x00000278       0x32 build/stm32h7xx_hal_uart.o
 .ARM.attributes
                0x000002aa       0x32 build/system_stm32h7xx.o
 .ARM.attributes
                0x000002dc       0x21 build/startup_stm32h723xx.o
 .ARM.attributes
                0x000002fd       0x32 /usr/lib/gcc/arm-none-eabi/13.2.1/../../../arm-none-eabi/lib/thumb/v7e-m+dp/hard/libc_nano.a(libc_a-init.o)
 .ARM.attributes
                0x0000032f       0x32 /usr/lib/gcc/arm-none-eabi/13.2.1/../../../arm-none-eabi/lib/thumb/v7e-m+dp/hard/libc_nano.a(libc_a-memset.o)
 .ARM.attributes
                0x00000361       0x20 /usr/lib/gcc/arm-none-eabi/13.2.1/thumb/v7e-m+dp/hard/libgcc.a(_aeabi_uldivmod.o)
 .ARM.attributes
                0x00000381       0x32 /usr/lib/gcc/arm-none-eabi/13.2.1/thumb/v7e-m+dp/hard/libgcc.a(_udivmoddi4.o)
 .ARM.attributes
                0x000003b3       0x20 /usr/lib/gcc/arm-none-eabi/13.2.1/thumb/v7e-m+dp/hard/libgcc.a(_dvmd_tls.o)
 .ARM.attributes
                0x000003d3       0x32 /usr/lib/gcc/arm-none-eabi/13.2.1/thumb/v7e-m+dp/hard/crtend.o
 .ARM.attributes
                0x00000405       0x20 /usr/lib/gcc/arm-none-eabi/13.2.1/thumb/v7e-m+dp/hard/crtn.o

.comment        0x00000000       0x26
 .comment       0x00000000       0x26 /usr/lib/gcc/arm-none-eabi/13.2.1/thumb/v7e-m+dp/hard/crtbegin.o
                                 0x27 (size before relaxing)
 .comment       0x00000026       0x27 build/main.o
 .comment       0x00000026       0x27 build/stm32h7xx_it.o
 .comment       0x00000026       0x27 build/stm32h7xx_hal_msp.o
 .comment       0x00000026       0x27 build/stm32h7xx_nucleo.o
 .comment       0x00000026       0x27 build/stm32h7xx_hal_cortex.o
 .comment       0x00000026       0x27 build/stm32h7xx_hal_rcc.o
 .comment       0x00000026       0x27 build/stm32h7xx_hal_rcc_ex.o
 .comment       0x00000026       0x27 build/stm32h7xx_hal_gpio.o
 .comment       0x00000026       0x27 build/stm32h7xx_hal_pwr_ex.o
 .comment       0x00000026       0x27 build/stm32h7xx_hal.o
 .comment       0x00000026       0x27 build/stm32h7xx_hal_exti.o
 .comment       0x00000026       0x27 build/stm32h7xx_hal_uart.o
 .comment       0x00000026       0x27 build/system_stm32h7xx.o
 .comment       0x00000026       0x27 /usr/lib/gcc/arm-none-eabi/13.2.1/../../../arm-none-eabi/lib/thumb/v7e-m+dp/hard/libc_nano.a(libc_a-init.o)
 .comment       0x00000026       0x27 /usr/lib/gcc/arm-none-eabi/13.2.1/../../../arm-none-eabi/lib/thumb/v7e-m+dp/hard/libc_nano.a(libc_a-memset.o)
 .comment       0x00000026       0x27 /usr/lib/gcc/arm-none-eabi/13.2.1/thumb/v7e-m+dp/hard/libgcc.a(_udivmoddi4.o)
 .comment       0x00000026       0x27 /usr/lib/gcc/arm-none-eabi/13.2.1/thumb/v7e-m+dp/hard/crtend.o

.debug_info     0x00000000    0x1445c
 .debug_info    0x00000000     0x105a build/main.o
 .debug_info    0x0000105a      0x1d5 build/stm32h7xx_it.o
 .debug_info    0x0000122f      0x537 build/stm32h7xx_hal_msp.o
 .debug_info    0x00001766     0x20d1 build/stm32h7xx_nucleo.o
 .debug_info    0x00003837     0x154c build/stm32h7xx_hal_cortex.o
 .debug_info    0x00004d83     0x128d build/stm32h7xx_hal_rcc.o
 .debug_info    0x00006010     0x1c52 build/stm32h7xx_hal_rcc_ex.o
 .debug_info    0x00007c62      0xee8 build/stm32h7xx_hal_gpio.o
 .debug_info    0x00008b4a     0x113d build/stm32h7xx_hal_pwr_ex.o
 .debug_info    0x00009c87     0x1a8d build/stm32h7xx_hal.o
 .debug_info    0x0000b714      0xb51 build/stm32h7xx_hal_exti.o
 .debug_info    0x0000c265     0x6ab0 build/stm32h7xx_hal_uart.o
 .debug_info    0x00012d15      0xd82 build/system_stm32h7xx.o
 .debug_info    0x00013a97       0x30 build/startup_stm32h723xx.o
 .debug_info    0x00013ac7      0x10b /usr/lib/gcc/arm-none-eabi/13.2.1/../../../arm-none-eabi/lib/thumb/v7e-m+dp/hard/libc_nano.a(libc_a-init.o)
 .debug_info    0x00013bd2      0x135 /usr/lib/gcc/arm-none-eabi/13.2.1/../../../arm-none-eabi/lib/thumb/v7e-m+dp/hard/libc_nano.a(libc_a-memset.o)
 .debug_info    0x00013d07       0x24 /usr/lib/gcc/arm-none-eabi/13.2.1/thumb/v7e-m+dp/hard/libgcc.a(_aeabi_uldivmod.o)
 .debug_info    0x00013d2b      0x6f5 /usr/lib/gcc/arm-none-eabi/13.2.1/thumb/v7e-m+dp/hard/libgcc.a(_udivmoddi4.o)
 .debug_info    0x00014420       0x3c /usr/lib/gcc/arm-none-eabi/13.2.1/thumb/v7e-m+dp/hard/libgcc.a(_dvmd_tls.o)

.debug_abbrev   0x00000000     0x230e
 .debug_abbrev  0x00000000      0x305 build/main.o
 .debug_abbrev  0x00000305       0xde build/stm32h7xx_it.o
 .debug_abbrev  0x000003e3       0xc8 build/stm32h7xx_hal_msp.o
 .debug_abbrev  0x000004ab      0x382 build/stm32h7xx_nucleo.o
 .debug_abbrev  0x0000082d      0x3e6 build/stm32h7xx_hal_cortex.o
 .debug_abbrev  0x00000c13      0x29b build/stm32h7xx_hal_rcc.o
 .debug_abbrev  0x00000eae      0x285 build/stm32h7xx_hal_rcc_ex.o
 .debug_abbrev  0x00001133      0x25a build/stm32h7xx_hal_gpio.o
 .debug_abbrev  0x0000138d      0x2ca build/stm32h7xx_hal_pwr_ex.o
 .debug_abbrev  0x00001657      0x2ba build/stm32h7xx_hal.o
 .debug_abbrev  0x00001911      0x1e7 build/stm32h7xx_hal_exti.o
 .debug_abbrev  0x00001af8      0x391 build/stm32h7xx_hal_uart.o
 .debug_abbrev  0x00001e89      0x144 build/system_stm32h7xx.o
 .debug_abbrev  0x00001fcd       0x1d build/startup_stm32h723xx.o
 .debug_abbrev  0x00001fea       0xc9 /usr/lib/gcc/arm-none-eabi/13.2.1/../../../arm-none-eabi/lib/thumb/v7e-m+dp/hard/libc_nano.a(libc_a-init.o)
 .debug_abbrev  0x000020b3       0xb7 /usr/lib/gcc/arm-none-eabi/13.2.1/../../../arm-none-eabi/lib/thumb/v7e-m+dp/hard/libc_nano.a(libc_a-memset.o)
 .debug_abbrev  0x0000216a       0x14 /usr/lib/gcc/arm-none-eabi/13.2.1/thumb/v7e-m+dp/hard/libgcc.a(_aeabi_uldivmod.o)
 .debug_abbrev  0x0000217e      0x16a /usr/lib/gcc/arm-none-eabi/13.2.1/thumb/v7e-m+dp/hard/libgcc.a(_udivmoddi4.o)
 .debug_abbrev  0x000022e8       0x26 /usr/lib/gcc/arm-none-eabi/13.2.1/thumb/v7e-m+dp/hard/libgcc.a(_dvmd_tls.o)

.debug_loc      0x00000000     0xc4af
 .debug_loc     0x00000000      0x1b0 build/main.o
 .debug_loc     0x000001b0       0x40 build/stm32h7xx_it.o
 .debug_loc     0x000001f0       0x2c build/stm32h7xx_hal_msp.o
 .debug_loc     0x0000021c      0x979 build/stm32h7xx_nucleo.o
 .debug_loc     0x00000b95      0x898 build/stm32h7xx_hal_cortex.o
 .debug_loc     0x0000142d      0xabc build/stm32h7xx_hal_rcc.o
 .debug_loc     0x00001ee9     0x1e5c build/stm32h7xx_hal_rcc_ex.o
 .debug_loc     0x00003d45      0x4b2 build/stm32h7xx_hal_gpio.o
 .debug_loc     0x000041f7      0x5f3 build/stm32h7xx_hal_pwr_ex.o
 .debug_loc     0x000047ea      0x59b build/stm32h7xx_hal.o
 .debug_loc     0x00004d85      0xef1 build/stm32h7xx_hal_exti.o
 .debug_loc     0x00005c76     0x6661 build/stm32h7xx_hal_uart.o
 .debug_loc     0x0000c2d7      0x1d8 build/system_stm32h7xx.o

.debug_aranges  0x00000000      0xb10
 .debug_aranges
                0x00000000       0x50 build/main.o
 .debug_aranges
                0x00000050       0x68 build/stm32h7xx_it.o
 .debug_aranges
                0x000000b8       0x20 build/stm32h7xx_hal_msp.o
 .debug_aranges
                0x000000d8       0xb8 build/stm32h7xx_nucleo.o
 .debug_aranges
                0x00000190       0xf8 build/stm32h7xx_hal_cortex.o
 .debug_aranges
                0x00000288       0x88 build/stm32h7xx_hal_rcc.o
 .debug_aranges
                0x00000310       0xf8 build/stm32h7xx_hal_rcc_ex.o
 .debug_aranges
                0x00000408       0x58 build/stm32h7xx_hal_gpio.o
 .debug_aranges
                0x00000460      0x148 build/stm32h7xx_hal_pwr_ex.o
 .debug_aranges
                0x000005a8      0x1c8 build/stm32h7xx_hal.o
 .debug_aranges
                0x00000770       0x60 build/stm32h7xx_hal_exti.o
 .debug_aranges
                0x000007d0      0x248 build/stm32h7xx_hal_uart.o
 .debug_aranges
                0x00000a18       0x30 build/system_stm32h7xx.o
 .debug_aranges
                0x00000a48       0x28 build/startup_stm32h723xx.o
 .debug_aranges
                0x00000a70       0x20 /usr/lib/gcc/arm-none-eabi/13.2.1/../../../arm-none-eabi/lib/thumb/v7e-m+dp/hard/libc_nano.a(libc_a-init.o)
 .debug_aranges
                0x00000a90       0x20 /usr/lib/gcc/arm-none-eabi/13.2.1/../../../arm-none-eabi/lib/thumb/v7e-m+dp/hard/libc_nano.a(libc_a-memset.o)
 .debug_aranges
                0x00000ab0       0x20 /usr/lib/gcc/arm-none-eabi/13.2.1/thumb/v7e-m+dp/hard/libgcc.a(_aeabi_uldivmod.o)
 .debug_aranges
                0x00000ad0       0x20 /usr/lib/gcc/arm-none-eabi/13.2.1/thumb/v7e-m+dp/hard/libgcc.a(_udivmoddi4.o)
 .debug_aranges
                0x00000af0       0x20 /usr/lib/gcc/arm-none-eabi/13.2.1/thumb/v7e-m+dp/hard/libgcc.a(_dvmd_tls.o)

.debug_ranges   0x00000000      0xa68
 .debug_ranges  0x00000000       0x40 build/main.o
 .debug_ranges  0x00000040       0x58 build/stm32h7xx_it.o
 .debug_ranges  0x00000098       0x10 build/stm32h7xx_hal_msp.o
 .debug_ranges  0x000000a8       0xa8 build/stm32h7xx_nucleo.o
 .debug_ranges  0x00000150       0xe8 build/stm32h7xx_hal_cortex.o
 .debug_ranges  0x00000238       0xe8 build/stm32h7xx_hal_rcc.o
 .debug_ranges  0x00000320       0xe8 build/stm32h7xx_hal_rcc_ex.o
 .debug_ranges  0x00000408       0x48 build/stm32h7xx_hal_gpio.o
 .debug_ranges  0x00000450      0x198 build/stm32h7xx_hal_pwr_ex.o
 .debug_ranges  0x000005e8      0x1b8 build/stm32h7xx_hal.o
 .debug_ranges  0x000007a0       0x50 build/stm32h7xx_hal_exti.o
 .debug_ranges  0x000007f0      0x238 build/stm32h7xx_hal_uart.o
 .debug_ranges  0x00000a28       0x20 build/system_stm32h7xx.o
 .debug_ranges  0x00000a48       0x20 build/startup_stm32h723xx.o

.debug_line     0x00000000     0xc4af
 .debug_line    0x00000000      0x449 build/main.o
 .debug_line    0x00000449      0x189 build/stm32h7xx_it.o
 .debug_line    0x000005d2       0xcb build/stm32h7xx_hal_msp.o
 .debug_line    0x0000069d      0x68a build/stm32h7xx_nucleo.o
 .debug_line    0x00000d27      0x7a6 build/stm32h7xx_hal_cortex.o
 .debug_line    0x000014cd     0x125a build/stm32h7xx_hal_rcc.o
 .debug_line    0x00002727     0x1ddb build/stm32h7xx_hal_rcc_ex.o
 .debug_line    0x00004502      0x66e build/stm32h7xx_hal_gpio.o
 .debug_line    0x00004b70      0x9af build/stm32h7xx_hal_pwr_ex.o
 .debug_line    0x0000551f      0x8f0 build/stm32h7xx_hal.o
 .debug_line    0x00005e0f      0x82b build/stm32h7xx_hal_exti.o
 .debug_line    0x0000663a     0x5161 build/stm32h7xx_hal_uart.o
 .debug_line    0x0000b79b      0x3c0 build/system_stm32h7xx.o
 .debug_line    0x0000bb5b       0x74 build/startup_stm32h723xx.o
 .debug_line    0x0000bbcf      0x11e /usr/lib/gcc/arm-none-eabi/13.2.1/../../../arm-none-eabi/lib/thumb/v7e-m+dp/hard/libc_nano.a(libc_a-init.o)
 .debug_line    0x0000bced      0x1b6 /usr/lib/gcc/arm-none-eabi/13.2.1/../../../arm-none-eabi/lib/thumb/v7e-m+dp/hard/libc_nano.a(libc_a-memset.o)
 .debug_line    0x0000bea3       0x4e /usr/lib/gcc/arm-none-eabi/13.2.1/thumb/v7e-m+dp/hard/libgcc.a(_aeabi_uldivmod.o)
 .debug_line    0x0000bef1      0x574 /usr/lib/gcc/arm-none-eabi/13.2.1/thumb/v7e-m+dp/hard/libgcc.a(_udivmoddi4.o)
 .debug_line    0x0000c465       0x4a /usr/lib/gcc/arm-none-eabi/13.2.1/thumb/v7e-m+dp/hard/libgcc.a(_dvmd_tls.o)

.debug_str      0x00000000     0x4cf3
 .debug_str     0x00000000     0x4cf3 build/main.o
                                0x9ce (size before relaxing)
 .debug_str     0x00004cf3      0x26e build/stm32h7xx_it.o
 .debug_str     0x00004cf3      0x3cc build/stm32h7xx_hal_msp.o
 .debug_str     0x00004cf3     0x174a build/stm32h7xx_nucleo.o
 .debug_str     0x00004cf3     0x1007 build/stm32h7xx_hal_cortex.o
 .debug_str     0x00004cf3      0x980 build/stm32h7xx_hal_rcc.o
 .debug_str     0x00004cf3      0xec2 build/stm32h7xx_hal_rcc_ex.o
 .debug_str     0x00004cf3      0x6a5 build/stm32h7xx_hal_gpio.o
 .debug_str     0x00004cf3      0x984 build/stm32h7xx_hal_pwr_ex.o
 .debug_str     0x00004cf3     0x156c build/stm32h7xx_hal.o
 .debug_str     0x00004cf3      0x4f6 build/stm32h7xx_hal_exti.o
 .debug_str     0x00004cf3     0x146d build/stm32h7xx_hal_uart.o
 .debug_str     0x00004cf3      0x6ac build/system_stm32h7xx.o
 .debug_str     0x00004cf3       0x63 build/startup_stm32h723xx.o
 .debug_str     0x00004cf3      0x1fd /usr/lib/gcc/arm-none-eabi/13.2.1/../../../arm-none-eabi/lib/thumb/v7e-m+dp/hard/libc_nano.a(libc_a-init.o)
 .debug_str     0x00004cf3      0x1b0 /usr/lib/gcc/arm-none-eabi/13.2.1/../../../arm-none-eabi/lib/thumb/v7e-m+dp/hard/libc_nano.a(libc_a-memset.o)
 .debug_str     0x00004cf3       0xa3 /usr/lib/gcc/arm-none-eabi/13.2.1/thumb/v7e-m+dp/hard/libgcc.a(_aeabi_uldivmod.o)
 .debug_str     0x00004cf3      0x688 /usr/lib/gcc/arm-none-eabi/13.2.1/thumb/v7e-m+dp/hard/libgcc.a(_udivmoddi4.o)
 .debug_str     0x00004cf3       0xc3 /usr/lib/gcc/arm-none-eabi/13.2.1/thumb/v7e-m+dp/hard/libgcc.a(_dvmd_tls.o)

.debug_frame    0x00000000     0x1a08
 .debug_frame   0x00000000       0xbc build/main.o
 .debug_frame   0x000000bc       0xc0 build/stm32h7xx_it.o
 .debug_frame   0x0000017c       0x28 build/stm32h7xx_hal_msp.o
 .debug_frame   0x000001a4      0x25c build/stm32h7xx_nucleo.o
 .debug_frame   0x00000400      0x214 build/stm32h7xx_hal_cortex.o
 .debug_frame   0x00000614      0x184 build/stm32h7xx_hal_rcc.o
 .debug_frame   0x00000798      0x284 build/stm32h7xx_hal_rcc_ex.o
 .debug_frame   0x00000a1c       0xd4 build/stm32h7xx_hal_gpio.o
 .debug_frame   0x00000af0      0x2d4 build/stm32h7xx_hal_pwr_ex.o
 .debug_frame   0x00000dc4      0x3c0 build/stm32h7xx_hal.o
 .debug_frame   0x00001184      0x100 build/stm32h7xx_hal_exti.o
 .debug_frame   0x00001284      0x680 build/stm32h7xx_hal_uart.o
 .debug_frame   0x00001904       0x4c build/system_stm32h7xx.o
 .debug_frame   0x00001950       0x2c /usr/lib/gcc/arm-none-eabi/13.2.1/../../../arm-none-eabi/lib/thumb/v7e-m+dp/hard/libc_nano.a(libc_a-init.o)
 .debug_frame   0x0000197c       0x2c /usr/lib/gcc/arm-none-eabi/13.2.1/../../../arm-none-eabi/lib/thumb/v7e-m+dp/hard/libc_nano.a(libc_a-memset.o)
 .debug_frame   0x000019a8       0x2c /usr/lib/gcc/arm-none-eabi/13.2.1/thumb/v7e-m+dp/hard/libgcc.a(_aeabi_uldivmod.o)
 .debug_frame   0x000019d4       0x34 /usr/lib/gcc/arm-none-eabi/13.2.1/thumb/v7e-m+dp/hard/libgcc.a(_udivmoddi4.o)

.debug_loclists
                0x00000000      0xc0b
 .debug_loclists
                0x00000000       0x65 /usr/lib/gcc/arm-none-eabi/13.2.1/../../../arm-none-eabi/lib/thumb/v7e-m+dp/hard/libc_nano.a(libc_a-init.o)
 .debug_loclists
                0x00000065      0x1c2 /usr/lib/gcc/arm-none-eabi/13.2.1/../../../arm-none-eabi/lib/thumb/v7e-m+dp/hard/libc_nano.a(libc_a-memset.o)
 .debug_loclists
                0x00000227      0x9e4 /usr/lib/gcc/arm-none-eabi/13.2.1/thumb/v7e-m+dp/hard/libgcc.a(_udivmoddi4.o)

.debug_line_str
                0x00000000       0xa3
 .debug_line_str
                0x00000000       0xa3 /usr/lib/gcc/arm-none-eabi/13.2.1/thumb/v7e-m+dp/hard/libgcc.a(_aeabi_uldivmod.o)
                                 0x97 (size before relaxing)
 .debug_line_str
                0x000000a3       0x9b /usr/lib/gcc/arm-none-eabi/13.2.1/thumb/v7e-m+dp/hard/libgcc.a(_dvmd_tls.o)

.debug_rnglists
                0x00000000       0x84
 .debug_rnglists
                0x00000000       0x84 /usr/lib/gcc/arm-none-eabi/13.2.1/thumb/v7e-m+dp/hard/libgcc.a(_udivmoddi4.o)

Cross Reference Table

Symbol                                            File
ADC3_IRQHandler                                   build/startup_stm32h723xx.o
ADC_IRQHandler                                    build/startup_stm32h723xx.o
BDMA_Channel0_IRQHandler                          build/startup_stm32h723xx.o
BDMA_Channel1_IRQHandler                          build/startup_stm32h723xx.o
BDMA_Channel2_IRQHandler                          build/startup_stm32h723xx.o
BDMA_Channel3_IRQHandler                          build/startup_stm32h723xx.o
BDMA_Channel4_IRQHandler                          build/startup_stm32h723xx.o
BDMA_Channel5_IRQHandler                          build/startup_stm32h723xx.o
BDMA_Channel6_IRQHandler                          build/startup_stm32h723xx.o
BDMA_Channel7_IRQHandler                          build/startup_stm32h723xx.o
BSP_COM_DeInit                                    build/stm32h7xx_nucleo.o
BSP_COM_Init                                      build/stm32h7xx_nucleo.o
                                                  build/main.o
BSP_COM_SelectLogPort                             build/stm32h7xx_nucleo.o
BSP_GetVersion                                    build/stm32h7xx_nucleo.o
BSP_LED_DeInit                                    build/stm32h7xx_nucleo.o
BSP_LED_GetState                                  build/stm32h7xx_nucleo.o
BSP_LED_Init                                      build/stm32h7xx_nucleo.o
                                                  build/main.o
BSP_LED_Off                                       build/stm32h7xx_nucleo.o
BSP_LED_On                                        build/stm32h7xx_nucleo.o
BSP_LED_Toggle                                    build/stm32h7xx_nucleo.o
BSP_PB_Callback                                   build/stm32h7xx_nucleo.o
BSP_PB_DeInit                                     build/stm32h7xx_nucleo.o
BSP_PB_GetState                                   build/stm32h7xx_nucleo.o
BSP_PB_IRQHandler                                 build/stm32h7xx_nucleo.o
                                                  build/stm32h7xx_it.o
BSP_PB_Init                                       build/stm32h7xx_nucleo.o
                                                  build/main.o
BspCOMInit                                        build/main.o
BusFault_Handler                                  build/stm32h7xx_it.o
CEC_IRQHandler                                    build/startup_stm32h723xx.o
COMP1_IRQHandler                                  build/startup_stm32h723xx.o
COM_USART                                         build/stm32h7xx_nucleo.o
CORDIC_IRQHandler                                 build/startup_stm32h723xx.o
CRS_IRQHandler                                    build/startup_stm32h723xx.o
D1CorePrescTable                                  build/system_stm32h7xx.o
                                                  build/stm32h7xx_hal.o
                                                  build/stm32h7xx_hal_rcc_ex.o
                                                  build/stm32h7xx_hal_rcc.o
DCMI_PSSI_IRQHandler                              build/startup_stm32h723xx.o
DFSDM1_FLT0_IRQHandler                            build/startup_stm32h723xx.o
DFSDM1_FLT1_IRQHandler                            build/startup_stm32h723xx.o
DFSDM1_FLT2_IRQHandler                            build/startup_stm32h723xx.o
DFSDM1_FLT3_IRQHandler                            build/startup_stm32h723xx.o
DMA1_Stream0_IRQHandler                           build/startup_stm32h723xx.o
DMA1_Stream1_IRQHandler                           build/startup_stm32h723xx.o
DMA1_Stream2_IRQHandler                           build/startup_stm32h723xx.o
DMA1_Stream3_IRQHandler                           build/startup_stm32h723xx.o
DMA1_Stream4_IRQHandler                           build/startup_stm32h723xx.o
DMA1_Stream5_IRQHandler                           build/startup_stm32h723xx.o
DMA1_Stream6_IRQHandler                           build/startup_stm32h723xx.o
DMA1_Stream7_IRQHandler                           build/startup_stm32h723xx.o
DMA2D_IRQHandler                                  build/startup_stm32h723xx.o
DMA2_Stream0_IRQHandler                           build/startup_stm32h723xx.o
DMA2_Stream1_IRQHandler                           build/startup_stm32h723xx.o
DMA2_Stream2_IRQHandler                           build/startup_stm32h723xx.o
DMA2_Stream3_IRQHandler                           build/startup_stm32h723xx.o
DMA2_Stream4_IRQHandler                           build/startup_stm32h723xx.o
DMA2_Stream5_IRQHandler                           build/startup_stm32h723xx.o
DMA2_Stream6_IRQHandler                           build/startup_stm32h723xx.o
DMA2_Stream7_IRQHandler                           build/startup_stm32h723xx.o
DMAMUX1_OVR_IRQHandler                            build/startup_stm32h723xx.o
DMAMUX2_OVR_IRQHandler                            build/startup_stm32h723xx.o
DTS_IRQHandler                                    build/startup_stm32h723xx.o
DebugMon_Handler                                  build/stm32h7xx_it.o
Default_Handler                                   build/startup_stm32h723xx.o
ECC_IRQHandler                                    build/startup_stm32h723xx.o
ETH_IRQHandler                                    build/startup_stm32h723xx.o
ETH_WKUP_IRQHandler                               build/startup_stm32h723xx.o
EXTI0_IRQHandler                                  build/startup_stm32h723xx.o
EXTI15_10_IRQHandler                              build/stm32h7xx_it.o
EXTI1_IRQHandler                                  build/startup_stm32h723xx.o
EXTI2_IRQHandler                                  build/startup_stm32h723xx.o
EXTI3_IRQHandler                                  build/startup_stm32h723xx.o
EXTI4_IRQHandler                                  build/startup_stm32h723xx.o
EXTI9_5_IRQHandler                                build/startup_stm32h723xx.o
Error_Handler                                     build/main.o
ExitRun0Mode                                      build/system_stm32h7xx.o
                                                  build/startup_stm32h723xx.o
FDCAN1_IT0_IRQHandler                             build/startup_stm32h723xx.o
FDCAN1_IT1_IRQHandler                             build/startup_stm32h723xx.o
FDCAN2_IT0_IRQHandler                             build/startup_stm32h723xx.o
FDCAN2_IT1_IRQHandler                             build/startup_stm32h723xx.o
FDCAN3_IT0_IRQHandler                             build/startup_stm32h723xx.o
FDCAN3_IT1_IRQHandler                             build/startup_stm32h723xx.o
FDCAN_CAL_IRQHandler                              build/startup_stm32h723xx.o
FLASH_CRC_WaitForLastOperation                    build/stm32h7xx_hal_flash.o
                                                  build/stm32h7xx_hal_flash_ex.o
FLASH_Erase_Sector                                build/stm32h7xx_hal_flash_ex.o
                                                  build/stm32h7xx_hal_flash.o
FLASH_IRQHandler                                  build/startup_stm32h723xx.o
FLASH_OB_WaitForLastOperation                     build/stm32h7xx_hal_flash.o
                                                  build/stm32h7xx_hal_flash_ex.o
FLASH_WaitForLastOperation                        build/stm32h7xx_hal_flash.o
                                                  build/stm32h7xx_hal_flash_ex.o
FMAC_IRQHandler                                   build/startup_stm32h723xx.o
FMC_IRQHandler                                    build/startup_stm32h723xx.o
FPU_IRQHandler                                    build/startup_stm32h723xx.o
HAL_DBGMCU_DisableDBGSleepMode                    build/stm32h7xx_hal.o
HAL_DBGMCU_DisableDBGStandbyMode                  build/stm32h7xx_hal.o
HAL_DBGMCU_DisableDBGStopMode                     build/stm32h7xx_hal.o
HAL_DBGMCU_EnableDBGSleepMode                     build/stm32h7xx_hal.o
HAL_DBGMCU_EnableDBGStandbyMode                   build/stm32h7xx_hal.o
HAL_DBGMCU_EnableDBGStopMode                      build/stm32h7xx_hal.o
HAL_DMAEx_ChangeMemory                            build/stm32h7xx_hal_dma_ex.o
HAL_DMAEx_ConfigMuxRequestGenerator               build/stm32h7xx_hal_dma_ex.o
HAL_DMAEx_ConfigMuxSync                           build/stm32h7xx_hal_dma_ex.o
HAL_DMAEx_DisableMuxRequestGenerator              build/stm32h7xx_hal_dma_ex.o
HAL_DMAEx_EnableMuxRequestGenerator               build/stm32h7xx_hal_dma_ex.o
HAL_DMAEx_MUX_IRQHandler                          build/stm32h7xx_hal_dma_ex.o
HAL_DMAEx_MultiBufferStart                        build/stm32h7xx_hal_dma_ex.o
HAL_DMAEx_MultiBufferStart_IT                     build/stm32h7xx_hal_dma_ex.o
HAL_DMA_Abort                                     build/stm32h7xx_hal_dma.o
                                                  build/stm32h7xx_hal_uart.o
HAL_DMA_Abort_IT                                  build/stm32h7xx_hal_dma.o
                                                  build/stm32h7xx_hal_uart.o
                                                  build/stm32h7xx_hal_i2c.o
HAL_DMA_DeInit                                    build/stm32h7xx_hal_dma.o
HAL_DMA_GetError                                  build/stm32h7xx_hal_dma.o
                                                  build/stm32h7xx_hal_uart.o
                                                  build/stm32h7xx_hal_i2c.o
HAL_DMA_GetState                                  build/stm32h7xx_hal_dma.o
                                                  build/stm32h7xx_hal_i2c.o
HAL_DMA_IRQHandler                                build/stm32h7xx_hal_dma.o
HAL_DMA_Init                                      build/stm32h7xx_hal_dma.o
HAL_DMA_PollForTransfer                           build/stm32h7xx_hal_dma.o
HAL_DMA_RegisterCallback                          build/stm32h7xx_hal_dma.o
HAL_DMA_Start                                     build/stm32h7xx_hal_dma.o
HAL_DMA_Start_IT                                  build/stm32h7xx_hal_dma.o
                                                  build/stm32h7xx_hal_uart.o
                                                  build/stm32h7xx_hal_i2c.o
HAL_DMA_UnRegisterCallback                        build/stm32h7xx_hal_dma.o
HAL_DeInit                                        build/stm32h7xx_hal.o
HAL_Delay                                         build/stm32h7xx_hal.o
                                                  build/main.o
HAL_DisableCompensationCell                       build/stm32h7xx_hal.o
HAL_DisableDomain3DBGStandbyMode                  build/stm32h7xx_hal.o
HAL_DisableDomain3DBGStopMode                     build/stm32h7xx_hal.o
HAL_EXTI_ClearConfigLine                          build/stm32h7xx_hal_exti.o
HAL_EXTI_ClearPending                             build/stm32h7xx_hal_exti.o
HAL_EXTI_D1_ClearFlag                             build/stm32h7xx_hal.o
HAL_EXTI_D1_EventInputConfig                      build/stm32h7xx_hal.o
HAL_EXTI_D3_EventInputConfig                      build/stm32h7xx_hal.o
HAL_EXTI_EdgeConfig                               build/stm32h7xx_hal.o
HAL_EXTI_GenerateSWI                              build/stm32h7xx_hal_exti.o
HAL_EXTI_GenerateSWInterrupt                      build/stm32h7xx_hal.o
HAL_EXTI_GetConfigLine                            build/stm32h7xx_hal_exti.o
HAL_EXTI_GetHandle                                build/stm32h7xx_hal_exti.o
                                                  build/stm32h7xx_nucleo.o
HAL_EXTI_GetPending                               build/stm32h7xx_hal_exti.o
HAL_EXTI_IRQHandler                               build/stm32h7xx_hal_exti.o
                                                  build/stm32h7xx_nucleo.o
HAL_EXTI_RegisterCallback                         build/stm32h7xx_hal_exti.o
                                                  build/stm32h7xx_nucleo.o
HAL_EXTI_SetConfigLine                            build/stm32h7xx_hal_exti.o
HAL_EnableCompensationCell                        build/stm32h7xx_hal.o
HAL_EnableDomain3DBGStandbyMode                   build/stm32h7xx_hal.o
HAL_EnableDomain3DBGStopMode                      build/stm32h7xx_hal.o
HAL_FLASHEx_ComputeCRC                            build/stm32h7xx_hal_flash_ex.o
HAL_FLASHEx_Erase                                 build/stm32h7xx_hal_flash_ex.o
HAL_FLASHEx_Erase_IT                              build/stm32h7xx_hal_flash_ex.o
HAL_FLASHEx_Lock_Bank1                            build/stm32h7xx_hal_flash_ex.o
HAL_FLASHEx_OBGetConfig                           build/stm32h7xx_hal_flash_ex.o
HAL_FLASHEx_OBProgram                             build/stm32h7xx_hal_flash_ex.o
HAL_FLASHEx_Unlock_Bank1                          build/stm32h7xx_hal_flash_ex.o
HAL_FLASH_EndOfOperationCallback                  build/stm32h7xx_hal_flash.o
HAL_FLASH_GetError                                build/stm32h7xx_hal_flash.o
HAL_FLASH_IRQHandler                              build/stm32h7xx_hal_flash.o
HAL_FLASH_Lock                                    build/stm32h7xx_hal_flash.o
HAL_FLASH_OB_Launch                               build/stm32h7xx_hal_flash.o
HAL_FLASH_OB_Lock                                 build/stm32h7xx_hal_flash.o
HAL_FLASH_OB_Unlock                               build/stm32h7xx_hal_flash.o
HAL_FLASH_OperationErrorCallback                  build/stm32h7xx_hal_flash.o
HAL_FLASH_Program                                 build/stm32h7xx_hal_flash.o
HAL_FLASH_Program_IT                              build/stm32h7xx_hal_flash.o
HAL_FLASH_Unlock                                  build/stm32h7xx_hal_flash.o
HAL_GPIO_DeInit                                   build/stm32h7xx_hal_gpio.o
                                                  build/stm32h7xx_nucleo.o
HAL_GPIO_EXTI_Callback                            build/stm32h7xx_hal_gpio.o
HAL_GPIO_EXTI_IRQHandler                          build/stm32h7xx_hal_gpio.o
HAL_GPIO_Init                                     build/stm32h7xx_hal_gpio.o
                                                  build/stm32h7xx_hal_rcc.o
                                                  build/stm32h7xx_nucleo.o
HAL_GPIO_LockPin                                  build/stm32h7xx_hal_gpio.o
HAL_GPIO_ReadPin                                  build/stm32h7xx_hal_gpio.o
                                                  build/stm32h7xx_nucleo.o
HAL_GPIO_TogglePin                                build/stm32h7xx_hal_gpio.o
                                                  build/stm32h7xx_nucleo.o
                                                  build/main.o
HAL_GPIO_WritePin                                 build/stm32h7xx_hal_gpio.o
                                                  build/stm32h7xx_nucleo.o
HAL_GetCurrentCPUID                               build/stm32h7xx_hal_cortex.o
HAL_GetDEVID                                      build/stm32h7xx_hal.o
HAL_GetFMCMemorySwappingConfig                    build/stm32h7xx_hal.o
HAL_GetHalVersion                                 build/stm32h7xx_hal.o
HAL_GetREVID                                      build/stm32h7xx_hal.o
                                                  build/stm32h7xx_hal_rcc_ex.o
HAL_GetTick                                       build/stm32h7xx_hal.o
                                                  build/stm32h7xx_hal_uart.o
                                                  build/stm32h7xx_hal_uart_ex.o
                                                  build/stm32h7xx_hal_i2c.o
                                                  build/stm32h7xx_hal_pwr_ex.o
                                                  build/stm32h7xx_hal_mdma.o
                                                  build/stm32h7xx_hal_dma.o
                                                  build/stm32h7xx_hal_flash.o
                                                  build/stm32h7xx_hal_rcc_ex.o
                                                  build/stm32h7xx_hal_rcc.o
HAL_GetTickFreq                                   build/stm32h7xx_hal.o
HAL_GetTickPrio                                   build/stm32h7xx_hal.o
HAL_GetUIDw0                                      build/stm32h7xx_hal.o
HAL_GetUIDw1                                      build/stm32h7xx_hal.o
HAL_GetUIDw2                                      build/stm32h7xx_hal.o
HAL_HSEM_ActivateNotification                     build/stm32h7xx_hal_hsem.o
HAL_HSEM_DeactivateNotification                   build/stm32h7xx_hal_hsem.o
HAL_HSEM_FastTake                                 build/stm32h7xx_hal_hsem.o
HAL_HSEM_FreeCallback                             build/stm32h7xx_hal_hsem.o
HAL_HSEM_GetClearKey                              build/stm32h7xx_hal_hsem.o
HAL_HSEM_IRQHandler                               build/stm32h7xx_hal_hsem.o
HAL_HSEM_IsSemTaken                               build/stm32h7xx_hal_hsem.o
HAL_HSEM_Release                                  build/stm32h7xx_hal_hsem.o
HAL_HSEM_ReleaseAll                               build/stm32h7xx_hal_hsem.o
HAL_HSEM_SetClearKey                              build/stm32h7xx_hal_hsem.o
HAL_HSEM_Take                                     build/stm32h7xx_hal_hsem.o
HAL_HalfDuplex_EnableReceiver                     build/stm32h7xx_hal_uart.o
HAL_HalfDuplex_EnableTransmitter                  build/stm32h7xx_hal_uart.o
HAL_HalfDuplex_Init                               build/stm32h7xx_hal_uart.o
HAL_I2CEx_ConfigAnalogFilter                      build/stm32h7xx_hal_i2c_ex.o
HAL_I2CEx_ConfigDigitalFilter                     build/stm32h7xx_hal_i2c_ex.o
HAL_I2CEx_DisableFastModePlus                     build/stm32h7xx_hal_i2c_ex.o
HAL_I2CEx_DisableWakeUp                           build/stm32h7xx_hal_i2c_ex.o
HAL_I2CEx_EnableFastModePlus                      build/stm32h7xx_hal_i2c_ex.o
HAL_I2CEx_EnableWakeUp                            build/stm32h7xx_hal_i2c_ex.o
HAL_I2C_AbortCpltCallback                         build/stm32h7xx_hal_i2c.o
HAL_I2C_AddrCallback                              build/stm32h7xx_hal_i2c.o
HAL_I2C_DeInit                                    build/stm32h7xx_hal_i2c.o
HAL_I2C_DisableListen_IT                          build/stm32h7xx_hal_i2c.o
HAL_I2C_ER_IRQHandler                             build/stm32h7xx_hal_i2c.o
HAL_I2C_EV_IRQHandler                             build/stm32h7xx_hal_i2c.o
HAL_I2C_EnableListen_IT                           build/stm32h7xx_hal_i2c.o
HAL_I2C_ErrorCallback                             build/stm32h7xx_hal_i2c.o
HAL_I2C_GetError                                  build/stm32h7xx_hal_i2c.o
HAL_I2C_GetMode                                   build/stm32h7xx_hal_i2c.o
HAL_I2C_GetState                                  build/stm32h7xx_hal_i2c.o
HAL_I2C_Init                                      build/stm32h7xx_hal_i2c.o
HAL_I2C_IsDeviceReady                             build/stm32h7xx_hal_i2c.o
HAL_I2C_ListenCpltCallback                        build/stm32h7xx_hal_i2c.o
HAL_I2C_MasterRxCpltCallback                      build/stm32h7xx_hal_i2c.o
HAL_I2C_MasterTxCpltCallback                      build/stm32h7xx_hal_i2c.o
HAL_I2C_Master_Abort_IT                           build/stm32h7xx_hal_i2c.o
HAL_I2C_Master_Receive                            build/stm32h7xx_hal_i2c.o
HAL_I2C_Master_Receive_DMA                        build/stm32h7xx_hal_i2c.o
HAL_I2C_Master_Receive_IT                         build/stm32h7xx_hal_i2c.o
HAL_I2C_Master_Seq_Receive_DMA                    build/stm32h7xx_hal_i2c.o
HAL_I2C_Master_Seq_Receive_IT                     build/stm32h7xx_hal_i2c.o
HAL_I2C_Master_Seq_Transmit_DMA                   build/stm32h7xx_hal_i2c.o
HAL_I2C_Master_Seq_Transmit_IT                    build/stm32h7xx_hal_i2c.o
HAL_I2C_Master_Transmit                           build/stm32h7xx_hal_i2c.o
HAL_I2C_Master_Transmit_DMA                       build/stm32h7xx_hal_i2c.o
HAL_I2C_Master_Transmit_IT                        build/stm32h7xx_hal_i2c.o
HAL_I2C_MemRxCpltCallback                         build/stm32h7xx_hal_i2c.o
HAL_I2C_MemTxCpltCallback                         build/stm32h7xx_hal_i2c.o
HAL_I2C_Mem_Read                                  build/stm32h7xx_hal_i2c.o
HAL_I2C_Mem_Read_DMA                              build/stm32h7xx_hal_i2c.o
HAL_I2C_Mem_Read_IT                               build/stm32h7xx_hal_i2c.o
HAL_I2C_Mem_Write                                 build/stm32h7xx_hal_i2c.o
HAL_I2C_Mem_Write_DMA                             build/stm32h7xx_hal_i2c.o
HAL_I2C_Mem_Write_IT                              build/stm32h7xx_hal_i2c.o
HAL_I2C_MspDeInit                                 build/stm32h7xx_hal_i2c.o
HAL_I2C_MspInit                                   build/stm32h7xx_hal_i2c.o
HAL_I2C_SlaveRxCpltCallback                       build/stm32h7xx_hal_i2c.o
HAL_I2C_SlaveTxCpltCallback                       build/stm32h7xx_hal_i2c.o
HAL_I2C_Slave_Receive                             build/stm32h7xx_hal_i2c.o
HAL_I2C_Slave_Receive_DMA                         build/stm32h7xx_hal_i2c.o
HAL_I2C_Slave_Receive_IT                          build/stm32h7xx_hal_i2c.o
HAL_I2C_Slave_Seq_Receive_DMA                     build/stm32h7xx_hal_i2c.o
HAL_I2C_Slave_Seq_Receive_IT                      build/stm32h7xx_hal_i2c.o
HAL_I2C_Slave_Seq_Transmit_DMA                    build/stm32h7xx_hal_i2c.o
HAL_I2C_Slave_Seq_Transmit_IT                     build/stm32h7xx_hal_i2c.o
HAL_I2C_Slave_Transmit                            build/stm32h7xx_hal_i2c.o
HAL_I2C_Slave_Transmit_DMA                        build/stm32h7xx_hal_i2c.o
HAL_I2C_Slave_Transmit_IT                         build/stm32h7xx_hal_i2c.o
HAL_IncTick                                       build/stm32h7xx_hal.o
                                                  build/stm32h7xx_it.o
HAL_Init                                          build/stm32h7xx_hal.o
                                                  build/main.o
HAL_InitTick                                      build/stm32h7xx_hal.o
                                                  build/stm32h7xx_hal_rcc.o
HAL_LIN_Init                                      build/stm32h7xx_hal_uart.o
HAL_LIN_SendBreak                                 build/stm32h7xx_hal_uart.o
HAL_MDMA_Abort                                    build/stm32h7xx_hal_mdma.o
HAL_MDMA_Abort_IT                                 build/stm32h7xx_hal_mdma.o
HAL_MDMA_ConfigPostRequestMask                    build/stm32h7xx_hal_mdma.o
HAL_MDMA_DeInit                                   build/stm32h7xx_hal_mdma.o
HAL_MDMA_GenerateSWRequest                        build/stm32h7xx_hal_mdma.o
HAL_MDMA_GetError                                 build/stm32h7xx_hal_mdma.o
HAL_MDMA_GetState                                 build/stm32h7xx_hal_mdma.o
HAL_MDMA_IRQHandler                               build/stm32h7xx_hal_mdma.o
HAL_MDMA_Init                                     build/stm32h7xx_hal_mdma.o
HAL_MDMA_LinkedList_AddNode                       build/stm32h7xx_hal_mdma.o
HAL_MDMA_LinkedList_CreateNode                    build/stm32h7xx_hal_mdma.o
HAL_MDMA_LinkedList_DisableCircularMode           build/stm32h7xx_hal_mdma.o
HAL_MDMA_LinkedList_EnableCircularMode            build/stm32h7xx_hal_mdma.o
HAL_MDMA_LinkedList_RemoveNode                    build/stm32h7xx_hal_mdma.o
HAL_MDMA_PollForTransfer                          build/stm32h7xx_hal_mdma.o
HAL_MDMA_RegisterCallback                         build/stm32h7xx_hal_mdma.o
HAL_MDMA_Start                                    build/stm32h7xx_hal_mdma.o
HAL_MDMA_Start_IT                                 build/stm32h7xx_hal_mdma.o
HAL_MDMA_UnRegisterCallback                       build/stm32h7xx_hal_mdma.o
HAL_MPU_ConfigRegion                              build/stm32h7xx_hal_cortex.o
                                                  build/main.o
HAL_MPU_Disable                                   build/stm32h7xx_hal_cortex.o
                                                  build/main.o
HAL_MPU_DisableRegion                             build/stm32h7xx_hal_cortex.o
HAL_MPU_Enable                                    build/stm32h7xx_hal_cortex.o
                                                  build/main.o
HAL_MPU_EnableRegion                              build/stm32h7xx_hal_cortex.o
HAL_MspDeInit                                     build/stm32h7xx_hal.o
HAL_MspInit                                       build/stm32h7xx_hal_msp.o
HAL_MultiProcessorEx_AddressLength_Set            build/stm32h7xx_hal_uart_ex.o
HAL_MultiProcessor_DisableMuteMode                build/stm32h7xx_hal_uart.o
HAL_MultiProcessor_EnableMuteMode                 build/stm32h7xx_hal_uart.o
HAL_MultiProcessor_EnterMuteMode                  build/stm32h7xx_hal_uart.o
HAL_MultiProcessor_Init                           build/stm32h7xx_hal_uart.o
HAL_NVIC_ClearPendingIRQ                          build/stm32h7xx_hal_cortex.o
HAL_NVIC_DisableIRQ                               build/stm32h7xx_hal_cortex.o
                                                  build/stm32h7xx_nucleo.o
HAL_NVIC_EnableIRQ                                build/stm32h7xx_hal_cortex.o
                                                  build/stm32h7xx_nucleo.o
HAL_NVIC_GetActive                                build/stm32h7xx_hal_cortex.o
HAL_NVIC_GetPendingIRQ                            build/stm32h7xx_hal_cortex.o
HAL_NVIC_GetPriority                              build/stm32h7xx_hal_cortex.o
HAL_NVIC_GetPriorityGrouping                      build/stm32h7xx_hal_cortex.o
HAL_NVIC_SetPendingIRQ                            build/stm32h7xx_hal_cortex.o
HAL_NVIC_SetPriority                              build/stm32h7xx_hal_cortex.o
                                                  build/stm32h7xx_hal.o
                                                  build/stm32h7xx_nucleo.o
HAL_NVIC_SetPriorityGrouping                      build/stm32h7xx_hal_cortex.o
                                                  build/stm32h7xx_hal.o
HAL_NVIC_SystemReset                              build/stm32h7xx_hal_cortex.o
HAL_PWREx_AVDCallback                             build/stm32h7xx_hal_pwr_ex.o
HAL_PWREx_ClearPendingEvent                       build/stm32h7xx_hal_pwr_ex.o
HAL_PWREx_ClearWakeupFlag                         build/stm32h7xx_hal_pwr_ex.o
HAL_PWREx_ConfigAVD                               build/stm32h7xx_hal_pwr_ex.o
HAL_PWREx_ConfigD3Domain                          build/stm32h7xx_hal_pwr_ex.o
HAL_PWREx_ConfigSupply                            build/stm32h7xx_hal_pwr_ex.o
                                                  build/main.o
HAL_PWREx_ControlStopModeVoltageScaling           build/stm32h7xx_hal_pwr_ex.o
HAL_PWREx_ControlVoltageScaling                   build/stm32h7xx_hal_pwr_ex.o
HAL_PWREx_DisableAVD                              build/stm32h7xx_hal_pwr_ex.o
HAL_PWREx_DisableBatteryCharging                  build/stm32h7xx_hal_pwr_ex.o
HAL_PWREx_DisableBkUpReg                          build/stm32h7xx_hal_pwr_ex.o
HAL_PWREx_DisableFlashPowerDown                   build/stm32h7xx_hal_pwr_ex.o
HAL_PWREx_DisableMonitoring                       build/stm32h7xx_hal_pwr_ex.o
HAL_PWREx_DisableUSBReg                           build/stm32h7xx_hal_pwr_ex.o
HAL_PWREx_DisableUSBVoltageDetector               build/stm32h7xx_hal_pwr_ex.o
HAL_PWREx_DisableWakeUpPin                        build/stm32h7xx_hal_pwr_ex.o
HAL_PWREx_EnableAVD                               build/stm32h7xx_hal_pwr_ex.o
HAL_PWREx_EnableBatteryCharging                   build/stm32h7xx_hal_pwr_ex.o
HAL_PWREx_EnableBkUpReg                           build/stm32h7xx_hal_pwr_ex.o
HAL_PWREx_EnableFlashPowerDown                    build/stm32h7xx_hal_pwr_ex.o
HAL_PWREx_EnableMonitoring                        build/stm32h7xx_hal_pwr_ex.o
HAL_PWREx_EnableUSBReg                            build/stm32h7xx_hal_pwr_ex.o
HAL_PWREx_EnableUSBVoltageDetector                build/stm32h7xx_hal_pwr_ex.o
HAL_PWREx_EnableWakeUpPin                         build/stm32h7xx_hal_pwr_ex.o
HAL_PWREx_EnterSTANDBYMode                        build/stm32h7xx_hal_pwr_ex.o
HAL_PWREx_EnterSTOPMode                           build/stm32h7xx_hal_pwr_ex.o
HAL_PWREx_GetStopModeVoltageRange                 build/stm32h7xx_hal_pwr_ex.o
HAL_PWREx_GetSupplyConfig                         build/stm32h7xx_hal_pwr_ex.o
HAL_PWREx_GetTemperatureLevel                     build/stm32h7xx_hal_pwr_ex.o
HAL_PWREx_GetVBATLevel                            build/stm32h7xx_hal_pwr_ex.o
HAL_PWREx_GetVoltageRange                         build/stm32h7xx_hal_pwr_ex.o
HAL_PWREx_GetWakeupFlag                           build/stm32h7xx_hal_pwr_ex.o
HAL_PWREx_PVD_AVD_IRQHandler                      build/stm32h7xx_hal_pwr_ex.o
HAL_PWREx_WAKEUP_PIN_IRQHandler                   build/stm32h7xx_hal_pwr_ex.o
HAL_PWREx_WKUP1_Callback                          build/stm32h7xx_hal_pwr_ex.o
HAL_PWREx_WKUP2_Callback                          build/stm32h7xx_hal_pwr_ex.o
HAL_PWREx_WKUP4_Callback                          build/stm32h7xx_hal_pwr_ex.o
HAL_PWREx_WKUP6_Callback                          build/stm32h7xx_hal_pwr_ex.o
HAL_PWR_ConfigPVD                                 build/stm32h7xx_hal_pwr.o
HAL_PWR_DeInit                                    build/stm32h7xx_hal_pwr.o
HAL_PWR_DisableBkUpAccess                         build/stm32h7xx_hal_pwr.o
HAL_PWR_DisablePVD                                build/stm32h7xx_hal_pwr.o
HAL_PWR_DisableSEVOnPend                          build/stm32h7xx_hal_pwr.o
HAL_PWR_DisableSleepOnExit                        build/stm32h7xx_hal_pwr.o
HAL_PWR_DisableWakeUpPin                          build/stm32h7xx_hal_pwr.o
HAL_PWR_EnableBkUpAccess                          build/stm32h7xx_hal_pwr.o
HAL_PWR_EnablePVD                                 build/stm32h7xx_hal_pwr.o
HAL_PWR_EnableSEVOnPend                           build/stm32h7xx_hal_pwr.o
HAL_PWR_EnableSleepOnExit                         build/stm32h7xx_hal_pwr.o
HAL_PWR_EnableWakeUpPin                           build/stm32h7xx_hal_pwr.o
HAL_PWR_EnterSLEEPMode                            build/stm32h7xx_hal_pwr.o
HAL_PWR_EnterSTANDBYMode                          build/stm32h7xx_hal_pwr.o
HAL_PWR_EnterSTOPMode                             build/stm32h7xx_hal_pwr.o
HAL_PWR_PVDCallback                               build/stm32h7xx_hal_pwr.o
                                                  build/stm32h7xx_hal_pwr_ex.o
HAL_PWR_PVD_IRQHandler                            build/stm32h7xx_hal_pwr.o
HAL_RCCEx_CRSConfig                               build/stm32h7xx_hal_rcc_ex.o
HAL_RCCEx_CRSGetSynchronizationInfo               build/stm32h7xx_hal_rcc_ex.o
HAL_RCCEx_CRSSoftwareSynchronizationGenerate      build/stm32h7xx_hal_rcc_ex.o
HAL_RCCEx_CRSWaitSynchronization                  build/stm32h7xx_hal_rcc_ex.o
HAL_RCCEx_CRS_ErrorCallback                       build/stm32h7xx_hal_rcc_ex.o
HAL_RCCEx_CRS_ExpectedSyncCallback                build/stm32h7xx_hal_rcc_ex.o
HAL_RCCEx_CRS_IRQHandler                          build/stm32h7xx_hal_rcc_ex.o
HAL_RCCEx_CRS_SyncOkCallback                      build/stm32h7xx_hal_rcc_ex.o
HAL_RCCEx_CRS_SyncWarnCallback                    build/stm32h7xx_hal_rcc_ex.o
HAL_RCCEx_DisableLSECSS                           build/stm32h7xx_hal_rcc_ex.o
HAL_RCCEx_EnableLSECSS                            build/stm32h7xx_hal_rcc_ex.o
HAL_RCCEx_EnableLSECSS_IT                         build/stm32h7xx_hal_rcc_ex.o
HAL_RCCEx_GetD1PCLK1Freq                          build/stm32h7xx_hal_rcc_ex.o
HAL_RCCEx_GetD1SysClockFreq                       build/stm32h7xx_hal_rcc_ex.o
HAL_RCCEx_GetD3PCLK1Freq                          build/stm32h7xx_hal_rcc_ex.o
                                                  build/stm32h7xx_hal_uart.o
HAL_RCCEx_GetPLL1ClockFreq                        build/stm32h7xx_hal_rcc_ex.o
HAL_RCCEx_GetPLL2ClockFreq                        build/stm32h7xx_hal_rcc_ex.o
                                                  build/stm32h7xx_hal_uart.o
HAL_RCCEx_GetPLL3ClockFreq                        build/stm32h7xx_hal_rcc_ex.o
                                                  build/stm32h7xx_hal_uart.o
HAL_RCCEx_GetPeriphCLKConfig                      build/stm32h7xx_hal_rcc_ex.o
HAL_RCCEx_GetPeriphCLKFreq                        build/stm32h7xx_hal_rcc_ex.o
HAL_RCCEx_KerWakeUpStopCLKConfig                  build/stm32h7xx_hal_rcc_ex.o
HAL_RCCEx_LSECSS_Callback                         build/stm32h7xx_hal_rcc_ex.o
HAL_RCCEx_LSECSS_IRQHandler                       build/stm32h7xx_hal_rcc_ex.o
HAL_RCCEx_PeriphCLKConfig                         build/stm32h7xx_hal_rcc_ex.o
HAL_RCCEx_WWDGxSysResetConfig                     build/stm32h7xx_hal_rcc_ex.o
HAL_RCCEx_WakeUpStopCLKConfig                     build/stm32h7xx_hal_rcc_ex.o
HAL_RCC_CSSCallback                               build/stm32h7xx_hal_rcc.o
HAL_RCC_ClockConfig                               build/stm32h7xx_hal_rcc.o
                                                  build/main.o
HAL_RCC_DeInit                                    build/stm32h7xx_hal_rcc.o
HAL_RCC_DisableCSS                                build/stm32h7xx_hal_rcc.o
HAL_RCC_EnableCSS                                 build/stm32h7xx_hal_rcc.o
HAL_RCC_GetClockConfig                            build/stm32h7xx_hal_rcc.o
HAL_RCC_GetHCLKFreq                               build/stm32h7xx_hal_rcc.o
                                                  build/stm32h7xx_hal_rcc_ex.o
HAL_RCC_GetOscConfig                              build/stm32h7xx_hal_rcc.o
HAL_RCC_GetPCLK1Freq                              build/stm32h7xx_hal_rcc.o
                                                  build/stm32h7xx_hal_uart.o
                                                  build/stm32h7xx_hal_rcc_ex.o
HAL_RCC_GetPCLK2Freq                              build/stm32h7xx_hal_rcc.o
                                                  build/stm32h7xx_hal_uart.o
HAL_RCC_GetSysClockFreq                           build/stm32h7xx_hal_rcc.o
                                                  build/stm32h7xx_hal.o
                                                  build/stm32h7xx_hal_rcc_ex.o
HAL_RCC_MCOConfig                                 build/stm32h7xx_hal_rcc.o
HAL_RCC_NMI_IRQHandler                            build/stm32h7xx_hal_rcc.o
HAL_RCC_OscConfig                                 build/stm32h7xx_hal_rcc.o
                                                  build/main.o
HAL_RS485Ex_Init                                  build/stm32h7xx_hal_uart_ex.o
HAL_ResumeTick                                    build/stm32h7xx_hal.o
HAL_SYSCFG_ADC2ALT_Rout0Config                    build/stm32h7xx_hal.o
HAL_SYSCFG_ADC2ALT_Rout1Config                    build/stm32h7xx_hal.o
HAL_SYSCFG_AnalogSwitchConfig                     build/stm32h7xx_hal.o
HAL_SYSCFG_CM7BootAddConfig                       build/stm32h7xx_hal.o
HAL_SYSCFG_CompensationCodeConfig                 build/stm32h7xx_hal.o
HAL_SYSCFG_CompensationCodeSelect                 build/stm32h7xx_hal.o
HAL_SYSCFG_DisableBOOST                           build/stm32h7xx_hal.o
HAL_SYSCFG_DisableIOSpeedOptimize                 build/stm32h7xx_hal.o
HAL_SYSCFG_DisableVREFBUF                         build/stm32h7xx_hal.o
HAL_SYSCFG_ETHInterfaceSelect                     build/stm32h7xx_hal.o
HAL_SYSCFG_EnableBOOST                            build/stm32h7xx_hal.o
HAL_SYSCFG_EnableIOSpeedOptimize                  build/stm32h7xx_hal.o
HAL_SYSCFG_EnableVREFBUF                          build/stm32h7xx_hal.o
HAL_SYSCFG_VREFBUF_HighImpedanceConfig            build/stm32h7xx_hal.o
HAL_SYSCFG_VREFBUF_TrimmingConfig                 build/stm32h7xx_hal.o
HAL_SYSCFG_VREFBUF_VoltageScalingConfig           build/stm32h7xx_hal.o
HAL_SYSTICK_CLKSourceConfig                       build/stm32h7xx_hal_cortex.o
HAL_SYSTICK_Callback                              build/stm32h7xx_hal_cortex.o
HAL_SYSTICK_Config                                build/stm32h7xx_hal_cortex.o
                                                  build/stm32h7xx_hal.o
HAL_SYSTICK_IRQHandler                            build/stm32h7xx_hal_cortex.o
HAL_SetFMCMemorySwappingConfig                    build/stm32h7xx_hal.o
HAL_SetTickFreq                                   build/stm32h7xx_hal.o
HAL_SuspendTick                                   build/stm32h7xx_hal.o
HAL_UARTEx_DisableFifoMode                        build/stm32h7xx_hal_uart_ex.o
HAL_UARTEx_DisableStopMode                        build/stm32h7xx_hal_uart_ex.o
HAL_UARTEx_EnableFifoMode                         build/stm32h7xx_hal_uart_ex.o
HAL_UARTEx_EnableStopMode                         build/stm32h7xx_hal_uart_ex.o
HAL_UARTEx_GetRxEventType                         build/stm32h7xx_hal_uart_ex.o
HAL_UARTEx_ReceiveToIdle                          build/stm32h7xx_hal_uart_ex.o
HAL_UARTEx_ReceiveToIdle_DMA                      build/stm32h7xx_hal_uart_ex.o
HAL_UARTEx_ReceiveToIdle_IT                       build/stm32h7xx_hal_uart_ex.o
HAL_UARTEx_RxEventCallback                        build/stm32h7xx_hal_uart.o
HAL_UARTEx_RxFifoFullCallback                     build/stm32h7xx_hal_uart_ex.o
                                                  build/stm32h7xx_hal_uart.o
HAL_UARTEx_SetRxFifoThreshold                     build/stm32h7xx_hal_uart_ex.o
HAL_UARTEx_SetTxFifoThreshold                     build/stm32h7xx_hal_uart_ex.o
HAL_UARTEx_StopModeWakeUpSourceConfig             build/stm32h7xx_hal_uart_ex.o
HAL_UARTEx_TxFifoEmptyCallback                    build/stm32h7xx_hal_uart_ex.o
                                                  build/stm32h7xx_hal_uart.o
HAL_UARTEx_WakeupCallback                         build/stm32h7xx_hal_uart_ex.o
                                                  build/stm32h7xx_hal_uart.o
HAL_UART_Abort                                    build/stm32h7xx_hal_uart.o
HAL_UART_AbortCpltCallback                        build/stm32h7xx_hal_uart.o
HAL_UART_AbortReceive                             build/stm32h7xx_hal_uart.o
HAL_UART_AbortReceiveCpltCallback                 build/stm32h7xx_hal_uart.o
HAL_UART_AbortReceive_IT                          build/stm32h7xx_hal_uart.o
HAL_UART_AbortTransmit                            build/stm32h7xx_hal_uart.o
HAL_UART_AbortTransmitCpltCallback                build/stm32h7xx_hal_uart.o
HAL_UART_AbortTransmit_IT                         build/stm32h7xx_hal_uart.o
HAL_UART_Abort_IT                                 build/stm32h7xx_hal_uart.o
HAL_UART_DMAPause                                 build/stm32h7xx_hal_uart.o
HAL_UART_DMAResume                                build/stm32h7xx_hal_uart.o
HAL_UART_DMAStop                                  build/stm32h7xx_hal_uart.o
HAL_UART_DeInit                                   build/stm32h7xx_hal_uart.o
                                                  build/stm32h7xx_nucleo.o
HAL_UART_DisableReceiverTimeout                   build/stm32h7xx_hal_uart.o
HAL_UART_EnableReceiverTimeout                    build/stm32h7xx_hal_uart.o
HAL_UART_ErrorCallback                            build/stm32h7xx_hal_uart.o
HAL_UART_GetError                                 build/stm32h7xx_hal_uart.o
HAL_UART_GetState                                 build/stm32h7xx_hal_uart.o
HAL_UART_IRQHandler                               build/stm32h7xx_hal_uart.o
HAL_UART_Init                                     build/stm32h7xx_hal_uart.o
                                                  build/stm32h7xx_nucleo.o
HAL_UART_MspDeInit                                build/stm32h7xx_hal_uart.o
HAL_UART_MspInit                                  build/stm32h7xx_hal_uart.o
                                                  build/stm32h7xx_hal_uart_ex.o
HAL_UART_Receive                                  build/stm32h7xx_hal_uart.o
HAL_UART_Receive_DMA                              build/stm32h7xx_hal_uart.o
HAL_UART_Receive_IT                               build/stm32h7xx_hal_uart.o
HAL_UART_ReceiverTimeout_Config                   build/stm32h7xx_hal_uart.o
HAL_UART_RxCpltCallback                           build/stm32h7xx_hal_uart.o
HAL_UART_RxHalfCpltCallback                       build/stm32h7xx_hal_uart.o
HAL_UART_Transmit                                 build/stm32h7xx_hal_uart.o
                                                  build/stm32h7xx_nucleo.o
HAL_UART_Transmit_DMA                             build/stm32h7xx_hal_uart.o
HAL_UART_Transmit_IT                              build/stm32h7xx_hal_uart.o
HAL_UART_TxCpltCallback                           build/stm32h7xx_hal_uart.o
HAL_UART_TxHalfCpltCallback                       build/stm32h7xx_hal_uart.o
HSEM1_IRQHandler                                  build/startup_stm32h723xx.o
HardFault_Handler                                 build/stm32h7xx_it.o
I2C1_ER_IRQHandler                                build/startup_stm32h723xx.o
I2C1_EV_IRQHandler                                build/startup_stm32h723xx.o
I2C2_ER_IRQHandler                                build/startup_stm32h723xx.o
I2C2_EV_IRQHandler                                build/startup_stm32h723xx.o
I2C3_ER_IRQHandler                                build/startup_stm32h723xx.o
I2C3_EV_IRQHandler                                build/startup_stm32h723xx.o
I2C4_ER_IRQHandler                                build/startup_stm32h723xx.o
I2C4_EV_IRQHandler                                build/startup_stm32h723xx.o
I2C5_ER_IRQHandler                                build/startup_stm32h723xx.o
I2C5_EV_IRQHandler                                build/startup_stm32h723xx.o
LPTIM1_IRQHandler                                 build/startup_stm32h723xx.o
LPTIM2_IRQHandler                                 build/startup_stm32h723xx.o
LPTIM3_IRQHandler                                 build/startup_stm32h723xx.o
LPTIM4_IRQHandler                                 build/startup_stm32h723xx.o
LPTIM5_IRQHandler                                 build/startup_stm32h723xx.o
LPUART1_IRQHandler                                build/startup_stm32h723xx.o
LTDC_ER_IRQHandler                                build/startup_stm32h723xx.o
LTDC_IRQHandler                                   build/startup_stm32h723xx.o
MDIOS_IRQHandler                                  build/startup_stm32h723xx.o
MDIOS_WKUP_IRQHandler                             build/startup_stm32h723xx.o
MDMA_IRQHandler                                   build/startup_stm32h723xx.o
MX_USART3_Init                                    build/stm32h7xx_nucleo.o
MemManage_Handler                                 build/stm32h7xx_it.o
NMI_Handler                                       build/stm32h7xx_it.o
OCTOSPI1_IRQHandler                               build/startup_stm32h723xx.o
OCTOSPI2_IRQHandler                               build/startup_stm32h723xx.o
OTG_HS_EP1_IN_IRQHandler                          build/startup_stm32h723xx.o
OTG_HS_EP1_OUT_IRQHandler                         build/startup_stm32h723xx.o
OTG_HS_IRQHandler                                 build/startup_stm32h723xx.o
OTG_HS_WKUP_IRQHandler                            build/startup_stm32h723xx.o
PVD_AVD_IRQHandler                                build/startup_stm32h723xx.o
PendSV_Handler                                    build/stm32h7xx_it.o
RCC_IRQHandler                                    build/startup_stm32h723xx.o
RNG_IRQHandler                                    build/startup_stm32h723xx.o
RTC_Alarm_IRQHandler                              build/startup_stm32h723xx.o
RTC_WKUP_IRQHandler                               build/startup_stm32h723xx.o
Reset_Handler                                     build/startup_stm32h723xx.o
SAI1_IRQHandler                                   build/startup_stm32h723xx.o
SAI4_IRQHandler                                   build/startup_stm32h723xx.o
SDMMC1_IRQHandler                                 build/startup_stm32h723xx.o
SDMMC2_IRQHandler                                 build/startup_stm32h723xx.o
SPDIF_RX_IRQHandler                               build/startup_stm32h723xx.o
SPI1_IRQHandler                                   build/startup_stm32h723xx.o
SPI2_IRQHandler                                   build/startup_stm32h723xx.o
SPI3_IRQHandler                                   build/startup_stm32h723xx.o
SPI4_IRQHandler                                   build/startup_stm32h723xx.o
SPI5_IRQHandler                                   build/startup_stm32h723xx.o
SPI6_IRQHandler                                   build/startup_stm32h723xx.o
SVC_Handler                                       build/stm32h7xx_it.o
SWPMI1_IRQHandler                                 build/startup_stm32h723xx.o
SysTick_Handler                                   build/stm32h7xx_it.o
SystemClock_Config                                build/main.o
SystemCoreClock                                   build/system_stm32h7xx.o
                                                  build/stm32h7xx_hal.o
                                                  build/stm32h7xx_hal_mdma.o
                                                  build/stm32h7xx_hal_dma.o
                                                  build/stm32h7xx_hal_rcc_ex.o
                                                  build/stm32h7xx_hal_rcc.o
SystemCoreClockUpdate                             build/system_stm32h7xx.o
SystemD2Clock                                     build/system_stm32h7xx.o
                                                  build/stm32h7xx_hal.o
                                                  build/stm32h7xx_hal_rcc_ex.o
                                                  build/stm32h7xx_hal_rcc.o
SystemInit                                        build/system_stm32h7xx.o
                                                  build/startup_stm32h723xx.o
TAMP_STAMP_IRQHandler                             build/startup_stm32h723xx.o
TIM15_IRQHandler                                  build/startup_stm32h723xx.o
TIM16_IRQHandler                                  build/startup_stm32h723xx.o
TIM17_IRQHandler                                  build/startup_stm32h723xx.o
TIM1_BRK_IRQHandler                               build/startup_stm32h723xx.o
TIM1_CC_IRQHandler                                build/startup_stm32h723xx.o
TIM1_TRG_COM_IRQHandler                           build/startup_stm32h723xx.o
TIM1_UP_IRQHandler                                build/startup_stm32h723xx.o
TIM23_IRQHandler                                  build/startup_stm32h723xx.o
TIM24_IRQHandler                                  build/startup_stm32h723xx.o
TIM2_IRQHandler                                   build/startup_stm32h723xx.o
TIM3_IRQHandler                                   build/startup_stm32h723xx.o
TIM4_IRQHandler                                   build/startup_stm32h723xx.o
TIM5_IRQHandler                                   build/startup_stm32h723xx.o
TIM6_DAC_IRQHandler                               build/startup_stm32h723xx.o
TIM7_IRQHandler                                   build/startup_stm32h723xx.o
TIM8_BRK_TIM12_IRQHandler                         build/startup_stm32h723xx.o
TIM8_CC_IRQHandler                                build/startup_stm32h723xx.o
TIM8_TRG_COM_TIM14_IRQHandler                     build/startup_stm32h723xx.o
TIM8_UP_TIM13_IRQHandler                          build/startup_stm32h723xx.o
UART4_IRQHandler                                  build/startup_stm32h723xx.o
UART5_IRQHandler                                  build/startup_stm32h723xx.o
UART7_IRQHandler                                  build/startup_stm32h723xx.o
UART8_IRQHandler                                  build/startup_stm32h723xx.o
UART9_IRQHandler                                  build/startup_stm32h723xx.o
UARTPrescTable                                    build/stm32h7xx_hal_uart.o
UART_AdvFeatureConfig                             build/stm32h7xx_hal_uart.o
                                                  build/stm32h7xx_hal_uart_ex.o
UART_CheckIdleState                               build/stm32h7xx_hal_uart.o
                                                  build/stm32h7xx_hal_uart_ex.o
UART_SetConfig                                    build/stm32h7xx_hal_uart.o
                                                  build/stm32h7xx_hal_uart_ex.o
UART_Start_Receive_DMA                            build/stm32h7xx_hal_uart.o
                                                  build/stm32h7xx_hal_uart_ex.o
UART_Start_Receive_IT                             build/stm32h7xx_hal_uart.o
                                                  build/stm32h7xx_hal_uart_ex.o
UART_WaitOnFlagUntilTimeout                       build/stm32h7xx_hal_uart.o
                                                  build/stm32h7xx_hal_uart_ex.o
USART10_IRQHandler                                build/startup_stm32h723xx.o
USART1_IRQHandler                                 build/startup_stm32h723xx.o
USART2_IRQHandler                                 build/startup_stm32h723xx.o